Archive member included to satisfy reference by file (symbol)

C:/devkitPro/libnds/lib\libnds9.a(background.o)
                              main.o (bgInit_call)
C:/devkitPro/libnds/lib\libnds9.a(console.o)
                              sub_ui.o (consoleSelect)
C:/devkitPro/libnds/lib\libnds9.a(exceptionDefault.o)
                              main.o (defaultExceptionHandler)
C:/devkitPro/libnds/lib\libnds9.a(gurumeditation.o)
                              C:/devkitPro/libnds/lib\libnds9.a(exceptionDefault.o) (guruMeditationDump)
C:/devkitPro/libnds/lib\libnds9.a(keys.o)
                              input.o (scanKeys)
C:/devkitPro/libnds/lib\libnds9.a(sound.o)
                              audio_stream.o (soundPlaySample)
C:/devkitPro/libnds/lib\libnds9.a(system.o)
                              main.o (powerOn)
C:/devkitPro/libnds/lib\libnds9.a(trig.o)
                              C:/devkitPro/libnds/lib\libnds9.a(background.o) (sinLerp)
C:/devkitPro/libnds/lib\libnds9.a(exceptionEntry.o)
                              C:/devkitPro/libnds/lib\libnds9.a(exceptionDefault.o) (__libnds_excpt)
C:/devkitPro/libnds/lib\libnds9.a(default_font.bin.o)
                              C:/devkitPro/libnds/lib\libnds9.a(console.o) (default_font_bin)
C:/devkitPro/calico/lib\libcalico_ds9.a(irq.o)
                              main.o (irqSet)
C:/devkitPro/calico/lib\libcalico_ds9.a(thread_cold.o)
                              main.o (threadIrqWait)
C:/devkitPro/calico/lib\libcalico_ds9.a(thread_hot.32.o)
                              C:/devkitPro/libnds/lib\libnds9.a(exceptionDefault.o) (__sched_state)
C:/devkitPro/calico/lib\libcalico_ds9.a(dietprint.o)
                              C:/devkitPro/libnds/lib\libnds9.a(exceptionDefault.o) (g_dietPrintFn)
C:/devkitPro/calico/lib\libcalico_ds9.a(arm-copy-fill.32.o)
                              C:/devkitPro/calico/lib\libcalico_ds9.a(thread_cold.o) (armCopyMem32)
C:/devkitPro/calico/lib\libcalico_ds9.a(arm-context.32.o)
                              C:/devkitPro/calico/lib\libcalico_ds9.a(thread_cold.o) (armContextSave)
C:/devkitPro/calico/lib\libcalico_ds9.a(arm-shims.32.o)
                              C:/devkitPro/calico/lib\libcalico_ds9.a(thread_cold.o) (armWaitForIrq)
C:/devkitPro/calico/lib\libcalico_ds9.a(arm-cache.32.o)
                              audio_stream.o (armDCacheFlush)
C:/devkitPro/calico/lib\libcalico_ds9.a(keypad.o)
                              C:/devkitPro/libnds/lib\libnds9.a(keys.o) (keypadGetState)
C:/devkitPro/calico/lib\libcalico_ds9.a(netbuf.o)
                              nifi_net.o (netbufAlloc)
C:/devkitPro/calico/lib\libcalico_ds9.a(bootstub_arm9.o)
                              (__ds9_bootstub)
C:/devkitPro/calico/lib\libcalico_ds9.a(excpt_handler.32.o)
                              C:/devkitPro/calico/lib\libcalico_ds9.a(bootstub_arm9.o) (__arm_excpt_rst)
C:/devkitPro/calico/lib\libcalico_ds9.a(pm_arm9.o)
                              C:/devkitPro/libnds/lib\libnds9.a(sound.o) (pmMicSetAmp)
C:/devkitPro/calico/lib\libcalico_ds9.a(touch.o)
                              input.o (touchRead)
C:/devkitPro/calico/lib\libcalico_ds9.a(sound.o)
                              C:/devkitPro/libnds/lib\libnds9.a(sound.o) (soundInit)
C:/devkitPro/calico/lib\libcalico_ds9.a(mic.o)
                              C:/devkitPro/libnds/lib\libnds9.a(sound.o) (micInit)
C:/devkitPro/calico/lib\libcalico_ds9.a(wlmgr.o)
                              nifi_net.o (wlmgrInit)
C:/devkitPro/calico/lib\libcalico_ds9.a(tick.o)
                              C:/devkitPro/calico/lib\libcalico_ds9.a(thread_cold.o) (tickTaskStart)
C:/devkitPro/calico/lib\libcalico_ds9.a(mailbox.o)
                              C:/devkitPro/calico/lib\libcalico_ds9.a(wlmgr.o) (mailboxTrySend)
C:/devkitPro/calico/lib\libcalico_ds9.a(newlib_syscalls.o)
                              C:/devkitPro/calico/lib\libcalico_ds9.a(bootstub_arm9.o) (__newlib_syscalls)
C:/devkitPro/calico/lib\libcalico_ds9.a(startup.crt0.o)
                              C:/devkitPro/calico/lib\libcalico_ds9.a(bootstub_arm9.o) (crt0Startup)
C:/devkitPro/calico/lib\libcalico_ds9.a(utils.crt0.o)
                              C:/devkitPro/calico/lib\libcalico_ds9.a(startup.crt0.o) (crt0CopyMem32)
C:/devkitPro/calico/lib\libcalico_ds9.a(irq_handler.32.o)
                              C:/devkitPro/calico/lib\libcalico_ds9.a(bootstub_arm9.o) (__arm_excpt_irq)
C:/devkitPro/calico/lib\libcalico_ds9.a(pxi.o)
                              C:/devkitPro/calico/lib\libcalico_ds9.a(startup.crt0.o) (_pxiInit)
C:/devkitPro/calico/lib\libcalico_ds9.a(smutex.32.o)
                              C:/devkitPro/calico/lib\libcalico_ds9.a(netbuf.o) (smutexLock)
C:/devkitPro/calico/lib\libcalico_ds9.a(mpu_setup.crt0.o)
                              C:/devkitPro/calico/lib\libcalico_ds9.a(startup.crt0.o) (crt0SetupMPU)
C:/devkitPro/calico/lib\libcalico_ds9.a(sys_startup.o)
[...]
Memory Configuration

Name             Origin             Length             Attributes
lma9             0x02004000         0x0027c000
lma9i            0x02400000         0x00280000
vectors          0x00000000         0x00000020
itcm             0x01ff8020         0x00007fe0
main             0x02001000         0x00f7f000
dtcm             0x02ff0000         0x00003e80
dldi             0x0380b000         0x00004000
stub             0x0e000000         0x00004000
tls              0x00000000         0x00000400
*default*        0x00000000         0xffffffff

Linker script and memory map

                0x00000000                        __sync_synchronize = __sync_synchronize_none
LOAD C:/devkitPro/devkitARM/bin/../lib/gcc/arm-none-eabi/15.1.0/thumb/crti.o
LOAD C:/devkitPro/devkitARM/bin/../lib/gcc/arm-none-eabi/15.1.0/thumb/crtbegin.o
LOAD audio_stream.o
LOAD config.o
LOAD hmac_auth.o
LOAD input.o
LOAD keyboard_ui.o
LOAD main.o
LOAD nifi_net.o
LOAD sha256_soft.o
LOAD sub_ui.o
LOAD video_decode.o
LOAD C:/devkitPro/libnds/lib\libdswifi9.a
LOAD C:/devkitPro/libnds/lib\libnds9.a
LOAD C:/devkitPro/calico/lib\libcalico_ds9.a
START GROUP
LOAD C:/devkitPro/devkitARM/bin/../lib/gcc/arm-none-eabi/15.1.0/thumb\libgcc.a
LOAD C:/devkitPro/devkitARM/bin/../lib/gcc/arm-none-eabi/15.1.0/../../../../arm-none-eabi/lib/thumb\libg.a
LOAD C:/devkitPro/devkitARM/bin/../lib/gcc/arm-none-eabi/15.1.0/../../../../arm-none-eabi/lib/thumb\libc.a
LOAD C:/devkitPro/devkitARM/bin/../lib/gcc/arm-none-eabi/15.1.0/../../../../arm-none-eabi/lib/thumb\libsysbase.a
END GROUP
LOAD C:/devkitPro/devkitARM/bin/../lib/gcc/arm-none-eabi/15.1.0/thumb/crtend.o
LOAD C:/devkitPro/devkitARM/bin/../lib/gcc/arm-none-eabi/15.1.0/thumb/crtn.o
                0x02ff3e80                        PROVIDE (__sp_usr = (ORIGIN (dtcm) + LENGTH (dtcm)))
                0x02ff3f80                        PROVIDE (__sp_irq = (__sp_usr + 0x100))
                0x02ff3fc0                        PROVIDE (__sp_svc = (__sp_irq + 0x40))
                0x02ff3ff8                        PROVIDE (__irq_flags = (__sp_svc + 0x38))
                [!provide]                        PROVIDE (__irq_vector = (__sp_svc + 0x3c))
                [!provide]                        PROVIDE (__arm_excpt_rst = 0xffff0000)
                [!provide]                        PROVIDE (__arm_excpt_und = 0xffff0004)
                0xffff0008                        PROVIDE (__arm_excpt_svc = 0xffff0008)
                [!provide]                        PROVIDE (__arm_excpt_pabt = 0xffff000c)
                [!provide]                        PROVIDE (__arm_excpt_dabt = 0xffff0010)
                [!provide]                        PROVIDE (__arm_excpt_irq = 0xffff0018)
                [!provide]                        PROVIDE (__arm_excpt_fiq = 0xffff001c)
                0x00000000                        PROVIDE (__end__ = 0x0)

.secure         0x0e000000      0x800 load address 0x02004000
                0x0e0007fc                        . = (. + 0x7fc)
 *fill*         0x0e000000      0x7fc 00000000
                0x0e0007fc        0x4 LONG 0x0

.bootstub       0x0e000800      0x198 load address 0x02004800
 *(.bootstub .bootstub.*)
 .bootstub.__ds9_bootstub
                0x0e000800      0x198 C:/devkitPro/calico/lib\libcalico_ds9.a(bootstub_arm9.o)
                0x0e000800                __ds9_bootstub
                0x0e000998                        . = ALIGN (0x4)

.crt0           0x02001000      0x3c0 load address 0x02004998
 *(.crt0 .crt0.*)
 .crt0.__ds9_bootstub_trampoline
                0x02001000       0x60 C:/devkitPro/calico/lib\libcalico_ds9.a(bootstub_arm9.o)
 *.crt0.*(.text .stub .text.* .gnu.linkonce.t.*)
 .text.crt0ProcessLoadList
                0x02001060       0x74 C:/devkitPro/calico/lib\libcalico_ds9.a(startup.crt0.o)
                0x02001060                crt0ProcessLoadList
 .text.crt0Startup
                0x020010d4      0x180 C:/devkitPro/calico/lib\libcalico_ds9.a(startup.crt0.o)
                0x020010d4                crt0Startup
 .text.crt0CopyMem32
                0x02001254       0x4c C:/devkitPro/calico/lib\libcalico_ds9.a(utils.crt0.o)
                0x02001254                crt0CopyMem32
 .text.crt0FillMem32
                0x020012a0       0x58 C:/devkitPro/calico/lib\libcalico_ds9.a(utils.crt0.o)
                0x020012a0                crt0FillMem32
 .text.crt0SetupMPU
                0x020012f8       0xb4 C:/devkitPro/calico/lib\libcalico_ds9.a(mpu_setup.crt0.o)
                0x020012f8                crt0SetupMPU
 *.crt0.*(.glue_7t .glue_7 .vfp11_veneer .v4_bx)
 *.crt0.*(.rodata .rodata.* .gnu.linkonce.r.*)
 *.crt0.*(.rodata1)
                0x020013c0                        . = ALIGN (0x20)
 *fill*         0x020013ac       0x14 ff
                0x02004998                        PROVIDE (__crt0_lma = LOADADDR (.crt0))
                0x02001000                        PROVIDE (__crt0_start = ADDR (.crt0))
                0x020013c0                        PROVIDE (__crt0_end = (ADDR (.crt0) + SIZEOF (.crt0)))
                0x00000001                        ASSERT (((__crt0_end <= LOADADDR (.bootstub)) || (__crt0_start >= (LOADADDR (.bootstub) + SIZEOF (.bootstub)))), Error: crt0 section overlaps initial bootstrap)

.dldi           0x0380b000        0x0 load address 0x02004d58
 *(.dldi)
                0x00000000                        PROVIDE (__dldi_lma = SIZEOF (.dldi)?LOADADDR (.dldi):0x0)

.vectors        0x00000000       0x20 load address 0x02004d58
 *(.vectors)
 .vectors       0x00000000       0x20 C:/devkitPro/calico/lib\libcalico_ds9.a(bootstub_arm9.o)

.itcm           0x01ff8020      0x8bc load address 0x02004d78
 *(.itcm .itcm.*)
 .itcm          0x01ff8020       0x30 C:/devkitPro/calico/lib\libcalico_ds9.a(bootstub_arm9.o)
                0x01ff8038                __excpt_vectors
 *.itcm.*(.text .stub .text.* .gnu.linkonce.t.*)
 *.32.o(.text .stub .text.* .gnu.linkonce.t.*)
 .text.threadReschedule
                0x01ff8050       0x88 C:/devkitPro/calico/lib\libcalico_ds9.a(thread_hot.32.o)
 .text.threadBlock
                0x01ff80d8       0xd8 C:/devkitPro/calico/lib\libcalico_ds9.a(thread_hot.32.o)
                0x01ff80d8                threadBlock
 .text.threadUnblockOneByValue
                0x01ff81b0       0xc0 C:/devkitPro/calico/lib\libcalico_ds9.a(thread_hot.32.o)
                0x01ff81b0                threadUnblockOneByValue
 .text.threadUnblockAllByValue
                0x01ff8270      0x130 C:/devkitPro/calico/lib\libcalico_ds9.a(thread_hot.32.o)
                0x01ff8270                threadUnblockAllByValue
 .text.threadUnblockAllByMask
                0x01ff83a0      0x134 C:/devkitPro/calico/lib\libcalico_ds9.a(thread_hot.32.o)
                0x01ff83a0                threadUnblockAllByMask
 .text.armCopyMem32
                0x01ff84d4       0x4c C:/devkitPro/calico/lib\libcalico_ds9.a(arm-copy-fill.32.o)
                0x01ff84d4                armCopyMem32
 .text.armFillMem32
                0x01ff8520       0x58 C:/devkitPro/calico/lib\libcalico_ds9.a(arm-copy-fill.32.o)
                0x01ff8520                armFillMem32
 .text.armContextSave
                0x01ff8578       0x2c C:/devkitPro/calico/lib\libcalico_ds9.a(arm-context.32.o)
                0x01ff8578                armContextSave
 .text.armContextLoad
                0x01ff85a4       0x20 C:/devkitPro/calico/lib\libcalico_ds9.a(arm-context.32.o)
                0x01ff85a4                armContextLoad
                0x01ff85a8                armContextLoadFromSvc
 .text.armWaitForIrq
                0x01ff85c4        0x8 C:/devkitPro/calico/lib\libcalico_ds9.a(arm-shims.32.o)
                0x01ff85c4                armWaitForIrq
 .text.armDrainWriteBuffer
                0x01ff85cc        0xc C:/devkitPro/calico/lib\libcalico_ds9.a(arm-cache.32.o)
                0x01ff85cc                armDrainWriteBuffer
 .text.armDCacheFlushAll
                0x01ff85d8       0x28 C:/devkitPro/calico/lib\libcalico_ds9.a(arm-cache.32.o)
                0x01ff85d8                armDCacheFlushAll
 .text.armDCacheFlush
                0x01ff8600       0x1c C:/devkitPro/calico/lib\libcalico_ds9.a(arm-cache.32.o)
                0x01ff8600                armDCacheFlush
 .text.armDCacheInvalidate
                0x01ff861c       0x1c C:/devkitPro/calico/lib\libcalico_ds9.a(arm-cache.32.o)
                0x01ff861c                armDCacheInvalidate
 .text.armICacheInvalidateAll
                0x01ff8638        0xc C:/devkitPro/calico/lib\libcalico_ds9.a(arm-cache.32.o)
                0x01ff8638                armICacheInvalidateAll
 .text.__excpt_entry
                0x01ff8644       0x50 C:/devkitPro/calico/lib\libcalico_ds9.a(excpt_handler.32.o)
                0x01ff8644                __arm_excpt_rst
                0x01ff8648                __arm_excpt_pabt
                0x01ff864c                __arm_excpt_und
                0x01ff8658                __arm_excpt_dabt
 .text.__arm_excpt_irq
                0x01ff8694       0xe4 C:/devkitPro/calico/lib\libcalico_ds9.a(irq_handler.32.o)
                0x01ff8694                __arm_excpt_irq
 .text.smutexLock
                0x01ff8778       0xbc C:/devkitPro/calico/lib\libcalico_ds9.a(smutex.32.o)
                0x01ff8778                smutexLock
 .text.smutexUnlock
                0x01ff8834       0xa8 C:/devkitPro/calico/lib\libcalico_ds9.a(smutex.32.o)
                0x01ff8834                smutexUnlock
 *.itcm.*(.glue_7t .glue_7 .vfp11_veneer .v4_bx)
 *.32.o(.glue_7t .glue_7 .vfp11_veneer .v4_bx)
 *.itcm.*(.rodata .rodata.* .gnu.linkonce.r.*)
 *.32.o(.rodata .rodata.* .gnu.linkonce.r.*)
 *.itcm.*(.rodata1)
 *.32.o(.rodata1)
                0x01ff88dc                        . = ALIGN (0x4)
                0x02004d58                        PROVIDE (__itcm_lma = LOADADDR (.vectors))
                0x01ff8000                        PROVIDE (__itcm_start = (ADDR (.itcm) - SIZEOF (.vectors)))
                0x01ff88dc                        PROVIDE (__itcm_end = (ADDR (.itcm) + SIZEOF (.itcm)))
                0x00000001                        ASSERT (((__itcm_lma + SIZEOF (.vectors)) == LOADADDR (.itcm)), Error: gap between vectors and itcm)

.dtcm           0x02ff0000        0x0 load address 0x02005634
 *(.dtcm .dtcm.*)
 *.32.o(.data .data.* .gnu.linkonce.d.*)
 *.32.o(.data1)
                0x02ff0000                        . = ALIGN (0x4)
                [!provide]                        PROVIDE (__dtcm_lma = LOADADDR (.dtcm))
                0x02ff0000                        PROVIDE (__dtcm_start = ADDR (.dtcm))
                0x02ff0000                        PROVIDE (__dtcm_end = (ADDR (.dtcm) + SIZEOF (.dtcm)))

.dtcm.bss       0x02ff0000       0xa0 load address 0x02005634
 *(.sbss .sbss.*)
 *.32.o(.dynbss)
 *.32.o(.bss .bss.* .gnu.linkonce.b.*)
 .bss.__irq_table
                0x02ff0000       0x80 C:/devkitPro/calico/lib\libcalico_ds9.a(thread_hot.32.o)
                0x02ff0000                __irq_table
 .bss.__sched_state
                0x02ff0080       0x18 C:/devkitPro/calico/lib\libcalico_ds9.a(thread_hot.32.o)
                0x02ff0080                __sched_state
 .bss.s_smutexWaitList
                0x02ff0098        0x8 C:/devkitPro/calico/lib\libcalico_ds9.a(smutex.32.o)
 *.32.o(COMMON)
                0x02ff00a0                        . = ALIGN (0x4)
                [!provide]                        PROVIDE (__dtcm_bss_start = ADDR (.dtcm.bss))
                0x02ff00a0                        PROVIDE (__dtcm_bss_end = (ADDR (.dtcm.bss) + SIZEOF (.dtcm.bss)))

.main           0x020013c0    0x161b4 load address 0x02005634
 *(SORT_NONE(.init))
 .init          0x020013c0        0x4 C:/devkitPro/devkitARM/bin/../lib/gcc/arm-none-eabi/15.1.0/thumb/crti.o
                0x020013c0                _init
 .init          0x020013c4        0x8 C:/devkitPro/devkitARM/bin/../lib/gcc/arm-none-eabi/15.1.0/thumb/crtn.o
 EXCLUDE_FILE(*.twl.*) *(.text.unlikely .text.*_unlikely .text.unlikely.*)
 EXCLUDE_FILE(*.twl.*) *(.text.exit .text.exit.*)
 .text.exit     0x020013cc       0x24 C:/devkitPro/devkitARM/bin/../lib/gcc/arm-none-eabi/15.1.0/../../../../arm-none-eabi/lib/thumb\libg.a(libc_a-exit.o)
                0x020013cc                exit
 EXCLUDE_FILE(*.twl.*) *(.text.startup .text.startup.*)
 .text.startup.main
                0x020013f0       0xb0 main.o
                0x020013f0                main
 .text.startup._soundEnsureInit
                0x020014a0        0xc C:/devkitPro/libnds/lib\libnds9.a(sound.o)
 EXCLUDE_FILE(*.twl.*) *(.text.hot .text.hot.*)
 EXCLUDE_FILE(*.twl.*) *(.text .iplt .stub .text.* .gnu.linkonce.t.*)
 .text.__do_global_dtors_aux
                0x020014ac       0x2c C:/devkitPro/devkitARM/bin/../lib/gcc/arm-none-eabi/15.1.0/thumb/crtbegin.o
 .text.frame_dummy
                0x020014d8       0x24 C:/devkitPro/devkitARM/bin/../lib/gcc/arm-none-eabi/15.1.0/thumb/crtbegin.o
 .iplt          0x020014fc        0x0 C:/devkitPro/devkitARM/bin/../lib/gcc/arm-none-eabi/15.1.0/thumb/crtbegin.o
 .text.dsrd_audio_init
                0x020014fc       0x50 audio_stream.o
                0x020014fc                dsrd_audio_init
 .text.dsrd_audio_push_chunk
                0x0200154c       0xe8 audio_stream.o
                0x0200154c                dsrd_audio_push_chunk
 .text.dsrd_config_init
                0x02001634       0x10 config.o
                0x02001634                dsrd_config_init
 .text.dsrd_hmac_init
                0x02001644        0xc hmac_auth.o
                0x02001644                dsrd_hmac_init
 .text.dsrd_hmac_sign
                0x02001650       0xf0 hmac_auth.o
                0x02001650                dsrd_hmac_sign
 .text.dsrd_input_init
                0x02001740       0x14 input.o
                0x02001740                dsrd_input_init
 .text.dsrd_input_poll
                0x02001754      0x110 input.o
                0x02001754                dsrd_input_poll
 .text.dsrd_input_fill_telemetry
                0x02001864       0x10 input.o
                0x02001864                dsrd_input_fill_telemetry
 .text.dsrd_keyboard_init
                0x02001874        0x4 keyboard_ui.o
                0x02001874                dsrd_keyboard_init
 .text.vblank_handler
                0x02001878        0xc main.o
 .text.nifi_raw_send.constprop.0
                0x02001884       0x8c nifi_net.o
 .text.nifi_rx_callback
                0x02001910      0x1bc nifi_net.o
 .text.dsrd_nifi_init
                0x02001acc       0x5c nifi_net.o
                0x02001acc                dsrd_nifi_init
 .text.dsrd_nifi_poll
                0x02001b28      0x17c nifi_net.o
                0x02001b28                dsrd_nifi_poll
 .text.dsrd_nifi_send_telemetry
                0x02001ca4       0x64 nifi_net.o
                0x02001ca4                dsrd_nifi_send_telemetry
 .text.dsrd_nifi_send_congestion
                0x02001d08       0x88 nifi_net.o
                0x02001d08                dsrd_nifi_send_congestion
 .text.sha256_transform
                0x02001d90      0x1b8 sha256_soft.o
 .text.sha256_init
                0x02001f48       0x4c sha256_soft.o
                0x02001f48                sha256_init
 .text.sha256_update
                0x02001f94       0xb0 sha256_soft.o
                0x02001f94                sha256_update
 .text.sha256_final
                0x02002044       0xc8 sha256_soft.o
                0x02002044                sha256_final
 .text.draw_trackpad_ui
                0x0200210c       0x78 sub_ui.o
 .text.draw_keyboard
                0x02002184      0x144 sub_ui.o
 .text.draw_remap_overlay
                0x020022c8      0x29c sub_ui.o
 .text.sub_ui_init
                0x02002564       0xa4 sub_ui.o
                0x02002564                sub_ui_init
 .text.sub_ui_update
                0x02002608       0x98 sub_ui.o
                0x02002608                sub_ui_update
 .text.sub_ui_process_touch
                0x020026a0      0x2e4 sub_ui.o
                0x020026a0                sub_ui_process_touch
 .text.sub_ui_get_key
                0x02002984       0x10 sub_ui.o
                0x02002984                sub_ui_get_key
 .text.sub_ui_get_remap_table
                0x02002994       0x18 sub_ui.o
                0x02002994                sub_ui_get_remap_table
 .text.dsrd_video_init
                0x020029ac       0x2c video_decode.o
                0x020029ac                dsrd_video_init
 .text.dsrd_video_process
                0x020029d8       0x5c video_decode.o
                0x020029d8                dsrd_video_process
 .text.dsrd_video_decode_keyframe
                0x02002a34       0xc4 video_decode.o
                0x02002a34                dsrd_video_decode_keyframe
 .text.dsrd_video_decode_delta
                0x02002af8       0x5c video_decode.o
                0x02002af8                dsrd_video_decode_delta
 .text.checkIfText
                0x02002b54       0x6c C:/devkitPro/libnds/lib\libnds9.a(background.o)
                0x02002b54                checkIfText
 .text.bgUpdate
                0x02002bc0       0xe8 C:/devkitPro/libnds/lib\libnds9.a(background.o)
                0x02002bc0                bgUpdate
 .text.bgInit_call
                0x02002ca8       0xa8 C:/devkitPro/libnds/lib\libnds9.a(background.o)
                0x02002ca8                bgInit_call
 .text.bgInitSub_call
                0x02002d50       0xb0 C:/devkitPro/libnds/lib\libnds9.a(background.o)
                0x02002d50                bgInitSub_call
 .text.newRow   0x02002e00       0xe0 C:/devkitPro/libnds/lib\libnds9.a(console.o)
 .text.consoleSelect
                0x02002ee0       0x10 C:/devkitPro/libnds/lib\libnds9.a(console.o)
                0x02002ee0                consoleSelect
 .text.consolePrintChar
                0x02002ef0       0xe0 C:/devkitPro/libnds/lib\libnds9.a(console.o)
                0x02002ef0                consolePrintChar
 .text.con_write
                0x02002fd0      0x344 C:/devkitPro/libnds/lib\libnds9.a(console.o)
                0x02002fd0                con_write
 .text.consoleLoadFont
                0x02003314      0x2e8 C:/devkitPro/libnds/lib\libnds9.a(console.o)
                0x02003314                consoleLoadFont
 .text.consoleInit
                0x020035fc      0x170 C:/devkitPro/libnds/lib\libnds9.a(console.o)
                0x020035fc                consoleInit
 .text.consoleDemoInit
                0x0200376c       0x40 C:/devkitPro/libnds/lib\libnds9.a(console.o)
                0x0200376c                consoleDemoInit
 .text.consoleClear
                0x020037ac       0x10 C:/devkitPro/libnds/lib\libnds9.a(console.o)
                0x020037ac                consoleClear
 .text.defaultHandler
                0x020037bc       0x6c C:/devkitPro/libnds/lib\libnds9.a(exceptionDefault.o)
 .text.excptPrint
                0x02003828       0x38 C:/devkitPro/libnds/lib\libnds9.a(exceptionDefault.o)
 .text.defaultExceptionHandler
                0x02003860       0x20 C:/devkitPro/libnds/lib\libnds9.a(exceptionDefault.o)
                0x02003860                defaultExceptionHandler
 .text.ARMShift
                0x02003880       0x74 C:/devkitPro/libnds/lib\libnds9.a(gurumeditation.o)
 .text.getExceptionAddress
                0x020038f4      0x198 C:/devkitPro/libnds/lib\libnds9.a(gurumeditation.o)
                0x020038f4                getExceptionAddress
 .text.guruMeditationDump
                0x02003a8c      0x108 C:/devkitPro/libnds/lib\libnds9.a(gurumeditation.o)
                0x02003a8c                guruMeditationDump
 .text.scanKeys
                0x02003b94       0x6c C:/devkitPro/libnds/lib\libnds9.a(keys.o)
                0x02003b94                scanKeys
 .text.keysHeld
                0x02003c00        0xc C:/devkitPro/libnds/lib\libnds9.a(keys.o)
                0x02003c00                keysHeld
 .text.keysDown
                0x02003c0c       0x10 C:/devkitPro/libnds/lib\libnds9.a(keys.o)
                0x02003c0c                keysDown
 .text.soundPlaySample
                0x02003c1c       0x8c C:/devkitPro/libnds/lib\libnds9.a(sound.o)
                0x02003c1c                soundPlaySample
 .text.powerOn  0x02003ca8       0x18 C:/devkitPro/libnds/lib\libnds9.a(system.o)
                0x02003ca8                powerOn
 .text.sinLutLookup
                0x02003cc0       0x4c C:/devkitPro/libnds/lib\libnds9.a(trig.o)
                0x02003cc0                sinLutLookup
 .text.sinLerp  0x02003d0c       0x38 C:/devkitPro/libnds/lib\libnds9.a(trig.o)
                0x02003d0c                sinLerp
 .text.cosLerp  0x02003d44       0x44 C:/devkitPro/libnds/lib\libnds9.a(trig.o)
                0x02003d44                cosLerp
 .text.__libnds_excpt
                0x02003d88       0xf8 C:/devkitPro/libnds/lib\libnds9.a(exceptionEntry.o)
                0x02003d88                __libnds_excpt
 .text.irqSet   0x02003e80       0x64 C:/devkitPro/calico/lib\libcalico_ds9.a(irq.o)
                0x02003e80                irqSet
 .text.threadExit
                0x02003ee4       0x9c C:/devkitPro/calico/lib\libcalico_ds9.a(thread_cold.o)
                0x02003ee4                threadExit
 .text._threadTickTask
                0x02003f80       0x10 C:/devkitPro/calico/lib\libcalico_ds9.a(thread_cold.o)
 .text._threadInit
                0x02003f90       0x98 C:/devkitPro/calico/lib\libcalico_ds9.a(thread_cold.o)
                0x02003f90                _threadInit
 .text.threadPrepare
                0x02004028       0xa4 C:/devkitPro/calico/lib\libcalico_ds9.a(thread_cold.o)
                0x02004028                threadPrepare
 .text.threadAttachLocalStorage
                0x020040cc      0x120 C:/devkitPro/calico/lib\libcalico_ds9.a(thread_cold.o)
                0x020040cc                threadAttachLocalStorage
 .text.threadStart
                0x020041ec       0xc8 C:/devkitPro/calico/lib\libcalico_ds9.a(thread_cold.o)
                0x020041ec                threadStart
 .text.threadIrqWait
                0x020042b4       0xa0 C:/devkitPro/calico/lib\libcalico_ds9.a(thread_cold.o)
                0x020042b4                threadIrqWait
 .text.threadSleepTicks
                0x02004354       0x58 C:/devkitPro/calico/lib\libcalico_ds9.a(thread_cold.o)
                0x02004354                threadSleepTicks
 .text._dietPrintDefaultFunc
                0x020043ac        0x4 C:/devkitPro/calico/lib\libcalico_ds9.a(dietprint.o)
 .text._dietOutput
                0x020043b0       0x3c C:/devkitPro/calico/lib\libcalico_ds9.a(dietprint.o)
 .text._dietPrintDec32
                0x020043ec      0x110 C:/devkitPro/calico/lib\libcalico_ds9.a(dietprint.o)
 .text._dietPrintHex32
                0x020044fc      0x170 C:/devkitPro/calico/lib\libcalico_ds9.a(dietprint.o)
 .text.dietPrintV
                0x0200466c      0x4b8 C:/devkitPro/calico/lib\libcalico_ds9.a(dietprint.o)
                0x0200466c                dietPrintV
 .text.dietPrint
                0x02004b24       0x18 C:/devkitPro/calico/lib\libcalico_ds9.a(dietprint.o)
                0x02004b24                dietPrint
 .text.keypadGetState
                0x02004b3c       0x28 C:/devkitPro/calico/lib\libcalico_ds9.a(keypad.o)
                0x02004b3c                keypadGetState
 .text._netbufPoolInit
                0x02004b64       0xf8 C:/devkitPro/calico/lib\libcalico_ds9.a(netbuf.o)
 .text._netbufPrvInitPools
                0x02004c5c       0x68 C:/devkitPro/calico/lib\libcalico_ds9.a(netbuf.o)
                0x02004c5c                _netbufPrvInitPools
 .text.netbufAlloc
                0x02004cc4       0xd8 C:/devkitPro/calico/lib\libcalico_ds9.a(netbuf.o)
                0x02004cc4                netbufAlloc
 .text.netbufFlush
                0x02004d9c        0xc C:/devkitPro/calico/lib\libcalico_ds9.a(netbuf.o)
                0x02004d9c                netbufFlush
 .text.netbufFree
                0x02004da8       0xa4 C:/devkitPro/calico/lib\libcalico_ds9.a(netbuf.o)
                0x02004da8                netbufFree
 .text.touchRead
                0x02004e4c       0x58 C:/devkitPro/calico/lib\libcalico_ds9.a(touch.o)
                0x02004e4c                touchRead
 .text._soundPxiCheckCredits
                0x02004ea4       0x70 C:/devkitPro/calico/lib\libcalico_ds9.a(sound.o)
 .text._soundPxiHandler
                0x02004f14       0x3c C:/devkitPro/calico/lib\libcalico_ds9.a(sound.o)
 .text.soundInit
                0x02004f50       0x64 C:/devkitPro/calico/lib\libcalico_ds9.a(sound.o)
                0x02004f50                soundInit
 .text.soundSetPower
                0x02004fb4       0x28 C:/devkitPro/calico/lib\libcalico_ds9.a(sound.o)
                0x02004fb4                soundSetPower
 .text.soundGetActiveChannels
                0x02004fdc       0x58 C:/devkitPro/calico/lib\libcalico_ds9.a(sound.o)
                0x02004fdc                soundGetActiveChannels
 .text.soundPreparePcm
                0x02005034       0xe8 C:/devkitPro/calico/lib\libcalico_ds9.a(sound.o)
                0x02005034                soundPreparePcm
 .text.soundStop
                0x0200511c       0x2c C:/devkitPro/calico/lib\libcalico_ds9.a(sound.o)
                0x0200511c                soundStop
 .text.micInit  0x02005148        0x8 C:/devkitPro/calico/lib\libcalico_ds9.a(mic.o)
                0x02005148                micInit
 .text._wlmgrThreadMain
                0x02005150      0x124 C:/devkitPro/calico/lib\libcalico_ds9.a(wlmgr.o)
 .text._wlmgrRxPxiHandler
                0x02005274       0x44 C:/devkitPro/calico/lib\libcalico_ds9.a(wlmgr.o)
 .text.wlmgrInit
                0x020052b8      0x178 C:/devkitPro/calico/lib\libcalico_ds9.a(wlmgr.o)
                0x020052b8                wlmgrInit
 .text.wlmgrStart
                0x02005430       0x1c C:/devkitPro/calico/lib\libcalico_ds9.a(wlmgr.o)
                0x02005430                wlmgrStart
 .text.wlmgrSetRawRxHandler
                0x0200544c       0x28 C:/devkitPro/calico/lib\libcalico_ds9.a(wlmgr.o)
                0x0200544c                wlmgrSetRawRxHandler
 .text.wlmgrRawTx
                0x02005474       0x30 C:/devkitPro/calico/lib\libcalico_ds9.a(wlmgr.o)
                0x02005474                wlmgrRawTx
 .text._tickCountIsr
                0x020054a4       0x1c C:/devkitPro/calico/lib\libcalico_ds9.a(tick.o)
 .text._tickTaskSchedule.part.0.isra.0
                0x020054c0       0x84 C:/devkitPro/calico/lib\libcalico_ds9.a(tick.o)
 .text.tickInit
                0x02005544       0xa0 C:/devkitPro/calico/lib\libcalico_ds9.a(tick.o)
                0x02005544                tickInit
 .text.tickGetCount
                0x020055e4       0x5c C:/devkitPro/calico/lib\libcalico_ds9.a(tick.o)
                0x020055e4                tickGetCount
 .text._tickTaskIsr
                0x02005640      0x110 C:/devkitPro/calico/lib\libcalico_ds9.a(tick.o)
 .text.tickTaskStart
                0x02005750      0x144 C:/devkitPro/calico/lib\libcalico_ds9.a(tick.o)
                0x02005750                tickTaskStart
 .text.mailboxTrySend
                0x02005894       0x98 C:/devkitPro/calico/lib\libcalico_ds9.a(mailbox.o)
                0x02005894                mailboxTrySend
 .text.mailboxRecv
                0x0200592c       0x98 C:/devkitPro/calico/lib\libcalico_ds9.a(mailbox.o)
                0x0200592c                mailboxRecv
 .text.__syscall_getreent
                0x020059c4       0x14 C:/devkitPro/calico/lib\libcalico_ds9.a(newlib_syscalls.o)
                0x020059c4                __syscall_getreent
 .text.__errno  0x020059d8       0x24 C:/devkitPro/calico/lib\libcalico_ds9.a(newlib_syscalls.o)
                0x020059d8                __errno
 .text.__syscall_lock_acquire
                0x020059fc        0x4 C:/devkitPro/calico/lib\libcalico_ds9.a(newlib_syscalls.o)
                0x020059fc                __syscall_lock_acquire
 .text.__syscall_lock_release
                0x02005a00        0x4 C:/devkitPro/calico/lib\libcalico_ds9.a(newlib_syscalls.o)
                0x02005a00                __syscall_lock_release
 .text.__syscall_lock_acquire_recursive
                0x02005a04       0x4c C:/devkitPro/calico/lib\libcalico_ds9.a(newlib_syscalls.o)
                0x02005a04                __syscall_lock_acquire_recursive
 .text.__syscall_lock_release_recursive
                0x02005a50       0x18 C:/devkitPro/calico/lib\libcalico_ds9.a(newlib_syscalls.o)
                0x02005a50                __syscall_lock_release_recursive
 .text._pxiMailboxHandler
                0x02005a68        0x4 C:/devkitPro/calico/lib\libcalico_ds9.a(pxi.o)
 .text._pxiRecvUnhandled
                0x02005a6c        0x4 C:/devkitPro/calico/lib\libcalico_ds9.a(pxi.o)
                0x02005a6c                _pxiRecvUnhandled
 .text._pxiRecvIrqHandler
                0x02005a70      0x154 C:/devkitPro/calico/lib\libcalico_ds9.a(pxi.o)
 .text._pxiInit
                0x02005bc4       0x58 C:/devkitPro/calico/lib\libcalico_ds9.a(pxi.o)
                0x02005bc4                _pxiInit
 .text.pxiWaitForPing
                0x02005c1c        0xc C:/devkitPro/calico/lib\libcalico_ds9.a(pxi.o)
                0x02005c1c                pxiWaitForPing
 .text.pxiSetHandler
                0x02005c28       0x74 C:/devkitPro/calico/lib\libcalico_ds9.a(pxi.o)
                0x02005c28                pxiSetHandler
 .text.pxiSetMailbox
                0x02005c9c       0x68 C:/devkitPro/calico/lib\libcalico_ds9.a(pxi.o)
                0x02005c9c                pxiSetMailbox
 .text.pxiWaitRemote
                0x02005d04       0x38 C:/devkitPro/calico/lib\libcalico_ds9.a(pxi.o)
                0x02005d04                pxiWaitRemote
 .text.pxiSendPacket
                0x02005d3c       0x50 C:/devkitPro/calico/lib\libcalico_ds9.a(pxi.o)
                0x02005d3c                pxiSendPacket
 .text.pxiSendExtPacket
                0x02005d8c       0x98 C:/devkitPro/calico/lib\libcalico_ds9.a(pxi.o)
                0x02005d8c                pxiSendExtPacket
 .text.pxiBeginReceive
                0x02005e24       0x2c C:/devkitPro/calico/lib\libcalico_ds9.a(pxi.o)
                0x02005e24                pxiBeginReceive
 .text.pxiEndReceive
                0x02005e50       0xac C:/devkitPro/calico/lib\libcalico_ds9.a(pxi.o)
                0x02005e50                pxiEndReceive
 .text.systemUserStartup
                0x02005efc        0x4 C:/devkitPro/calico/lib\libcalico_ds9.a(sys_startup.o)
                0x02005efc                systemUserStartup
 .text.systemStartup
                0x02005f00      0x104 C:/devkitPro/calico/lib\libcalico_ds9.a(sys_startup.o)
                0x02005f00                systemStartup
 .text.threadUpdateDynamicPrio
                0x02006004      0x1cc C:/devkitPro/calico/lib\libcalico_ds9.a(mutex.o)
 .text.threadRemoveWaiter
                0x020061d0      0x1c8 C:/devkitPro/calico/lib\libcalico_ds9.a(mutex.o)
 .text.mutexLock
                0x02006398      0x150 C:/devkitPro/calico/lib\libcalico_ds9.a(mutex.o)
                0x02006398                mutexLock
 .text.mutexUnlock
                0x020064e8       0xd0 C:/devkitPro/calico/lib\libcalico_ds9.a(mutex.o)
                0x020064e8                mutexUnlock
 .text._pmCallEventHandlers
                0x020065b8       0x40 C:/devkitPro/calico/lib\libcalico_ds9.a(pm.o)
 .text._pmPxiThreadMain
                0x020065f8       0xa0 C:/devkitPro/calico/lib\libcalico_ds9.a(pm.o)
 .text._pmResetPxiHandler
                0x02006698       0x28 C:/devkitPro/calico/lib\libcalico_ds9.a(pm.o)
 .text.systemUserExit
                0x020066c0        0x4 C:/devkitPro/calico/lib\libcalico_ds9.a(pm.o)
                0x020066c0                systemUserExit
 .text.systemErrorExit
                0x020066c4        0x4 C:/devkitPro/calico/lib\libcalico_ds9.a(pm.o)
                0x020066c4                systemErrorExit
 .text.__syscall_exit
                0x020066c8      0x138 C:/devkitPro/calico/lib\libcalico_ds9.a(pm.o)
                0x020066c8                __syscall_exit
 .text.pmInit   0x02006800       0x58 C:/devkitPro/calico/lib\libcalico_ds9.a(pm.o)
                0x02006800                pmInit
 .text          0x02006858      0x11c C:/devkitPro/devkitARM/bin/../lib/gcc/arm-none-eabi/15.1.0/thumb\libgcc.a(_udivsi3.o)
                0x02006858                __aeabi_uidiv
                0x02006858                __udivsi3
                0x02006954                __aeabi_uidivmod
 .text          0x02006974      0x150 C:/devkitPro/devkitARM/bin/../lib/gcc/arm-none-eabi/15.1.0/thumb\libgcc.a(_divsi3.o)
                0x02006974                __divsi3
                0x02006974                __aeabi_idiv
                0x02006aa4                __aeabi_idivmod
 .text          0x02006ac4        0x4 C:/devkitPro/devkitARM/bin/../lib/gcc/arm-none-eabi/15.1.0/thumb\libgcc.a(_dvmd_tls.o)
                0x02006ac4                __aeabi_idiv0
                0x02006ac4                __aeabi_ldiv0
 .text          0x02006ac8       0x3c C:/devkitPro/devkitARM/bin/../lib/gcc/arm-none-eabi/15.1.0/thumb\libgcc.a(_aeabi_uldivmod.o)
                0x02006ac8                __aeabi_uldivmod
 .text.__udivmoddi4
                0x02006b04      0x194 C:/devkitPro/devkitARM/bin/../lib/gcc/arm-none-eabi/15.1.0/thumb\libgcc.a(_udivmoddi4.o)
                0x02006b04                __udivmoddi4
 .text          0x02006c98       0x28 C:/devkitPro/devkitARM/bin/../lib/gcc/arm-none-eabi/15.1.0/thumb\libgcc.a(_clzdi2.o)
                0x02006c98                __clzdi2
 .text          0x02006cc0       0x48 C:/devkitPro/devkitARM/bin/../lib/gcc/arm-none-eabi/15.1.0/thumb\libgcc.a(_clzsi2.o)
                0x02006cc0                __clzsi2
 .text.strlen   0x02006d08       0x60 C:/devkitPro/devkitARM/bin/../lib/gcc/arm-none-eabi/15.1.0/../../../../arm-none-eabi/lib/thumb\libg.a(libc_a-strlen.o)
                0x02006d08                strlen
 .text.__libc_init_array
                0x02006d68       0x54 C:/devkitPro/devkitARM/bin/../lib/gcc/arm-none-eabi/15.1.0/../../../../arm-none-eabi/lib/thumb\libg.a(libc_a-init.o)
                0x02006d68                __libc_init_array
 .text.strncat  0x02006dbc       0x6c C:/devkitPro/devkitARM/bin/../lib/gcc/arm-none-eabi/15.1.0/../../../../arm-none-eabi/lib/thumb\libg.a(libc_a-strncat.o)
                0x02006dbc                strncat
 .text.siscanf  0x02006e28       0x50 C:/devkitPro/devkitARM/bin/../lib/gcc/arm-none-eabi/15.1.0/../../../../arm-none-eabi/lib/thumb\libg.a(libc_a-siscanf.o)
                0x02006e28                siscanf
 .text._malloc_r
                0x02006e78      0x550 C:/devkitPro/devkitARM/bin/../lib/gcc/arm-none-eabi/15.1.0/../../../../arm-none-eabi/lib/thumb\libg.a(libc_a-mallocr.o)
                0x02006e78                _malloc_r
 .text._malloc_trim_r
                0x020073c8       0xac C:/devkitPro/devkitARM/bin/../lib/gcc/arm-none-eabi/15.1.0/../../../../arm-none-eabi/lib/thumb\libg.a(libc_a-freer.o)
                0x020073c8                _malloc_trim_r
 .text._free_r  0x02007474      0x1d8 C:/devkitPro/devkitARM/bin/../lib/gcc/arm-none-eabi/15.1.0/../../../../arm-none-eabi/lib/thumb\libg.a(libc_a-freer.o)
                0x02007474                _free_r
 .text.snprintf
                0x0200764c       0x64 C:/devkitPro/devkitARM/bin/../lib/gcc/arm-none-eabi/15.1.0/../../../../arm-none-eabi/lib/thumb\libg.a(libc_a-snprintf.o)
                0x0200764c                snprintf
 .text.get_arg  0x020076b0      0x404 C:/devkitPro/devkitARM/bin/../lib/gcc/arm-none-eabi/15.1.0/../../../../arm-none-eabi/lib/thumb\libg.a(libc_a-svfprintf.o)
 .text._svfprintf_r
                0x02007ab4     0x22d8 C:/devkitPro/devkitARM/bin/../lib/gcc/arm-none-eabi/15.1.0/../../../../arm-none-eabi/lib/thumb\libg.a(libc_a-svfprintf.o)
                0x02007ab4                _svfprintf_r
 .text.strnlen  0x02009d8c       0x20 C:/devkitPro/devkitARM/bin/../lib/gcc/arm-none-eabi/15.1.0/../../../../arm-none-eabi/lib/thumb\libg.a(libc_a-strnlen.o)
                0x02009d8c                strnlen
 .text.memset   0x02009dac       0x8c C:/devkitPro/devkitARM/bin/../lib/gcc/arm-none-eabi/15.1.0/../../../../arm-none-eabi/lib/thumb\libg.a(libc_a-memset.o)
                0x02009dac                memset
 .text.__malloc_lock
                0x02009e38       0x14 C:/devkitPro/devkitARM/bin/../lib/gcc/arm-none-eabi/15.1.0/../../../../arm-none-eabi/lib/thumb\libg.a(libc_a-mlock.o)
                0x02009e38                __malloc_lock
 .text.__malloc_unlock
                0x02009e4c       0x14 C:/devkitPro/devkitARM/bin/../lib/gcc/arm-none-eabi/15.1.0/../../../../arm-none-eabi/lib/thumb\libg.a(libc_a-mlock.o)
                0x02009e4c                __malloc_unlock
 .text.__call_exitprocs
                0x02009e60        0xc C:/devkitPro/devkitARM/bin/../lib/gcc/arm-none-eabi/15.1.0/../../../../arm-none-eabi/lib/thumb\libg.a(libc_a-exit.o)
                0x02009e60                __call_exitprocs
 .text.setvbuf  0x02009e6c      0x1ac C:/devkitPro/devkitARM/bin/../lib/gcc/arm-none-eabi/15.1.0/../../../../arm-none-eabi/lib/thumb\libg.a(libc_a-setvbuf.o)
                0x02009e6c                setvbuf
 .text.strncpy  0x0200a018       0x68 C:/devkitPro/devkitARM/bin/../lib/gcc/arm-none-eabi/15.1.0/../../../../arm-none-eabi/lib/thumb\libg.a(libc_a-strncpy.o)
                0x0200a018                strncpy
 .text.memcpy   0x0200a080       0xb0 C:/devkitPro/devkitARM/bin/../lib/gcc/arm-none-eabi/15.1.0/../../../../arm-none-eabi/lib/thumb\libg.a(libc_a-memcpy-stub.o)
                0x0200a080                memcpy
 .text._wcsrtombs_r
                0x0200a130       0x20 C:/devkitPro/devkitARM/bin/../lib/gcc/arm-none-eabi/15.1.0/../../../../arm-none-eabi/lib/thumb\libg.a(libc_a-wcsrtombs.o)
                0x0200a130                _wcsrtombs_r
 .text.iprintf  0x0200a150       0x28 C:/devkitPro/devkitARM/bin/../lib/gcc/arm-none-eabi/15.1.0/../../../../arm-none-eabi/lib/thumb\libg.a(libc_a-iprintf.o)
                0x0200a150                iprintf
 .text.write    0x0200a178       0x1c C:/devkitPro/devkitARM/bin/../lib/gcc/arm-none-eabi/15.1.0/../../../../arm-none-eabi/lib/thumb\libg.a(libc_a-syswrite.o)
                0x0200a178                write
 .text.frexp    0x0200a194       0x74 C:/devkitPro/devkitARM/bin/../lib/gcc/arm-none-eabi/15.1.0/../../../../arm-none-eabi/lib/thumb\libg.a(libm_a-s_frexp.o)
                0x0200a194                frexp
 .text.__sread  0x0200a208       0x34 C:/devkitPro/devkitARM/bin/../lib/gcc/arm-none-eabi/15.1.0/../../../../arm-none-eabi/lib/thumb\libg.a(libc_a-stdio.o)
                0x0200a208                __sread
 .text.__seofread
                0x0200a23c        0x4 C:/devkitPro/devkitARM/bin/../lib/gcc/arm-none-eabi/15.1.0/../../../../arm-none-eabi/lib/thumb\libg.a(libc_a-stdio.o)
                0x0200a23c                __seofread
 .text.__swrite
                0x0200a240       0x4c C:/devkitPro/devkitARM/bin/../lib/gcc/arm-none-eabi/15.1.0/../../../../arm-none-eabi/lib/thumb\libg.a(libc_a-stdio.o)
                0x0200a240                __swrite
 .text.__sseek  0x0200a28c       0x3c C:/devkitPro/devkitARM/bin/../lib/gcc/arm-none-eabi/15.1.0/../../../../arm-none-eabi/lib/thumb\libg.a(libc_a-stdio.o)
                0x0200a28c                __sseek
 .text.__sclose
                0x0200a2c8       0x10 C:/devkitPro/devkitARM/bin/../lib/gcc/arm-none-eabi/15.1.0/../../../../arm-none-eabi/lib/thumb\libg.a(libc_a-stdio.o)
                0x0200a2c8                __sclose
 .text.__locale_mb_cur_max
                0x0200a2d8       0x20 C:/devkitPro/devkitARM/bin/../lib/gcc/arm-none-eabi/15.1.0/../../../../arm-none-eabi/lib/thumb\libg.a(libc_a-locale.o)
                0x0200a2d8                __locale_mb_cur_max
 .text.__ssprint_r
                0x0200a2f8       0x60 C:/devkitPro/devkitARM/bin/../lib/gcc/arm-none-eabi/15.1.0/../../../../arm-none-eabi/lib/thumb\libg.a(libc_a-ssprint_r.o)
                0x0200a2f8                __ssprint_r
 .text.get_arg  0x0200a358      0x404 C:/devkitPro/devkitARM/bin/../lib/gcc/arm-none-eabi/15.1.0/../../../../arm-none-eabi/lib/thumb\libg.a(libc_a-vfiprintf.o)
 .text._vfiprintf_r
                0x0200a75c     0x16d0 C:/devkitPro/devkitARM/bin/../lib/gcc/arm-none-eabi/15.1.0/../../../../arm-none-eabi/lib/thumb\libg.a(libc_a-vfiprintf.o)
                0x0200a75c                _vfiprintf_r
 .text.__sbprintf
                0x0200be2c       0x7c C:/devkitPro/devkitARM/bin/../lib/gcc/arm-none-eabi/15.1.0/../../../../arm-none-eabi/lib/thumb\libg.a(libc_a-vfiprintf.o)
 .text._wcsnrtombs_l
                0x0200bea8      0x11c C:/devkitPro/devkitARM/bin/../lib/gcc/arm-none-eabi/15.1.0/../../../../arm-none-eabi/lib/thumb\libg.a(libc_a-wcsnrtombs.o)
                0x0200bea8                _wcsnrtombs_l
 .text._wcsnrtombs_r
                0x0200bfc4       0x40 C:/devkitPro/devkitARM/bin/../lib/gcc/arm-none-eabi/15.1.0/../../../../arm-none-eabi/lib/thumb\libg.a(libc_a-wcsnrtombs.o)
                0x0200bfc4                _wcsnrtombs_r
 .text.get_arg  0x0200c004       0x3e C:/devkitPro/devkitARM/bin/../lib/gcc/arm-none-eabi/15.1.0/../../../../arm-none-eabi/lib/thumb\libg.a(libc_a-svfiscanf.o)
 .text._sungetc_r
                0x0200c042       0x7e C:/devkitPro/devkitARM/bin/../lib/gcc/arm-none-eabi/15.1.0/../../../../arm-none-eabi/lib/thumb\libg.a(libc_a-svfiscanf.o)
                0x0200c042                _sungetc_r
 .text.__ssrefill_r
                0x0200c0c0       0x42 C:/devkitPro/devkitARM/bin/../lib/gcc/arm-none-eabi/15.1.0/../../../../arm-none-eabi/lib/thumb\libg.a(libc_a-svfiscanf.o)
                0x0200c0c0                __ssrefill_r
 .text._sfread_r
                0x0200c102       0x88 C:/devkitPro/devkitARM/bin/../lib/gcc/arm-none-eabi/15.1.0/../../../../arm-none-eabi/lib/thumb\libg.a(libc_a-svfiscanf.o)
                0x0200c102                _sfread_r
 *fill*         0x0200c18a        0x2 ff
 .text.__ssvfiscanf_r
                0x0200c18c     0x1984 C:/devkitPro/devkitARM/bin/../lib/gcc/arm-none-eabi/15.1.0/../../../../arm-none-eabi/lib/thumb\libg.a(libc_a-svfiscanf.o)
                0x0200c18c                __ssvfiscanf_r
 .text.stdio_exit_handler
                0x0200db10       0x20 C:/devkitPro/devkitARM/bin/../lib/gcc/arm-none-eabi/15.1.0/../../../../arm-none-eabi/lib/thumb\libg.a(libc_a-findfp.o)
 .text.cleanup_stdio
                0x0200db30       0x40 C:/devkitPro/devkitARM/bin/../lib/gcc/arm-none-eabi/15.1.0/../../../../arm-none-eabi/lib/thumb\libg.a(libc_a-findfp.o)
 .text.global_stdio_init.part.0
                0x0200db70      0x120 C:/devkitPro/devkitARM/bin/../lib/gcc/arm-none-eabi/15.1.0/../../../../arm-none-eabi/lib/thumb\libg.a(libc_a-findfp.o)
 .text.__sinit  0x0200dc90       0x3c C:/devkitPro/devkitARM/bin/../lib/gcc/arm-none-eabi/15.1.0/../../../../arm-none-eabi/lib/thumb\libg.a(libc_a-findfp.o)
                0x0200dc90                __sinit
 .text.__sfp_lock_acquire
                0x0200dccc       0x14 C:/devkitPro/devkitARM/bin/../lib/gcc/arm-none-eabi/15.1.0/../../../../arm-none-eabi/lib/thumb\libg.a(libc_a-findfp.o)
                0x0200dccc                __sfp_lock_acquire
 .text.__sfp_lock_release
                0x0200dce0       0x14 C:/devkitPro/devkitARM/bin/../lib/gcc/arm-none-eabi/15.1.0/../../../../arm-none-eabi/lib/thumb\libg.a(libc_a-findfp.o)
                0x0200dce0                __sfp_lock_release
 .text._strtoul_l.isra.0
                0x0200dcf4      0x150 C:/devkitPro/devkitARM/bin/../lib/gcc/arm-none-eabi/15.1.0/../../../../arm-none-eabi/lib/thumb\libg.a(libc_a-strtoul.o)
 .text._strtoul_r
                0x0200de44       0x20 C:/devkitPro/devkitARM/bin/../lib/gcc/arm-none-eabi/15.1.0/../../../../arm-none-eabi/lib/thumb\libg.a(libc_a-strtoul.o)
                0x0200de44                _strtoul_r
 .text.__utf8_mbtowc
                0x0200de64      0x24c C:/devkitPro/devkitARM/bin/../lib/gcc/arm-none-eabi/15.1.0/../../../../arm-none-eabi/lib/thumb\libg.a(libc_a-mbtowc_r.o)
                0x0200de64                __utf8_mbtowc
 .text._fwalk_sglue
                0x0200e0b0       0x4c C:/devkitPro/devkitARM/bin/../lib/gcc/arm-none-eabi/15.1.0/../../../../arm-none-eabi/lib/thumb\libg.a(libc_a-fwalk.o)
                0x0200e0b0                _fwalk_sglue
 .text.__sprint_r
                0x0200e0fc       0x24 C:/devkitPro/devkitARM/bin/../lib/gcc/arm-none-eabi/15.1.0/../../../../arm-none-eabi/lib/thumb\libg.a(libc_a-sprint_r.o)
                0x0200e0fc                __sprint_r
 .text.iswspace
                0x0200e120       0x10 C:/devkitPro/devkitARM/bin/../lib/gcc/arm-none-eabi/15.1.0/../../../../arm-none-eabi/lib/thumb\libg.a(libc_a-iswspace.o)
                0x0200e120                iswspace
 .text._localeconv_r
                0x0200e130       0x1c C:/devkitPro/devkitARM/bin/../lib/gcc/arm-none-eabi/15.1.0/../../../../arm-none-eabi/lib/thumb\libg.a(libc_a-localeconv.o)
                0x0200e130                _localeconv_r
 .text.realloc  0x0200e14c       0x18 C:/devkitPro/devkitARM/bin/../lib/gcc/arm-none-eabi/15.1.0/../../../../arm-none-eabi/lib/thumb\libg.a(libc_a-realloc.o)
                0x0200e14c                realloc
 .text.memchr   0x0200e164       0x74 C:/devkitPro/devkitARM/bin/../lib/gcc/arm-none-eabi/15.1.0/../../../../arm-none-eabi/lib/thumb\libg.a(libc_a-memchr-stub.o)
                0x0200e164                memchr
 .text.quorem   0x0200e1d8      0x160 C:/devkitPro/devkitARM/bin/../lib/gcc/arm-none-eabi/15.1.0/../../../../arm-none-eabi/lib/thumb\libg.a(libc_a-dtoa.o)
 .text._dtoa_r  0x0200e338     0x10b0 C:/devkitPro/devkitARM/bin/../lib/gcc/arm-none-eabi/15.1.0/../../../../arm-none-eabi/lib/thumb\libg.a(libc_a-dtoa.o)
                0x0200e338                _dtoa_r
 .text._wcrtomb_r
                0x0200f3e8       0x84 C:/devkitPro/devkitARM/bin/../lib/gcc/arm-none-eabi/15.1.0/../../../../arm-none-eabi/lib/thumb\libg.a(libc_a-wcrtomb.o)
                0x0200f3e8                _wcrtomb_r
 .text._strtol_l.part.0
                0x0200f46c      0x25c C:/devkitPro/devkitARM/bin/../lib/gcc/arm-none-eabi/15.1.0/../../../../arm-none-eabi/lib/thumb\libg.a(libc_a-strtol.o)
 .text._strtol_r
                0x0200f6c8       0x34 C:/devkitPro/devkitARM/bin/../lib/gcc/arm-none-eabi/15.1.0/../../../../arm-none-eabi/lib/thumb\libg.a(libc_a-strtol.o)
                0x0200f6c8                _strtol_r
 .text.__libc_fini_array
                0x0200f6fc       0x30 C:/devkitPro/devkitARM/bin/../lib/gcc/arm-none-eabi/15.1.0/../../../../arm-none-eabi/lib/thumb\libg.a(libc_a-fini.o)
                0x0200f6fc                __libc_fini_array
 .text.malloc   0x0200f72c       0x28 C:/devkitPro/devkitARM/bin/../lib/gcc/arm-none-eabi/15.1.0/../../../../arm-none-eabi/lib/thumb\libg.a(libc_a-malloc.o)
                0x0200f72c                malloc
 .text.free     0x0200f754       0x14 C:/devkitPro/devkitARM/bin/../lib/gcc/arm-none-eabi/15.1.0/../../../../arm-none-eabi/lib/thumb\libg.a(libc_a-malloc.o)
                0x0200f754                free
 .text.__sccl   0x0200f768       0xb0 C:/devkitPro/devkitARM/bin/../lib/gcc/arm-none-eabi/15.1.0/../../../../arm-none-eabi/lib/thumb\libg.a(libc_a-sccl.o)
                0x0200f768                __sccl
 .text.__sflush_r
                0x0200f818      0x180 C:/devkitPro/devkitARM/bin/../lib/gcc/arm-none-eabi/15.1.0/../../../../arm-none-eabi/lib/thumb\libg.a(libc_a-fflush.o)
                0x0200f818                __sflush_r
 .text._fflush_r
                0x0200f998       0x70 C:/devkitPro/devkitARM/bin/../lib/gcc/arm-none-eabi/15.1.0/../../../../arm-none-eabi/lib/thumb\libg.a(libc_a-fflush.o)
                0x0200f998                _fflush_r
 .text.__smakebuf_r
                0x0200fa08       0xe0 C:/devkitPro/devkitARM/bin/../lib/gcc/arm-none-eabi/15.1.0/../../../../arm-none-eabi/lib/thumb\libg.a(libc_a-makebuf.o)
                0x0200fa08                __smakebuf_r
 .text.__swhatbuf_r
                0x0200fae8       0x5c C:/devkitPro/devkitARM/bin/../lib/gcc/arm-none-eabi/15.1.0/../../../../arm-none-eabi/lib/thumb\libg.a(libc_a-makebuf.o)
                0x0200fae8                __swhatbuf_r
 .text._realloc_r
                0x0200fb44      0x344 C:/devkitPro/devkitARM/bin/../lib/gcc/arm-none-eabi/15.1.0/../../../../arm-none-eabi/lib/thumb\libg.a(libc_a-reallocr.o)
                0x0200fb44                _realloc_r
 .text.__ssputs_r
                0x0200fe88       0xd4 C:/devkitPro/devkitARM/bin/../lib/gcc/arm-none-eabi/15.1.0/../../../../arm-none-eabi/lib/thumb\libg.a(libc_a-ssputs_r.o)
                0x0200fe88                __ssputs_r
 .text.__utf8_wctomb
                0x0200ff5c       0xbc C:/devkitPro/devkitARM/bin/../lib/gcc/arm-none-eabi/15.1.0/../../../../arm-none-eabi/lib/thumb\libg.a(libc_a-wctomb_r.o)
                0x0200ff5c                __utf8_wctomb
 .text._strtoull_l.isra.0
                0x02010018      0x1c0 C:/devkitPro/devkitARM/bin/../lib/gcc/arm-none-eabi/15.1.0/../../../../arm-none-eabi/lib/thumb\libg.a(libc_a-strtoull.o)
 .text._strtoull_r
                0x020101d8       0x20 C:/devkitPro/devkitARM/bin/../lib/gcc/arm-none-eabi/15.1.0/../../../../arm-none-eabi/lib/thumb\libg.a(libc_a-strtoull.o)
                0x020101d8                _strtoull_r
 .text._mbrtowc_r
                0x020101f8       0x98 C:/devkitPro/devkitARM/bin/../lib/gcc/arm-none-eabi/15.1.0/../../../../arm-none-eabi/lib/thumb\libg.a(libc_a-mbrtowc.o)
                0x020101f8                _mbrtowc_r
 .text.__swsetup_r
                0x02010290       0xd4 C:/devkitPro/devkitARM/bin/../lib/gcc/arm-none-eabi/15.1.0/../../../../arm-none-eabi/lib/thumb\libg.a(libc_a-wsetup.o)
                0x02010290                __swsetup_r
 .text.__sfvwrite_r
                0x02010364      0x31c C:/devkitPro/devkitARM/bin/../lib/gcc/arm-none-eabi/15.1.0/../../../../arm-none-eabi/lib/thumb\libg.a(libc_a-fvwrite.o)
                0x02010364                __sfvwrite_r
 .text.memmove  0x02010680       0xcc C:/devkitPro/devkitARM/bin/../lib/gcc/arm-none-eabi/15.1.0/../../../../arm-none-eabi/lib/thumb\libg.a(libc_a-memmove.o)
                0x02010680                memmove
 .text.__assert_func
                0x0201074c       0x40 C:/devkitPro/devkitARM/bin/../lib/gcc/arm-none-eabi/15.1.0/../../../../arm-none-eabi/lib/thumb\libg.a(libc_a-assert.o)
                0x0201074c                __assert_func
 .text.iswspace_l
                0x0201078c       0x28 C:/devkitPro/devkitARM/bin/../lib/gcc/arm-none-eabi/15.1.0/../../../../arm-none-eabi/lib/thumb\libg.a(libc_a-iswspace_l.o)
                0x0201078c                iswspace_l
 .text._Balloc  0x020107b4       0x5c C:/devkitPro/devkitARM/bin/../lib/gcc/arm-none-eabi/15.1.0/../../../../arm-none-eabi/lib/thumb\libg.a(libc_a-mprec.o)
                0x020107b4                _Balloc
 .text._Bfree   0x02010810       0x14 C:/devkitPro/devkitARM/bin/../lib/gcc/arm-none-eabi/15.1.0/../../../../arm-none-eabi/lib/thumb\libg.a(libc_a-mprec.o)
                0x02010810                _Bfree
 .text.__multadd
                0x02010824       0xa8 C:/devkitPro/devkitARM/bin/../lib/gcc/arm-none-eabi/15.1.0/../../../../arm-none-eabi/lib/thumb\libg.a(libc_a-mprec.o)
                0x02010824                __multadd
 .text.__hi0bits
                0x020108cc       0x60 C:/devkitPro/devkitARM/bin/../lib/gcc/arm-none-eabi/15.1.0/../../../../arm-none-eabi/lib/thumb\libg.a(libc_a-mprec.o)
                0x020108cc                __hi0bits
 .text.__lo0bits
                0x0201092c       0x8c C:/devkitPro/devkitARM/bin/../lib/gcc/arm-none-eabi/15.1.0/../../../../arm-none-eabi/lib/thumb\libg.a(libc_a-mprec.o)
                0x0201092c                __lo0bits
 .text.__i2b    0x020109b8       0x64 C:/devkitPro/devkitARM/bin/../lib/gcc/arm-none-eabi/15.1.0/../../../../arm-none-eabi/lib/thumb\libg.a(libc_a-mprec.o)
                0x020109b8                __i2b
 .text.__multiply
                0x02010a1c      0x1b4 C:/devkitPro/devkitARM/bin/../lib/gcc/arm-none-eabi/15.1.0/../../../../arm-none-eabi/lib/thumb\libg.a(libc_a-mprec.o)
                0x02010a1c                __multiply
 .text.__pow5mult
                0x02010bd0       0xd8 C:/devkitPro/devkitARM/bin/../lib/gcc/arm-none-eabi/15.1.0/../../../../arm-none-eabi/lib/thumb\libg.a(libc_a-mprec.o)
                0x02010bd0                __pow5mult
 .text.__lshift
                0x02010ca8       0xf8 C:/devkitPro/devkitARM/bin/../lib/gcc/arm-none-eabi/15.1.0/../../../../arm-none-eabi/lib/thumb\libg.a(libc_a-mprec.o)
                0x02010ca8                __lshift
 .text.__mcmp   0x02010da0       0x50 C:/devkitPro/devkitARM/bin/../lib/gcc/arm-none-eabi/15.1.0/../../../../arm-none-eabi/lib/thumb\libg.a(libc_a-mprec.o)
                0x02010da0                __mcmp
 .text.__mdiff  0x02010df0      0x1a4 C:/devkitPro/devkitARM/bin/../lib/gcc/arm-none-eabi/15.1.0/../../../../arm-none-eabi/lib/thumb\libg.a(libc_a-mprec.o)
                0x02010df0                __mdiff
 .text.__d2b    0x02010f94       0xd4 C:/devkitPro/devkitARM/bin/../lib/gcc/arm-none-eabi/15.1.0/../../../../arm-none-eabi/lib/thumb\libg.a(libc_a-mprec.o)
                0x02010f94                __d2b
 .text._fclose_r
                0x02011068       0xdc C:/devkitPro/devkitARM/bin/../lib/gcc/arm-none-eabi/15.1.0/../../../../arm-none-eabi/lib/thumb\libg.a(libc_a-fclose.o)
                0x02011068                _fclose_r
 .text._strtoll_l.isra.0
                0x02011144      0x300 C:/devkitPro/devkitARM/bin/../lib/gcc/arm-none-eabi/15.1.0/../../../../arm-none-eabi/lib/thumb\libg.a(libc_a-strtoll.o)
 .text._strtoll_r
                0x02011444       0x20 C:/devkitPro/devkitARM/bin/../lib/gcc/arm-none-eabi/15.1.0/../../../../arm-none-eabi/lib/thumb\libg.a(libc_a-strtoll.o)
                0x02011444                _strtoll_r
 .text.__submore
                0x02011464       0x7c C:/devkitPro/devkitARM/bin/../lib/gcc/arm-none-eabi/15.1.0/../../../../arm-none-eabi/lib/thumb\libg.a(libc_a-ungetc.o)
                0x02011464                __submore
 .text.fiprintf
                0x020114e0       0x28 C:/devkitPro/devkitARM/bin/../lib/gcc/arm-none-eabi/15.1.0/../../../../arm-none-eabi/lib/thumb\libg.a(libc_a-fiprintf.o)
                0x020114e0                fiprintf
 .text._memalign_r
                0x02011508      0x118 C:/devkitPro/devkitARM/bin/../lib/gcc/arm-none-eabi/15.1.0/../../../../arm-none-eabi/lib/thumb\libg.a(libc_a-malignr.o)
                0x02011508                _memalign_r
 .text.abort    0x02011620       0x10 C:/devkitPro/devkitARM/bin/../lib/gcc/arm-none-eabi/15.1.0/../../../../arm-none-eabi/lib/thumb\libg.a(libc_a-abort.o)
                0x02011620                abort
 .text._calloc_r
                0x02011630       0xcc C:/devkitPro/devkitARM/bin/../lib/gcc/arm-none-eabi/15.1.0/../../../../arm-none-eabi/lib/thumb\libg.a(libc_a-callocr.o)
                0x02011630                _calloc_r
 .text.category
                0x020116fc       0x5c C:/devkitPro/devkitARM/bin/../lib/gcc/arm-none-eabi/15.1.0/../../../../arm-none-eabi/lib/thumb\libg.a(libc_a-categories.o)
                0x020116fc                category
 .text._raise_r
                0x02011758       0x60 C:/devkitPro/devkitARM/bin/../lib/gcc/arm-none-eabi/15.1.0/../../../../arm-none-eabi/lib/thumb\libg.a(libc_a-signal.o)
                0x02011758                _raise_r
 .text.raise    0x020117b8       0x14 C:/devkitPro/devkitARM/bin/../lib/gcc/arm-none-eabi/15.1.0/../../../../arm-none-eabi/lib/thumb\libg.a(libc_a-signal.o)
                0x020117b8                raise
 .text._exit    0x020117cc       0x14 C:/devkitPro/devkitARM/bin/../lib/gcc/arm-none-eabi/15.1.0/../../../../arm-none-eabi/lib/thumb\libsysbase.a(libsysbase_libsysbase_a-_exit.o)
                0x020117cc                _exit
 .text._fstat_r
                0x020117e0       0x5c C:/devkitPro/devkitARM/bin/../lib/gcc/arm-none-eabi/15.1.0/../../../../arm-none-eabi/lib/thumb\libsysbase.a(libsysbase_libsysbase_a-fstat.o)
                0x020117e0                _fstat_r
 .text._getpid_r
                0x0201183c        0xc C:/devkitPro/devkitARM/bin/../lib/gcc/arm-none-eabi/15.1.0/../../../../arm-none-eabi/lib/thumb\libsysbase.a(libsysbase_libsysbase_a-getpid.o)
                0x0201183c                _getpid_r
 .text.__getreent
                0x02011848       0x20 C:/devkitPro/devkitARM/bin/../lib/gcc/arm-none-eabi/15.1.0/../../../../arm-none-eabi/lib/thumb\libsysbase.a(libsysbase_libsysbase_a-getreent.o)
                0x02011848                __getreent
 .text.__get_handle
                0x02011868       0x34 C:/devkitPro/devkitARM/bin/../lib/gcc/arm-none-eabi/15.1.0/../../../../arm-none-eabi/lib/thumb\libsysbase.a(libsysbase_libsysbase_a-handle_manager.o)
                0x02011868                __get_handle
 .text._close_r
                0x0201189c       0xb0 C:/devkitPro/devkitARM/bin/../lib/gcc/arm-none-eabi/15.1.0/../../../../arm-none-eabi/lib/thumb\libsysbase.a(libsysbase_libsysbase_a-handle_manager.o)
                0x0201189c                _close_r
 .text.null_write
                0x0201194c        0x4 C:/devkitPro/devkitARM/bin/../lib/gcc/arm-none-eabi/15.1.0/../../../../arm-none-eabi/lib/thumb\libsysbase.a(libsysbase_libsysbase_a-iosupport.o)
 .text._isatty_r
                0x02011950        0x4 C:/devkitPro/devkitARM/bin/../lib/gcc/arm-none-eabi/15.1.0/../../../../arm-none-eabi/lib/thumb\libsysbase.a(libsysbase_libsysbase_a-isatty.o)
                0x02011950                _isatty_r
 .text._kill_r  0x02011954        0xc C:/devkitPro/devkitARM/bin/../lib/gcc/arm-none-eabi/15.1.0/../../../../arm-none-eabi/lib/thumb\libsysbase.a(libsysbase_libsysbase_a-kill.o)
                0x02011954                _kill_r
 .text._lseek_r
                0x02011960       0x64 C:/devkitPro/devkitARM/bin/../lib/gcc/arm-none-eabi/15.1.0/../../../../arm-none-eabi/lib/thumb\libsysbase.a(libsysbase_libsysbase_a-lseek.o)
                0x02011960                _lseek_r
 .text._read_r  0x020119c4       0x5c C:/devkitPro/devkitARM/bin/../lib/gcc/arm-none-eabi/15.1.0/../../../../arm-none-eabi/lib/thumb\libsysbase.a(libsysbase_libsysbase_a-read.o)
                0x020119c4                _read_r
 .text._sbrk_r  0x02011a20       0x50 C:/devkitPro/devkitARM/bin/../lib/gcc/arm-none-eabi/15.1.0/../../../../arm-none-eabi/lib/thumb\libsysbase.a(libsysbase_libsysbase_a-sbrk.o)
                0x02011a20                _sbrk_r
 .text.__libc_lock_acquire
                0x02011a70       0x18 C:/devkitPro/devkitARM/bin/../lib/gcc/arm-none-eabi/15.1.0/../../../../arm-none-eabi/lib/thumb\libsysbase.a(libsysbase_libsysbase_a-syscall_support.o)
                0x02011a70                __libc_lock_acquire
 .text.__libc_lock_release
                0x02011a88       0x18 C:/devkitPro/devkitARM/bin/../lib/gcc/arm-none-eabi/15.1.0/../../../../arm-none-eabi/lib/thumb\libsysbase.a(libsysbase_libsysbase_a-syscall_support.o)
                0x02011a88                __libc_lock_release
 .text.__libc_lock_acquire_recursive
                0x02011aa0       0x18 C:/devkitPro/devkitARM/bin/../lib/gcc/arm-none-eabi/15.1.0/../../../../arm-none-eabi/lib/thumb\libsysbase.a(libsysbase_libsysbase_a-syscall_support.o)
                0x02011aa0                __libc_lock_acquire_recursive
 .text.__libc_lock_release_recursive
                0x02011ab8       0x18 C:/devkitPro/devkitARM/bin/../lib/gcc/arm-none-eabi/15.1.0/../../../../arm-none-eabi/lib/thumb\libsysbase.a(libsysbase_libsysbase_a-syscall_support.o)
                0x02011ab8                __libc_lock_release_recursive
 .text._write_r
                0x02011ad0       0x5c C:/devkitPro/devkitARM/bin/../lib/gcc/arm-none-eabi/15.1.0/../../../../arm-none-eabi/lib/thumb\libsysbase.a(libsysbase_libsysbase_a-write.o)
                0x02011ad0                _write_r
 .text          0x02011b2c       0x14 C:/devkitPro/devkitARM/bin/../lib/gcc/arm-none-eabi/15.1.0/thumb\libgcc.a(_thumb1_case_uqi.o)
                0x02011b2c                __gnu_thumb1_case_uqi
 .text          0x02011b40       0x14 C:/devkitPro/devkitARM/bin/../lib/gcc/arm-none-eabi/15.1.0/thumb\libgcc.a(_thumb1_case_uhi.o)
                0x02011b40                __gnu_thumb1_case_uhi
 .text          0x02011b54      0x424 C:/devkitPro/devkitARM/bin/../lib/gcc/arm-none-eabi/15.1.0/thumb\libgcc.a(_arm_addsubdf3.o)
                0x02011b54                __aeabi_drsub
                0x02011b5c                __aeabi_dsub
                0x02011b5c                __subdf3
                0x02011b60                __aeabi_dadd
                0x02011b60                __adddf3
                0x02011e70                __floatunsidf
                0x02011e70                __aeabi_ui2d
                0x02011e94                __floatsidf
                0x02011e94                __aeabi_i2d
                0x02011ebc                __aeabi_f2d
                0x02011ebc                __extendsfdf2
                0x02011f04                __floatundidf
                0x02011f04                __aeabi_ul2d
                0x02011f18                __floatdidf
                0x02011f18                __aeabi_l2d
 .text          0x02011f78      0x49c C:/devkitPro/devkitARM/bin/../lib/gcc/arm-none-eabi/15.1.0/thumb\libgcc.a(_arm_muldivdf3.o)
                0x02011f78                __aeabi_dmul
                0x02011f78                __muldf3
                0x02012208                __divdf3
                0x02012208                __aeabi_ddiv
 .text          0x02012414      0x144 C:/devkitPro/devkitARM/bin/../lib/gcc/arm-none-eabi/15.1.0/thumb\libgcc.a(_arm_cmpdf2.o)
                0x02012414                __gtdf2
                0x02012414                __gedf2
                0x0201241c                __ltdf2
                0x0201241c                __ledf2
                0x02012424                __nedf2
                0x02012424                __eqdf2
                0x02012424                __cmpdf2
                0x020124ac                __aeabi_cdrcmple
                0x020124c8                __aeabi_cdcmpeq
                0x020124c8                __aeabi_cdcmple
                0x020124e0                __aeabi_dcmpeq
                0x020124f8                __aeabi_dcmplt
                0x02012510                __aeabi_dcmple
                0x02012528                __aeabi_dcmpge
                0x02012540                __aeabi_dcmpgt
 .text          0x02012558       0x38 C:/devkitPro/devkitARM/bin/../lib/gcc/arm-none-eabi/15.1.0/thumb\libgcc.a(_arm_unorddf2.o)
                0x02012558                __unorddf2
                0x02012558                __aeabi_dcmpun
 .text          0x02012590       0x5c C:/devkitPro/devkitARM/bin/../lib/gcc/arm-none-eabi/15.1.0/thumb\libgcc.a(_arm_fixdfsi.o)
                0x02012590                __aeabi_d2iz
                0x02012590                __fixdfsi
 .text.__muldi3
                0x020125ec       0x58 C:/devkitPro/devkitARM/bin/../lib/gcc/arm-none-eabi/15.1.0/thumb\libgcc.a(_muldi3.o)
                0x020125ec                __muldi3
                0x020125ec                __aeabi_lmul
 EXCLUDE_FILE(*.twl.*) *(.glue_7t .glue_7 .vfp11_veneer .v4_bx)
 .glue_7        0x02012644        0x0 linker stubs
 .glue_7t       0x02012644        0x0 linker stubs
 .vfp11_veneer  0x02012644        0x0 linker stubs
 .v4_bx         0x02012644        0x0 linker stubs
 *(SORT_NONE(.fini))
 .fini          0x02012644        0x4 C:/devkitPro/devkitARM/bin/../lib/gcc/arm-none-eabi/15.1.0/thumb/crti.o
                0x02012644                _fini
 .fini          0x02012648        0x8 C:/devkitPro/devkitARM/bin/../lib/gcc/arm-none-eabi/15.1.0/thumb/crtn.o
 .fini.__stub   0x02012650       0x10 linker stubs
 EXCLUDE_FILE(*.twl.*) *(.rodata .rodata.* .gnu.linkonce.r.*)
 .rodata.dsrd_hmac_sign.str1.4
                0x02012660      0x6f4 hmac_auth.o
                                 0x24 (size before relaxing)
 .rodata.dsrd_input_poll.str1.4
                0x02012d54       0x1e input.o
 .rodata.dsrd_nifi_init.str1.4
                0x02012d54       0x35 nifi_net.o
 .rodata.K      0x02012d54      0x100 sha256_soft.o
 .rodata.draw_trackpad_ui.str1.4
                0x02012e54       0x69 sub_ui.o
 .rodata.draw_keyboard.str1.4
                0x02012e54       0x90 sub_ui.o
 .rodata.draw_remap_overlay.str1.4
                0x02012e54      0x1b2 sub_ui.o
 .rodata.str1.4
                0x02012e54       0xc2 sub_ui.o
 .rodata.s_btn_names
                0x02012e54       0x60 sub_ui.o
 .rodata.con_write.str1.4
                0x02012eb4       0x30 C:/devkitPro/libnds/lib\libnds9.a(console.o)
 .rodata.con_write
                0x02012eb4       0xd4 C:/devkitPro/libnds/lib\libnds9.a(console.o)
 .rodata.consoleClear.str1.4
                0x02012f88        0x5 C:/devkitPro/libnds/lib\libnds9.a(console.o)
 .rodata.str1.4
                0x02012f88       0x14 C:/devkitPro/libnds/lib\libnds9.a(console.o)
 .rodata.dotab_stdout
                0x02012f88       0x80 C:/devkitPro/libnds/lib\libnds9.a(console.o)
 .rodata.defaultHandler.str1.4
                0x02013008       0x33 C:/devkitPro/libnds/lib\libnds9.a(exceptionDefault.o)
 .rodata.guruMeditationDump.str1.4
                0x02013008       0xf6 C:/devkitPro/libnds/lib\libnds9.a(gurumeditation.o)
 .rodata.str1.4
                0x02013008       0x3c C:/devkitPro/libnds/lib\libnds9.a(gurumeditation.o)
 .rodata.registerNames
                0x02013008       0x40 C:/devkitPro/libnds/lib\libnds9.a(gurumeditation.o)
 .rodata.SIN_LUT
                0x02013048      0x102 C:/devkitPro/libnds/lib\libnds9.a(trig.o)
                0x02013048                SIN_LUT
 *fill*         0x0201314a        0x2 ff
 .rodata.default_font_bin
                0x0201314c      0x800 C:/devkitPro/libnds/lib\libnds9.a(default_font.bin.o)
                0x0201314c                default_font_bin
                0x0201394c                default_font_bin_end
 .rodata.dietPrintV.str1.4
                0x0201394c       0x1a C:/devkitPro/calico/lib\libcalico_ds9.a(dietprint.o)
 .rodata.dietPrintV
                0x0201394c      0x11c C:/devkitPro/calico/lib\libcalico_ds9.a(dietprint.o)
 .rodata.s_netbufListSizes
                0x02013a68        0xa C:/devkitPro/calico/lib\libcalico_ds9.a(netbuf.o)
 .rodata._wlmgrThreadMain
                0x02013a72        0x4 C:/devkitPro/calico/lib\libcalico_ds9.a(wlmgr.o)
 *fill*         0x02013a76        0x2 ff
 .rodata.g_wlmgrDefaultConfig
                0x02013a78        0xc C:/devkitPro/calico/lib\libcalico_ds9.a(wlmgr.o)
                0x02013a78                g_wlmgrDefaultConfig
 .rodata        0x02013a84       0x16 C:/devkitPro/calico/lib\libcalico_ds9.a(wlmgr.o)
 .rodata._svfprintf_r.str1.1
                0x02013a9a       0x3b C:/devkitPro/devkitARM/bin/../lib/gcc/arm-none-eabi/15.1.0/../../../../arm-none-eabi/lib/thumb\libg.a(libc_a-svfprintf.o)
 *fill*         0x02013ad5        0x3 ff
 .rodata.zeroes.0
                0x02013ad8       0x10 C:/devkitPro/devkitARM/bin/../lib/gcc/arm-none-eabi/15.1.0/../../../../arm-none-eabi/lib/thumb\libg.a(libc_a-svfprintf.o)
 .rodata.blanks.1
                0x02013ae8       0x10 C:/devkitPro/devkitARM/bin/../lib/gcc/arm-none-eabi/15.1.0/../../../../arm-none-eabi/lib/thumb\libg.a(libc_a-svfprintf.o)
 .rodata.__action_table
                0x02013af8       0x6c C:/devkitPro/devkitARM/bin/../lib/gcc/arm-none-eabi/15.1.0/../../../../arm-none-eabi/lib/thumb\libg.a(libc_a-svfiprintf.o)
                0x02013af8                __action_table
 .rodata.__state_table
                0x02013b64       0x6c C:/devkitPro/devkitARM/bin/../lib/gcc/arm-none-eabi/15.1.0/../../../../arm-none-eabi/lib/thumb\libg.a(libc_a-svfiprintf.o)
                0x02013b64                __state_table
 .rodata.__chclass
                0x02013bd0      0x100 C:/devkitPro/devkitARM/bin/../lib/gcc/arm-none-eabi/15.1.0/../../../../arm-none-eabi/lib/thumb\libg.a(libc_a-svfiprintf.o)
                0x02013bd0                __chclass
 .rodata.str1.4
                0x02013cd0       0x4c C:/devkitPro/devkitARM/bin/../lib/gcc/arm-none-eabi/15.1.0/../../../../arm-none-eabi/lib/thumb\libg.a(libc_a-locale.o)
 .rodata._vfiprintf_r.str1.1
                0x02013cd0       0x29 C:/devkitPro/devkitARM/bin/../lib/gcc/arm-none-eabi/15.1.0/../../../../arm-none-eabi/lib/thumb\libg.a(libc_a-vfiprintf.o)
 .rodata.zeroes.0
                0x02013cd0       0x10 C:/devkitPro/devkitARM/bin/../lib/gcc/arm-none-eabi/15.1.0/../../../../arm-none-eabi/lib/thumb\libg.a(libc_a-vfiprintf.o)
 .rodata.blanks.1
                0x02013ce0       0x10 C:/devkitPro/devkitARM/bin/../lib/gcc/arm-none-eabi/15.1.0/../../../../arm-none-eabi/lib/thumb\libg.a(libc_a-vfiprintf.o)
 .rodata.basefix.0
                0x02013cf0       0x22 C:/devkitPro/devkitARM/bin/../lib/gcc/arm-none-eabi/15.1.0/../../../../arm-none-eabi/lib/thumb\libg.a(libc_a-svfiscanf.o)
 .rodata._dtoa_r.str1.4
                0x02013d12       0x67 C:/devkitPro/devkitARM/bin/../lib/gcc/arm-none-eabi/15.1.0/../../../../arm-none-eabi/lib/thumb\libg.a(libc_a-dtoa.o)
 *fill*         0x02013d12        0x2 ff
 .rodata._ctype_
                0x02013d14      0x101 C:/devkitPro/devkitARM/bin/../lib/gcc/arm-none-eabi/15.1.0/../../../../arm-none-eabi/lib/thumb\libg.a(libc_a-ctype_.o)
                0x02013d14                _ctype_
 .rodata._mbrtowc_r.str1.4
                0x02013e15        0x1 C:/devkitPro/devkitARM/bin/../lib/gcc/arm-none-eabi/15.1.0/../../../../arm-none-eabi/lib/thumb\libg.a(libc_a-mbrtowc.o)
 .rodata.__assert_func.str1.4
                0x02013e15       0x43 C:/devkitPro/devkitARM/bin/../lib/gcc/arm-none-eabi/15.1.0/../../../../arm-none-eabi/lib/thumb\libg.a(libc_a-assert.o)
 .rodata.__multadd.str1.4
                0x02013e15       0x54 C:/devkitPro/devkitARM/bin/../lib/gcc/arm-none-eabi/15.1.0/../../../../arm-none-eabi/lib/thumb\libg.a(libc_a-mprec.o)
 *fill*         0x02013e15        0x3 ff
 .rodata.p05.0  0x02013e18        0xc C:/devkitPro/devkitARM/bin/../lib/gcc/arm-none-eabi/15.1.0/../../../../arm-none-eabi/lib/thumb\libg.a(libc_a-mprec.o)
 *fill*         0x02013e24        0x4 ff
 .rodata.__mprec_bigtens
                0x02013e28       0x28 C:/devkitPro/devkitARM/bin/../lib/gcc/arm-none-eabi/15.1.0/../../../../arm-none-eabi/lib/thumb\libg.a(libc_a-mprec.o)
                0x02013e28                __mprec_bigtens
 .rodata.__mprec_tens
                0x02013e50       0xc8 C:/devkitPro/devkitARM/bin/../lib/gcc/arm-none-eabi/15.1.0/../../../../arm-none-eabi/lib/thumb\libg.a(libc_a-mprec.o)
                0x02013e50                __mprec_tens
 .rodata.categories
                0x02013f18     0x35dc C:/devkitPro/devkitARM/bin/../lib/gcc/arm-none-eabi/15.1.0/../../../../arm-none-eabi/lib/thumb\libg.a(libc_a-categories.o)
 .rodata.AddDevice.str1.4
                0x020174f4        0x8 C:/devkitPro/devkitARM/bin/../lib/gcc/arm-none-eabi/15.1.0/../../../../arm-none-eabi/lib/thumb\libsysbase.a(libsysbase_libsysbase_a-iosupport.o)
 .rodata.dotab_stdnull
                0x020174f4       0x80 C:/devkitPro/devkitARM/bin/../lib/gcc/arm-none-eabi/15.1.0/../../../../arm-none-eabi/lib/thumb\libsysbase.a(libsysbase_libsysbase_a-iosupport.o)
                0x020174f4                dotab_stdnull
 EXCLUDE_FILE(*.twl.*) *(.rodata1)
                0x02017574                        . = ALIGN (0x4)

.main.rw        0x02017578     0x1878 load address 0x0201b7ec
 EXCLUDE_FILE(*.twl.*) *(.data .data.* .gnu.linkonce.d.*)
 .data.s_sound_id
                0x02017578        0x4 audio_stream.o
 .data.s_remap_sel
                0x0201757c        0x4 sub_ui.o
 .data.s_kbd_layout_shift
                0x02017580       0x10 sub_ui.o
 .data.s_kbd_layout
                0x02017590       0x10 sub_ui.o
 .data.s_kbd_top_px
                0x020175a0        0x4 sub_ui.o
 .data.bgTransform
                0x020175a4       0x20 C:/devkitPro/libnds/lib\libnds9.a(background.o)
                0x020175a4                bgTransform
 .data.bgScrollTable
                0x020175c4       0x20 C:/devkitPro/libnds/lib\libnds9.a(background.o)
                0x020175c4                bgScrollTable
 .data.bgControl
                0x020175e4       0x20 C:/devkitPro/libnds/lib\libnds9.a(background.o)
                0x020175e4                bgControl
 .data.firstConsoleInit.0
                0x02017604        0x1 C:/devkitPro/libnds/lib\libnds9.a(console.o)
 *fill*         0x02017605        0x3 ff
 .data.currentConsole
                0x02017608        0x4 C:/devkitPro/libnds/lib\libnds9.a(console.o)
                0x02017608                currentConsole
 .data.defaultConsole
                0x0201760c       0x5c C:/devkitPro/libnds/lib\libnds9.a(console.o)
                0x0201760c                defaultConsole
 .data.count    0x02017668        0x1 C:/devkitPro/libnds/lib\libnds9.a(keys.o)
 .data.repeat   0x02017669        0x1 C:/devkitPro/libnds/lib\libnds9.a(keys.o)
 .data.delay    0x0201766a        0x1 C:/devkitPro/libnds/lib\libnds9.a(keys.o)
 *fill*         0x0201766b        0x1 ff
 .data.g_dietPrintFn
                0x0201766c        0x4 C:/devkitPro/calico/lib\libcalico_ds9.a(dietprint.o)
                0x0201766c                g_dietPrintFn
 .data.__malloc_sbrk_base
                0x02017670        0x4 C:/devkitPro/devkitARM/bin/../lib/gcc/arm-none-eabi/15.1.0/../../../../arm-none-eabi/lib/thumb\libg.a(libc_a-mallocr.o)
                0x02017670                __malloc_sbrk_base
 .data.__malloc_trim_threshold
                0x02017674        0x4 C:/devkitPro/devkitARM/bin/../lib/gcc/arm-none-eabi/15.1.0/../../../../arm-none-eabi/lib/thumb\libg.a(libc_a-mallocr.o)
                0x02017674                __malloc_trim_threshold
 .data.__malloc_av_
                0x02017678      0x408 C:/devkitPro/devkitARM/bin/../lib/gcc/arm-none-eabi/15.1.0/../../../../arm-none-eabi/lib/thumb\libg.a(libc_a-mallocr.o)
                0x02017678                __malloc_av_
 .data.__global_locale
                0x02017a80      0x16c C:/devkitPro/devkitARM/bin/../lib/gcc/arm-none-eabi/15.1.0/../../../../arm-none-eabi/lib/thumb\libg.a(libc_a-locale.o)
                0x02017a80                __global_locale
 .data.__sglue  0x02017bec        0xc C:/devkitPro/devkitARM/bin/../lib/gcc/arm-none-eabi/15.1.0/../../../../arm-none-eabi/lib/thumb\libg.a(libc_a-findfp.o)
                0x02017bec                __sglue
 .data._impure_ptr
                0x02017bf8        0x4 C:/devkitPro/devkitARM/bin/../lib/gcc/arm-none-eabi/15.1.0/../../../../arm-none-eabi/lib/thumb\libg.a(libc_a-impure.o)
                0x02017bf8                _impure_ptr
 *fill*         0x02017bfc        0x4 ff
 .data._impure_data
                0x02017c00      0x140 C:/devkitPro/devkitARM/bin/../lib/gcc/arm-none-eabi/15.1.0/../../../../arm-none-eabi/lib/thumb\libg.a(libc_a-impure.o)
                0x02017c00                _impure_data
 .data.handles  0x02017d40     0x1000 C:/devkitPro/devkitARM/bin/../lib/gcc/arm-none-eabi/15.1.0/../../../../arm-none-eabi/lib/thumb\libsysbase.a(libsysbase_libsysbase_a-handle_manager.o)
 .data.__stderr_handle
                0x02018d40        0xc C:/devkitPro/devkitARM/bin/../lib/gcc/arm-none-eabi/15.1.0/../../../../arm-none-eabi/lib/thumb\libsysbase.a(libsysbase_libsysbase_a-handle_manager.o)
 .data.__stdout_handle
                0x02018d4c        0xc C:/devkitPro/devkitARM/bin/../lib/gcc/arm-none-eabi/15.1.0/../../../../arm-none-eabi/lib/thumb\libsysbase.a(libsysbase_libsysbase_a-handle_manager.o)
 .data.__stdin_handle
                0x02018d58        0xc C:/devkitPro/devkitARM/bin/../lib/gcc/arm-none-eabi/15.1.0/../../../../arm-none-eabi/lib/thumb\libsysbase.a(libsysbase_libsysbase_a-handle_manager.o)
 .data.devoptab_list
                0x02018d64       0x8c C:/devkitPro/devkitARM/bin/../lib/gcc/arm-none-eabi/15.1.0/../../../../arm-none-eabi/lib/thumb\libsysbase.a(libsysbase_libsysbase_a-iosupport.o)
                0x02018d64                devoptab_list
 EXCLUDE_FILE(*.twl.*) *(.data1)
 EXCLUDE_FILE(*.twl.*) *(.igot.plt)
 .igot.plt      0x02018df0        0x0 C:/devkitPro/devkitARM/bin/../lib/gcc/arm-none-eabi/15.1.0/thumb/crtbegin.o
                0x02018df0                        . = ALIGN (0x4)

.ARM.extab
 *(.ARM.extab* .gnu.linkonce.armextab.*)

.ARM.exidx      0x02018df0        0x0 load address 0x0201d064
 *(.ARM.exidx* .gnu.linkonce.armexidx.*)
                [!provide]                        PROVIDE (__exidx_start = ADDR (.ARM.exidx))
                [!provide]                        PROVIDE (__exidx_end = (ADDR (.ARM.exidx) + SIZEOF (.ARM.exidx)))

.eh_frame_hdr
 *(.eh_frame_hdr)
 *(.eh_frame_entry .eh_frame_entry.*)

.eh_frame       0x02018df0        0x4 load address 0x0201d064
 *(.eh_frame)
 .eh_frame      0x02018df0        0x0 C:/devkitPro/devkitARM/bin/../lib/gcc/arm-none-eabi/15.1.0/thumb/crtbegin.o
 .eh_frame      0x02018df0        0x4 C:/devkitPro/devkitARM/bin/../lib/gcc/arm-none-eabi/15.1.0/thumb/crtend.o
 *(.eh_frame.*)

.gcc_except_table
 *(.gcc_except_table .gcc_except_table.*)

.gnu_extab
 *(.gnu_extab*)

.tinfo          0x02018df4        0xc load address 0x0201d068
                0x02018df4        0x4 LONG 0x2018e10 __tls_start
                0x02018df8        0x4 LONG 0x0 SIZEOF (.main.tls)
                0x02018dfc        0x4 LONG 0x0 SIZEOF (.tdata)
                0x02018df4                        PROVIDE (__tls_info = ADDR (.tinfo))

.preinit_array  0x02018e00        0x0 load address 0x0201d074
                0x02018e00                        PROVIDE (__preinit_array_start = .)
 *(.preinit_array)
                0x02018e00                        PROVIDE (__preinit_array_end = .)

.init_array     0x02018e00        0x8 load address 0x0201d074
                0x02018e00                        PROVIDE (__init_array_start = .)
 *(SORT_BY_INIT_PRIORITY(.init_array.*) SORT_BY_INIT_PRIORITY(.ctors.*))
 *(.init_array .ctors)
 .init_array    0x02018e00        0x4 C:/devkitPro/devkitARM/bin/../lib/gcc/arm-none-eabi/15.1.0/thumb/crtbegin.o
 .init_array    0x02018e04        0x4 C:/devkitPro/libnds/lib\libnds9.a(sound.o)
                0x02018e08                        PROVIDE (__init_array_end = .)

.fini_array     0x02018e08        0x4 load address 0x0201d07c
                0x02018e08                        PROVIDE (__fini_array_start = .)
 *(SORT_BY_INIT_PRIORITY(.fini_array.*) SORT_BY_INIT_PRIORITY(.dtors.*))
 *(.fini_array .dtors)
 .fini_array    0x02018e08        0x4 C:/devkitPro/devkitARM/bin/../lib/gcc/arm-none-eabi/15.1.0/thumb/crtbegin.o
                0x02018e0c                        PROVIDE (__fini_array_end = .)
                [!provide]                        PROVIDE (__main_lma = LOADADDR (.main))
                0x020013c0                        PROVIDE (__main_start = ADDR (.main))
                0x02018e0c                        PROVIDE (__main_end = (ADDR (.fini_array) + SIZEOF (.fini_array)))

.tdata          0x00000000        0x0 load address 0x0201d080
 *(.tdata .tdata.* .gnu.linkonce.td.*)
                0x00000000                        . = ALIGN (0x4)

.tbss           0x00000000        0x0 load address 0x0201d080
 *(.tbss .tbss.* .gnu.linkonce.tb.*)
 *(.tcommon)
                0x00000000                        . = ALIGN (0x4)
                0x00000001                        ASSERT (((ALIGNOF (.tdata) <= 0x8) || (ALIGNOF (.tbss) <= 0x8)), Error: TLS is overaligned (up to 8-byte alignment is supported))
                0x00000001                        ASSERT (((ADDR (.tbss) + SIZEOF (.tbss)) <= (ORIGIN (tls) + LENGTH (tls))), Error: TLS section too large)

.main.tls       0x02018e10        0x0
                0x02018e10                        . = (. + ((ADDR (.tbss) + SIZEOF (.tbss)) - ADDR (.tdata)))
                [!provide]                        PROVIDE (__tls_lma = LOADADDR (.tdata))
                0x02018e10                        PROVIDE (__tls_start = ADDR (.main.tls))
                0x02018e10                        PROVIDE (__tls_end = (ADDR (.main.tls) + SIZEOF (.tdata)))

.main.bss       0x02018e20    0x1d25c
 EXCLUDE_FILE(*.twl.*) *(.dynbss)
 EXCLUDE_FILE(*.twl.*) *(.bss .bss.* .gnu.linkonce.b.*)
 .bss.completed.1
                0x02018e20        0x1 C:/devkitPro/devkitARM/bin/../lib/gcc/arm-none-eabi/15.1.0/thumb/crtbegin.o
 *fill*         0x02018e21        0x3 
 .bss.object.0  0x02018e24       0x18 C:/devkitPro/devkitARM/bin/../lib/gcc/arm-none-eabi/15.1.0/thumb/crtbegin.o
 .bss.s_active_half
                0x02018e3c        0x4 audio_stream.o
 .bss.s_write_pos
                0x02018e40        0x2 audio_stream.o
 *fill*         0x02018e42        0x2 
 .bss.s_write_buf
                0x02018e44        0x4 audio_stream.o
 *fill*         0x02018e48       0x18 
 .bss.s_buf_b   0x02018e60      0x800 audio_stream.o
 .bss.s_buf_a   0x02019660      0x800 audio_stream.o
 .bss.g_cfg     0x02019e60        0x4 config.o
                0x02019e60                g_cfg
 .bss.s_hmac_seq
                0x02019e64        0x4 hmac_auth.o
 .bss.s_telem   0x02019e68        0xc input.o
 .bss.s_vblank  0x02019e74        0x4 main.o
 .bss.s_rx_scratch
                0x02019e78      0x578 nifi_net.o
 .bss.s_diag_seq
                0x0201a3f0        0x2 nifi_net.o
 *fill*         0x0201a3f2        0x2 
 .bss.s_diag_pong
                0x0201a3f4        0xc nifi_net.o
 .bss.s_diag_pong_pending
                0x0201a400        0x4 nifi_net.o
 .bss.s_cong_seq
                0x0201a404        0x2 nifi_net.o
 .bss.s_telem_seq
                0x0201a406        0x2 nifi_net.o
 .bss.s_congestion_timer
                0x0201a408        0x2 nifi_net.o
 .bss.s_rx_drops
                0x0201a40a        0x2 nifi_net.o
 .bss.s_tx_buf  0x0201a40c      0x578 nifi_net.o
 .bss.s_audio_buf
                0x0201a984     0x2bd8 nifi_net.o
 .bss.s_video_buf
                0x0201d55c     0x2bd8 nifi_net.o
 .bss.s_console_inited
                0x02020134        0x4 sub_ui.o
 .bss.s_console
                0x02020138       0x5c sub_ui.o
 .bss.s_touch_debounce
                0x02020194        0x4 sub_ui.o
 .bss.s_remap_count
                0x02020198        0x4 sub_ui.o
 .bss.s_remap_table
                0x0202019c       0x80 sub_ui.o
 .bss.s_last_key
                0x0202021c        0x1 sub_ui.o
 *fill*         0x0202021d        0x3 
 .bss.s_shift   0x02020220        0x4 sub_ui.o
 .bss.s_state   0x02020224        0x1 sub_ui.o
 *fill*         0x02020225        0x3 
 .bss.s_dirty   0x02020228        0x4 video_decode.o
 .bss.s_framebuf
                0x0202022c     0xc000 video_decode.o
 .bss.bgIsTextLut
                0x0202c22c        0x8 C:/devkitPro/libnds/lib\libnds9.a(background.o)
                0x0202c22c                bgIsTextLut
 .bss.bgState   0x0202c234      0x140 C:/devkitPro/libnds/lib\libnds9.a(background.o)
                0x0202c234                bgState
 .bss.currentCopy
                0x0202c374       0x5c C:/devkitPro/libnds/lib\libnds9.a(console.o)
                0x0202c374                currentCopy
 .bss.keysrepeat
                0x0202c3d0        0x2 C:/devkitPro/libnds/lib\libnds9.a(keys.o)
 *fill*         0x0202c3d2        0x2 
 .bss.s_keypad  0x0202c3d4        0x4 C:/devkitPro/libnds/lib\libnds9.a(keys.o)
 .bss.g_excptHandler
                0x0202c3d8        0x4 C:/devkitPro/libnds/lib\libnds9.a(exceptionEntry.o)
                0x0202c3d8                g_excptHandler
 .bss.s_sleepThreads
                0x0202c3dc        0x8 C:/devkitPro/calico/lib\libcalico_ds9.a(thread_cold.o)
 .bss.s_joinThreads
                0x0202c3e4        0x8 C:/devkitPro/calico/lib\libcalico_ds9.a(thread_cold.o)
 .bss.s_idleThread
                0x0202c3ec       0x70 C:/devkitPro/calico/lib\libcalico_ds9.a(thread_cold.o)
 .bss.s_mainThread
                0x0202c45c       0x70 C:/devkitPro/calico/lib\libcalico_ds9.a(thread_cold.o)
 .bss.s_soundPxiCredits
                0x0202c4cc        0x2 C:/devkitPro/calico/lib\libcalico_ds9.a(sound.o)
 *fill*         0x0202c4ce        0x2 
 .bss.s_soundPxiCreditWaitList
                0x0202c4d0        0x8 C:/devkitPro/calico/lib\libcalico_ds9.a(sound.o)
 .bss.s_soundAutoUpdate
                0x0202c4d8        0x1 C:/devkitPro/calico/lib\libcalico_ds9.a(sound.o)
 .bss.s_soundInit
                0x0202c4d9        0x1 C:/devkitPro/calico/lib\libcalico_ds9.a(sound.o)
 .bss.initted.0
                0x0202c4da        0x1 C:/devkitPro/calico/lib\libcalico_ds9.a(wlmgr.o)
 *fill*         0x0202c4db        0x5 
 .bss.s_wlmgrState
                0x0202c4e0       0x40 C:/devkitPro/calico/lib\libcalico_ds9.a(wlmgr.o)
 .bss.s_wlmgrDefaultPacketHeap
                0x0202c520     0x8c80 C:/devkitPro/calico/lib\libcalico_ds9.a(wlmgr.o)
 .bss.s_wlmgrThreadStack
                0x020351a0      0x800 C:/devkitPro/calico/lib\libcalico_ds9.a(wlmgr.o)
 .bss.s_wlmgrThread
                0x020359a0       0x70 C:/devkitPro/calico/lib\libcalico_ds9.a(wlmgr.o)
 .bss.s_firstTask
                0x02035a10        0x4 C:/devkitPro/calico/lib\libcalico_ds9.a(tick.o)
 *fill*         0x02035a14        0x4 
 .bss.s_highTickCount
                0x02035a18        0x8 C:/devkitPro/calico/lib\libcalico_ds9.a(tick.o)
 .bss.s_tickInit
                0x02035a20        0x1 C:/devkitPro/calico/lib\libcalico_ds9.a(tick.o)
 *fill*         0x02035a21        0x3 
 .bss.s_mailboxRecvQueue
                0x02035a24        0x8 C:/devkitPro/calico/lib\libcalico_ds9.a(mailbox.o)
 .bss.s_defaultErrno.0
                0x02035a2c        0x4 C:/devkitPro/calico/lib\libcalico_ds9.a(newlib_syscalls.o)
 .bss.__stacksize__
                0x02035a30        0x4 C:/devkitPro/calico/lib\libcalico_ds9.a(startup.crt0.o)
                0x02035a30                __stacksize__
 .bss.g_isTwlMode
                0x02035a34        0x1 C:/devkitPro/calico/lib\libcalico_ds9.a(startup.crt0.o)
                0x02035a34                g_isTwlMode
 *fill*         0x02035a35        0x3 
 .bss.s_pxiChannels
                0x02035a38      0x1f0 C:/devkitPro/calico/lib\libcalico_ds9.a(pxi.o)
 .bss.s_pxiRecvState
                0x02035c28        0x4 C:/devkitPro/calico/lib\libcalico_ds9.a(pxi.o)
 .bss.s_pxiRecvQueue
                0x02035c2c        0x8 C:/devkitPro/calico/lib\libcalico_ds9.a(pxi.o)
 .bss.s_pxiSendMutex
                0x02035c34        0x4 C:/devkitPro/calico/lib\libcalico_ds9.a(pxi.o)
 .bss.s_pmPxiThreadStack
                0x02035c38      0x200 C:/devkitPro/calico/lib\libcalico_ds9.a(pm.o)
 .bss.s_pmPxiThread
                0x02035e38       0x70 C:/devkitPro/calico/lib\libcalico_ds9.a(pm.o)
 .bss.s_pmState
                0x02035ea8        0x8 C:/devkitPro/calico/lib\libcalico_ds9.a(pm.o)
 .bss.__malloc_current_mallinfo
                0x02035eb0       0x28 C:/devkitPro/devkitARM/bin/../lib/gcc/arm-none-eabi/15.1.0/../../../../arm-none-eabi/lib/thumb\libg.a(libc_a-mallocr.o)
                0x02035eb0                __malloc_current_mallinfo
 .bss.__malloc_max_total_mem
                0x02035ed8        0x4 C:/devkitPro/devkitARM/bin/../lib/gcc/arm-none-eabi/15.1.0/../../../../arm-none-eabi/lib/thumb\libg.a(libc_a-mallocr.o)
                0x02035ed8                __malloc_max_total_mem
 .bss.__malloc_max_sbrked_mem
                0x02035edc        0x4 C:/devkitPro/devkitARM/bin/../lib/gcc/arm-none-eabi/15.1.0/../../../../arm-none-eabi/lib/thumb\libg.a(libc_a-mallocr.o)
                0x02035edc                __malloc_max_sbrked_mem
 .bss.__malloc_top_pad
                0x02035ee0        0x4 C:/devkitPro/devkitARM/bin/../lib/gcc/arm-none-eabi/15.1.0/../../../../arm-none-eabi/lib/thumb\libg.a(libc_a-mallocr.o)
                0x02035ee0                __malloc_top_pad
 .bss.__malloc_recursive_mutex
                0x02035ee4        0xc C:/devkitPro/devkitARM/bin/../lib/gcc/arm-none-eabi/15.1.0/../../../../arm-none-eabi/lib/thumb\libg.a(libc_a-mlock.o)
 .bss.__sfp_recursive_mutex
                0x02035ef0        0xc C:/devkitPro/devkitARM/bin/../lib/gcc/arm-none-eabi/15.1.0/../../../../arm-none-eabi/lib/thumb\libg.a(libc_a-findfp.o)
 *fill*         0x02035efc        0x4 
 .bss.__sf      0x02035f00      0x168 C:/devkitPro/devkitARM/bin/../lib/gcc/arm-none-eabi/15.1.0/../../../../arm-none-eabi/lib/thumb\libg.a(libc_a-findfp.o)
                0x02035f00                __sf
 .bss.__stdio_exit_handler
                0x02036068        0x4 C:/devkitPro/devkitARM/bin/../lib/gcc/arm-none-eabi/15.1.0/../../../../arm-none-eabi/lib/thumb\libg.a(libc_a-findfp.o)
                0x02036068                __stdio_exit_handler
 .bss.__hndl_lock
                0x0203606c        0x4 C:/devkitPro/devkitARM/bin/../lib/gcc/arm-none-eabi/15.1.0/../../../../arm-none-eabi/lib/thumb\libsysbase.a(libsysbase_libsysbase_a-handle_manager.o)
 .bss.fake_heap_start
                0x02036070        0x4 C:/devkitPro/devkitARM/bin/../lib/gcc/arm-none-eabi/15.1.0/../../../../arm-none-eabi/lib/thumb\libsysbase.a(libsysbase_libsysbase_a-malloc_vars.o)
                0x02036070                fake_heap_start
 .bss.fake_heap_end
                0x02036074        0x4 C:/devkitPro/devkitARM/bin/../lib/gcc/arm-none-eabi/15.1.0/../../../../arm-none-eabi/lib/thumb\libsysbase.a(libsysbase_libsysbase_a-malloc_vars.o)
                0x02036074                fake_heap_end
 .bss.heap_start.0
                0x02036078        0x4 C:/devkitPro/devkitARM/bin/../lib/gcc/arm-none-eabi/15.1.0/../../../../arm-none-eabi/lib/thumb\libsysbase.a(libsysbase_libsysbase_a-sbrk.o)
 EXCLUDE_FILE(*.twl.*) *(COMMON)
                0x0203607c                        . = ALIGN (0x4)
                [!provide]                        PROVIDE (__main_bss_start = ADDR (.main.bss))
                0x0203607c                        PROVIDE (__main_bss_end = (ADDR (.main.bss) + SIZEOF (.main.bss)))
                0x0203607c                        . = .
                0x0203607c                        PROVIDE (__heap_start_ntr = .)
                0x00000001                        ASSERT ((. <= 0x2380000), Error: DS-mode sections overflow DS ARM9 memory size (3.5 MB))

.twl            0x02036080        0x0 load address 0x02400000
 *(.twl .twl.*)
 *.twl.*(.text .stub .text.* .gnu.linkonce.t.*)
 *.twl.*(.glue_7t .glue_7 .vfp11_veneer .v4_bx)
 *.twl.*(.rodata .rodata.* .gnu.linkonce.r.*)
 *.twl.*(.rodata1)
                0x02036080                        . = ALIGN (0x4)

.twl.rw         0x02036080        0x0 load address 0x02400000
 *.twl.*(.data .data.* .gnu.linkonce.d.*)
 *.twl.*(.data1)
                0x02036080                        . = ALIGN (0x4)
                0x02400000                        PROVIDE (__twl_lma = LOADADDR (.twl))
                0x02036080                        PROVIDE (__twl_start = ADDR (.twl))
                0x02036080                        PROVIDE (__twl_end = (ADDR (.twl.rw) + SIZEOF (.twl.rw)))

.twl.bss        0x02036080        0x0 load address 0x02400000
 *(.twl_bss .twl_bss.*)
 *.twl.*(.dynbss)
 *.twl.*(.bss .bss.* .gnu.linkonce.b.*)
 *.twl.*(COMMON)
                0x02036080                        . = ALIGN (0x4)
                [!provide]                        PROVIDE (__twl_bss_start = ADDR (.twl.bss))
                0x02036080                        PROVIDE (__twl_bss_end = (ADDR (.twl.bss) + SIZEOF (.twl.bss)))
                0x02036080                        . = .
                0x02036080                        PROVIDE (__heap_start_twl = .)

.loadlist       0x0e000998       0x30 load address 0x0201d080
                0x0e000998        0x4 LONG 0x1ff8000 __itcm_start
                0x0e00099c        0x4 LONG 0x1ff88dc __itcm_end
                0x0e0009a0        0x4 LONG 0x1ff88dc __itcm_end
                0x0e0009a4        0x4 LONG 0x2ff0000 __dtcm_start
                0x0e0009a8        0x4 LONG 0x2ff0000 __dtcm_end
                0x0e0009ac        0x4 LONG 0x2ff00a0 __dtcm_bss_end
                0x0e0009b0        0x4 LONG 0x20013c0 __main_start
                0x0e0009b4        0x4 LONG 0x2018e0c __main_end
                0x0e0009b8        0x4 LONG 0x2018e0c __main_end
                0x0e0009bc        0x4 LONG 0x2018e10 __tls_start
                0x0e0009c0        0x4 LONG 0x2018e10 __tls_end
                0x0e0009c4        0x4 LONG 0x203607c __main_bss_end
                0x02004d58                        PROVIDE (__loadlist_lma = __itcm_lma)
                0x0201d080                        PROVIDE (__loadlist_start = LOADADDR (.loadlist))
                0x0201d0b0                        PROVIDE (__loadlist_end = (LOADADDR (.loadlist) + SIZEOF (.loadlist)))

.twl.loadlist   0x0e0009c8        0xc load address 0x02400000
                0x0e0009c8        0x4 LONG 0x2036080 __twl_start
                0x0e0009cc        0x4 LONG 0x2036080 __twl_end
                0x0e0009d0        0x4 LONG 0x2036080 __twl_bss_end
                0x02400000                        PROVIDE (__twl_loadlist_lma = __twl_lma)
                0x02400000                        PROVIDE (__twl_loadlist_start = LOADADDR (.twl.loadlist))