Archive member included to satisfy reference by file (symbol)

C:/devkitPro/libogc/lib/wii\libfat.a(libfat.o)
                              main.o (fatInitDefault)
C:/devkitPro/libogc/lib/wii\libfat.a(partition.o)
                              C:/devkitPro/libogc/lib/wii\libfat.a(libfat.o) (_FAT_partition_constructor)
C:/devkitPro/libogc/lib/wii\libfat.a(fatdir.o)
                              C:/devkitPro/libogc/lib/wii\libfat.a(libfat.o) (_FAT_stat_r)
C:/devkitPro/libogc/lib/wii\libfat.a(cache.o)
                              C:/devkitPro/libogc/lib/wii\libfat.a(partition.o) (_FAT_cache_constructor)
C:/devkitPro/libogc/lib/wii\libfat.a(fatfile.o)
                              C:/devkitPro/libogc/lib/wii\libfat.a(libfat.o) (_FAT_open_r)
C:/devkitPro/libogc/lib/wii\libfat.a(disc.o)
                              C:/devkitPro/libogc/lib/wii\libfat.a(libfat.o) (_FAT_disc_interfaces)
C:/devkitPro/libogc/lib/wii\libfat.a(file_allocation_table.o)
                              C:/devkitPro/libogc/lib/wii\libfat.a(fatfile.o) (_FAT_fat_nextCluster)
C:/devkitPro/libogc/lib/wii\libfat.a(filetime.o)
                              C:/devkitPro/libogc/lib/wii\libfat.a(fatdir.o) (_FAT_filetime_getTimeFromRTC)
C:/devkitPro/libogc/lib/wii\libfat.a(directory.o)
                              C:/devkitPro/libogc/lib/wii\libfat.a(fatdir.o) (_FAT_directory_entryGetCluster)
C:/devkitPro/libogc/lib/wii\libwiiuse.a(wpad.o)
                              main.o (WPAD_Init)
C:/devkitPro/libogc/lib/wii\libwiiuse.a(motion_plus.o)
                              C:/devkitPro/libogc/lib/wii\libwiiuse.a(wpad.o) (wiiuse_set_motion_plus)
C:/devkitPro/libogc/lib/wii\libwiiuse.a(dynamics.o)
                              C:/devkitPro/libogc/lib/wii\libwiiuse.a(wpad.o) (calculate_gforce)
C:/devkitPro/libogc/lib/wii\libwiiuse.a(io.o)
                              C:/devkitPro/libogc/lib/wii\libwiiuse.a(motion_plus.o) (wiiuse_disable_expansion)
C:/devkitPro/libogc/lib/wii\libwiiuse.a(io_wii.o)
                              C:/devkitPro/libogc/lib/wii\libwiiuse.a(wpad.o) (__wiiuse_sensorbar_enable)
C:/devkitPro/libogc/lib/wii\libwiiuse.a(ir.o)
                              C:/devkitPro/libogc/lib/wii\libwiiuse.a(motion_plus.o) (wiiuse_set_ir_mode)
C:/devkitPro/libogc/lib/wii\libwiiuse.a(nunchuk.o)
                              C:/devkitPro/libogc/lib/wii\libwiiuse.a(io.o) (nunchuk_handshake)
C:/devkitPro/libogc/lib/wii\libwiiuse.a(wiiboard.o)
                              C:/devkitPro/libogc/lib/wii\libwiiuse.a(io.o) (wii_board_handshake)
C:/devkitPro/libogc/lib/wii\libwiiuse.a(wiiuse.o)
                              C:/devkitPro/libogc/lib/wii\libwiiuse.a(wpad.o) (wiiuse_init)
C:/devkitPro/libogc/lib/wii\libwiiuse.a(speaker.o)
                              C:/devkitPro/libogc/lib/wii\libwiiuse.a(wpad.o) (wencdata)
C:/devkitPro/libogc/lib/wii\libwiiuse.a(classic.o)
                              C:/devkitPro/libogc/lib/wii\libwiiuse.a(io.o) (classic_ctrl_handshake)
C:/devkitPro/libogc/lib/wii\libwiiuse.a(events.o)
                              C:/devkitPro/libogc/lib/wii\libwiiuse.a(io_wii.o) (parse_event)
C:/devkitPro/libogc/lib/wii\libwiiuse.a(guitar_hero_3.o)
                              C:/devkitPro/libogc/lib/wii\libwiiuse.a(io.o) (guitar_hero_3_handshake)
C:/devkitPro/libogc/lib/wii\libbte.a(bte.o)
                              C:/devkitPro/libogc/lib/wii\libwiiuse.a(wpad.o) (BTE_Init)
C:/devkitPro/libogc/lib/wii\libbte.a(hci.o)
                              C:/devkitPro/libogc/lib/wii\libbte.a(bte.o) (hci_init)
C:/devkitPro/libogc/lib/wii\libbte.a(l2cap.o)
                              C:/devkitPro/libogc/lib/wii\libbte.a(bte.o) (l2cap_init)
C:/devkitPro/libogc/lib/wii\libbte.a(btmemb.o)
                              C:/devkitPro/libogc/lib/wii\libbte.a(bte.o) (btmemb_init)
C:/devkitPro/libogc/lib/wii\libbte.a(btmemr.o)
                              C:/devkitPro/libogc/lib/wii\libbte.a(hci.o) (btmemr_init)
C:/devkitPro/libogc/lib/wii\libbte.a(btpbuf.o)
                              C:/devkitPro/libogc/lib/wii\libbte.a(hci.o) (btpbuf_init)
C:/devkitPro/libogc/lib/wii\libbte.a(physbusif.o)
                              C:/devkitPro/libogc/lib/wii\libbte.a(bte.o) (physbusif_init)
C:/devkitPro/libogc/lib/wii\libogc.a(console.o)
                              main.o (CON_Init)
C:/devkitPro/libogc/lib/wii\libogc.a(lwp_queue.o)
                              C:/devkitPro/libogc/lib/wii\libwiiuse.a(io_wii.o) (__lwp_queue_initialize)
C:/devkitPro/libogc/lib/wii\libogc.a(lwp_threads.o)
                              C:/devkitPro/libogc/lib/wii\libwiiuse.a(wpad.o) (_thread_dispatch_disable_level)
C:/devkitPro/libogc/lib/wii\libogc.a(lwp.o)
                              C:/devkitPro/libogc/lib/wii\libbte.a(bte.o) (LWP_InitQueue)
C:/devkitPro/libogc/lib/wii\libogc.a(lwp_handler.o)
                              C:/devkitPro/libogc/lib/wii\libogc.a(lwp_threads.o) (_cpu_context_save_fp)
[...]
Memory Configuration

Name             Origin             Length             Attributes
*default*        0x00000000         0xffffffff

Linker script and memory map

                0x00003400                . = 0x3400

.stub
 *(.stub)
                0x80004000                . = 0x80004000

.init           0x80004000      0x194
 *crt0.o(*.init)
 .init          0x80004000      0x170 C:/devkitPro/libogc/lib/wii\libogc.a(ogc_crt0.o)
                0x80004000                _start
                0x80004140                _memset
 *(.init)
 .init          0x80004170        0xc c:/devkitpro/devkitppc/bin/../lib/gcc/powerpc-eabi/6.3.0/ecrti.o
                0x80004170                __init
 .init          0x8000417c        0x4 c:/devkitpro/devkitppc/bin/../lib/gcc/powerpc-eabi/6.3.0/crtbegin.o
 .init          0x80004180        0x4 c:/devkitpro/devkitppc/bin/../lib/gcc/powerpc-eabi/6.3.0/crtend.o
 .init          0x80004184       0x10 c:/devkitpro/devkitppc/bin/../lib/gcc/powerpc-eabi/6.3.0/ecrtn.o

.rela.dyn       0x80004194        0x0
 .rela.iplt     0x80004194        0x0 c:/devkitpro/devkitppc/bin/../lib/gcc/powerpc-eabi/6.3.0/crtbegin.o

.plt
 *(.plt)

.interp
 *(.interp)

.hash
 *(.hash)

.dynsym
 *(.dynsym)

.dynstr
 *(.dynstr)

.gnu.version
 *(.gnu.version)

.gnu.version_d
 *(.gnu.version_d)

.gnu.version_r
 *(.gnu.version_r)

.rel.init
 *(.rel.init)

.rela.init      0x80004194        0x0
 *(.rela.init)
 .rela.init     0x80004194        0x0 c:/devkitpro/devkitppc/bin/../lib/gcc/powerpc-eabi/6.3.0/crtbegin.o

.rel.text
 *(.rel.text .rel.text.* .rel.gnu.linkonce.t.*)

.rela.text      0x80004194        0x0
 *(.rela.text .rela.text.* .rela.gnu.linkonce.t.*)
 .rela.text.deregister_tm_clones
                0x80004194        0x0 c:/devkitpro/devkitppc/bin/../lib/gcc/powerpc-eabi/6.3.0/crtbegin.o
 .rela.text.register_tm_clones
                0x80004194        0x0 c:/devkitpro/devkitppc/bin/../lib/gcc/powerpc-eabi/6.3.0/crtbegin.o
 .rela.text.__do_global_dtors_aux
                0x80004194        0x0 c:/devkitpro/devkitppc/bin/../lib/gcc/powerpc-eabi/6.3.0/crtbegin.o
 .rela.text.frame_dummy
                0x80004194        0x0 c:/devkitpro/devkitppc/bin/../lib/gcc/powerpc-eabi/6.3.0/crtbegin.o
 .rela.text.fatUnmount
                0x80004194        0x0 c:/devkitpro/devkitppc/bin/../lib/gcc/powerpc-eabi/6.3.0/crtbegin.o
 .rela.text.fatInit
                0x80004194        0x0 c:/devkitpro/devkitppc/bin/../lib/gcc/powerpc-eabi/6.3.0/crtbegin.o
 .rela.text.fatGetVolumeLabel
                0x80004194        0x0 c:/devkitpro/devkitppc/bin/../lib/gcc/powerpc-eabi/6.3.0/crtbegin.o
 .rela.text.get_io_wiisd
                0x80004194        0x0 c:/devkitpro/devkitppc/bin/../lib/gcc/powerpc-eabi/6.3.0/crtbegin.o
 .rela.text.get_io_usbstorage
                0x80004194        0x0 c:/devkitpro/devkitppc/bin/../lib/gcc/powerpc-eabi/6.3.0/crtbegin.o
 .rela.text.get_io_gcsda
                0x80004194        0x0 c:/devkitpro/devkitppc/bin/../lib/gcc/powerpc-eabi/6.3.0/crtbegin.o
 .rela.text.get_io_gcsdb
                0x80004194        0x0 c:/devkitpro/devkitppc/bin/../lib/gcc/powerpc-eabi/6.3.0/crtbegin.o
 .rela.text.wiiuse_probe_motion_plus_check1
                0x80004194        0x0 c:/devkitpro/devkitppc/bin/../lib/gcc/powerpc-eabi/6.3.0/crtbegin.o
 .rela.text.wiiuse_probe_motion_plus
                0x80004194        0x0 c:/devkitpro/devkitppc/bin/../lib/gcc/powerpc-eabi/6.3.0/crtbegin.o
 .rela.text.wiiuse_handshake
                0x80004194        0x0 c:/devkitpro/devkitppc/bin/../lib/gcc/powerpc-eabi/6.3.0/crtbegin.o
 .rela.text.wiiuse_handshake_expansion
                0x80004194        0x0 c:/devkitpro/devkitppc/bin/../lib/gcc/powerpc-eabi/6.3.0/crtbegin.o
 .rela.text.wiiuse_init_cmd_queue
                0x80004194        0x0 c:/devkitpro/devkitppc/bin/../lib/gcc/powerpc-eabi/6.3.0/crtbegin.o
 .rela.text.wiiuse_init
                0x80004194        0x0 c:/devkitpro/devkitppc/bin/../lib/gcc/powerpc-eabi/6.3.0/crtbegin.o
 .rela.text.bt_alarmhandler
                0x80004194        0x0 c:/devkitpro/devkitppc/bin/../lib/gcc/powerpc-eabi/6.3.0/crtbegin.o
 .rela.text.__console_init
                0x80004194        0x0 c:/devkitpro/devkitppc/bin/../lib/gcc/powerpc-eabi/6.3.0/crtbegin.o
 .rela.text.__console_init_ex
                0x80004194        0x0 c:/devkitpro/devkitppc/bin/../lib/gcc/powerpc-eabi/6.3.0/crtbegin.o
 .rela.text.CON_EnableGecko
                0x80004194        0x0 c:/devkitpro/devkitppc/bin/../lib/gcc/powerpc-eabi/6.3.0/crtbegin.o
 .rela.text.__lwp_rotate_readyqueue
                0x80004194        0x0 c:/devkitpro/devkitppc/bin/../lib/gcc/powerpc-eabi/6.3.0/crtbegin.o
 .rela.text.__lwp_thread_tickle_timeslice
                0x80004194        0x0 c:/devkitpro/devkitppc/bin/../lib/gcc/powerpc-eabi/6.3.0/crtbegin.o
 .rela.text.__lwp_thread_setstate
                0x80004194        0x0 c:/devkitpro/devkitppc/bin/../lib/gcc/powerpc-eabi/6.3.0/crtbegin.o
 .rela.text.__lwp_thread_setpriority
                0x80004194        0x0 c:/devkitpro/devkitppc/bin/../lib/gcc/powerpc-eabi/6.3.0/crtbegin.o
 .rela.text.__lwp_thread_suspend
                0x80004194        0x0 c:/devkitpro/devkitppc/bin/../lib/gcc/powerpc-eabi/6.3.0/crtbegin.o
 .rela.text.__lwp_thread_changepriority
                0x80004194        0x0 c:/devkitpro/devkitppc/bin/../lib/gcc/powerpc-eabi/6.3.0/crtbegin.o
 .rela.text.__lwp_thread_ready
                0x80004194        0x0 c:/devkitpro/devkitppc/bin/../lib/gcc/powerpc-eabi/6.3.0/crtbegin.o
 .rela.text.__lwp_thread_init
                0x80004194        0x0 c:/devkitpro/devkitppc/bin/../lib/gcc/powerpc-eabi/6.3.0/crtbegin.o
 .rela.text.__lwp_thread_close
                0x80004194        0x0 c:/devkitpro/devkitppc/bin/../lib/gcc/powerpc-eabi/6.3.0/crtbegin.o
 .rela.text.__lwp_thread_closeall
                0x80004194        0x0 c:/devkitpro/devkitppc/bin/../lib/gcc/powerpc-eabi/6.3.0/crtbegin.o
 .rela.text.__lwp_thread_startmultitasking
                0x80004194        0x0 c:/devkitpro/devkitppc/bin/../lib/gcc/powerpc-eabi/6.3.0/crtbegin.o
 .rela.text.__lwp_thread_stopmultitasking
                0x80004194        0x0 c:/devkitpro/devkitppc/bin/../lib/gcc/powerpc-eabi/6.3.0/crtbegin.o
 .rela.text.__lwp_thread_coreinit
                0x80004194        0x0 c:/devkitpro/devkitppc/bin/../lib/gcc/powerpc-eabi/6.3.0/crtbegin.o
 .rela.text.__lwp_sysinit
                0x80004194        0x0 c:/devkitpro/devkitppc/bin/../lib/gcc/powerpc-eabi/6.3.0/crtbegin.o
 .rela.text.__lwp_thread_isalive
                0x80004194        0x0 c:/devkitpro/devkitppc/bin/../lib/gcc/powerpc-eabi/6.3.0/crtbegin.o
 .rela.text.__lwp_thread_exists
                0x80004194        0x0 c:/devkitpro/devkitppc/bin/../lib/gcc/powerpc-eabi/6.3.0/crtbegin.o
 .rela.text.__lwp_thread_context
                0x80004194        0x0 c:/devkitpro/devkitppc/bin/../lib/gcc/powerpc-eabi/6.3.0/crtbegin.o
 .rela.text.LWP_CreateThread
                0x80004194        0x0 c:/devkitpro/devkitppc/bin/../lib/gcc/powerpc-eabi/6.3.0/crtbegin.o
 .rela.text.LWP_SuspendThread
                0x80004194        0x0 c:/devkitpro/devkitppc/bin/../lib/gcc/powerpc-eabi/6.3.0/crtbegin.o
 .rela.text.LWP_ResumeThread
                0x80004194        0x0 c:/devkitpro/devkitppc/bin/../lib/gcc/powerpc-eabi/6.3.0/crtbegin.o
 .rela.text.LWP_SetThreadPriority
                0x80004194        0x0 c:/devkitpro/devkitppc/bin/../lib/gcc/powerpc-eabi/6.3.0/crtbegin.o
 .rela.text.LWP_ThreadIsSuspended
                0x80004194        0x0 c:/devkitpro/devkitppc/bin/../lib/gcc/powerpc-eabi/6.3.0/crtbegin.o
 .rela.text.LWP_JoinThread
                0x80004194        0x0 c:/devkitpro/devkitppc/bin/../lib/gcc/powerpc-eabi/6.3.0/crtbegin.o
 .rela.text.LWP_InitQueue
                0x80004194        0x0 c:/devkitpro/devkitppc/bin/../lib/gcc/powerpc-eabi/6.3.0/crtbegin.o
 .rela.text.LWP_CloseQueue
                0x80004194        0x0 c:/devkitpro/devkitppc/bin/../lib/gcc/powerpc-eabi/6.3.0/crtbegin.o
 .rela.text.LWP_ThreadSleep
                0x80004194        0x0 c:/devkitpro/devkitppc/bin/../lib/gcc/powerpc-eabi/6.3.0/crtbegin.o
 .rela.text.LWP_ThreadBroadcast
                0x80004194        0x0 c:/devkitpro/devkitppc/bin/../lib/gcc/powerpc-eabi/6.3.0/crtbegin.o
 .rela.text.LWP_ThreadSignal
                0x80004194        0x0 c:/devkitpro/devkitppc/bin/../lib/gcc/powerpc-eabi/6.3.0/crtbegin.o
 .rela.text.__lwp_stack_allocate
                0x80004194        0x0 c:/devkitpro/devkitppc/bin/../lib/gcc/powerpc-eabi/6.3.0/crtbegin.o
 .rela.text.__lwp_stack_free
                0x80004194        0x0 c:/devkitpro/devkitppc/bin/../lib/gcc/powerpc-eabi/6.3.0/crtbegin.o
 .rela.text.__lwp_watchdog_init
                0x80004194        0x0 c:/devkitpro/devkitppc/bin/../lib/gcc/powerpc-eabi/6.3.0/crtbegin.o
 .rela.text.__lwp_wd_tickle
                0x80004194        0x0 c:/devkitpro/devkitppc/bin/../lib/gcc/powerpc-eabi/6.3.0/crtbegin.o
 .rela.text.__lwp_wkspace_heapfree
                0x80004194        0x0 c:/devkitpro/devkitppc/bin/../lib/gcc/powerpc-eabi/6.3.0/crtbegin.o
 .rela.text.__lwp_wkspace_heapused
                0x80004194        0x0 c:/devkitpro/devkitppc/bin/../lib/gcc/powerpc-eabi/6.3.0/crtbegin.o
 .rela.text.__lwp_wkspace_init
                0x80004194        0x0 c:/devkitpro/devkitppc/bin/../lib/gcc/powerpc-eabi/6.3.0/crtbegin.o
 .rela.text.__lwp_objmgr_initinfo
                0x80004194        0x0 c:/devkitpro/devkitppc/bin/../lib/gcc/powerpc-eabi/6.3.0/crtbegin.o
 .rela.text.__irq_init
                0x80004194        0x0 c:/devkitpro/devkitppc/bin/../lib/gcc/powerpc-eabi/6.3.0/crtbegin.o
 .rela.text.__lwp_mutex_locksupp.constprop.8
                0x80004194        0x0 c:/devkitpro/devkitppc/bin/../lib/gcc/powerpc-eabi/6.3.0/crtbegin.o
 .rela.text.__lwp_mutex_init
                0x80004194        0x0 c:/devkitpro/devkitppc/bin/../lib/gcc/powerpc-eabi/6.3.0/crtbegin.o
 .rela.text.LWP_MutexInit
                0x80004194        0x0 c:/devkitpro/devkitppc/bin/../lib/gcc/powerpc-eabi/6.3.0/crtbegin.o
 .rela.text.LWP_MutexDestroy
                0x80004194        0x0 c:/devkitpro/devkitppc/bin/../lib/gcc/powerpc-eabi/6.3.0/crtbegin.o
 .rela.text.LWP_MutexUnlock
                0x80004194        0x0 c:/devkitpro/devkitppc/bin/../lib/gcc/powerpc-eabi/6.3.0/crtbegin.o
 .rela.text.__call_resetfuncs
                0x80004194        0x0 c:/devkitpro/devkitppc/bin/../lib/gcc/powerpc-eabi/6.3.0/crtbegin.o
 .rela.text.__unlocksram
                0x80004194        0x0 c:/devkitpro/devkitppc/bin/../lib/gcc/powerpc-eabi/6.3.0/crtbegin.o
 .rela.text.__sram_writecallback
                0x80004194        0x0 c:/devkitpro/devkitppc/bin/../lib/gcc/powerpc-eabi/6.3.0/crtbegin.o
 .rela.text.__sys_alarmhandler
                0x80004194        0x0 c:/devkitpro/devkitppc/bin/../lib/gcc/powerpc-eabi/6.3.0/crtbegin.o
 .rela.text.__sram_read.constprop.10
                0x80004194        0x0 c:/devkitpro/devkitppc/bin/../lib/gcc/powerpc-eabi/6.3.0/crtbegin.o
 .rela.text.__sram_init
                0x80004194        0x0 c:/devkitpro/devkitppc/bin/../lib/gcc/powerpc-eabi/6.3.0/crtbegin.o
 .rela.text.__SYS_LockSram
                0x80004194        0x0 c:/devkitpro/devkitppc/bin/../lib/gcc/powerpc-eabi/6.3.0/crtbegin.o
 .rela.text.__SYS_LockSramEx
                0x80004194        0x0 c:/devkitpro/devkitppc/bin/../lib/gcc/powerpc-eabi/6.3.0/crtbegin.o
 .rela.text.__SYS_SyncSram
                0x80004194        0x0 c:/devkitpro/devkitppc/bin/../lib/gcc/powerpc-eabi/6.3.0/crtbegin.o
 .rela.text.__SYS_SetBootTime
                0x80004194        0x0 c:/devkitpro/devkitppc/bin/../lib/gcc/powerpc-eabi/6.3.0/crtbegin.o
 .rela.text.SYS_Init
                0x80004194        0x0 c:/devkitpro/devkitppc/bin/../lib/gcc/powerpc-eabi/6.3.0/crtbegin.o
 .rela.text.SYS_SetAlarm
                0x80004194        0x0 c:/devkitpro/devkitppc/bin/../lib/gcc/powerpc-eabi/6.3.0/crtbegin.o
 .rela.text.SYS_SetPeriodicAlarm
                0x80004194        0x0 c:/devkitpro/devkitppc/bin/../lib/gcc/powerpc-eabi/6.3.0/crtbegin.o
 .rela.text.SYS_RemoveAlarm
                0x80004194        0x0 c:/devkitpro/devkitppc/bin/../lib/gcc/powerpc-eabi/6.3.0/crtbegin.o
 .rela.text.SYS_CancelAlarm
                0x80004194        0x0 c:/devkitpro/devkitppc/bin/../lib/gcc/powerpc-eabi/6.3.0/crtbegin.o
 .rela.text.SYS_SetWirelessID
                0x80004194        0x0 c:/devkitpro/devkitppc/bin/../lib/gcc/powerpc-eabi/6.3.0/crtbegin.o
 .rela.text.SYS_GetWirelessID
                0x80004194        0x0 c:/devkitpro/devkitppc/bin/../lib/gcc/powerpc-eabi/6.3.0/crtbegin.o
 .rela.text.__lwp_cond_waitsupp.constprop.4
                0x80004194        0x0 c:/devkitpro/devkitppc/bin/../lib/gcc/powerpc-eabi/6.3.0/crtbegin.o
 .rela.text.__lwp_cond_signalsupp
                0x80004194        0x0 c:/devkitpro/devkitppc/bin/../lib/gcc/powerpc-eabi/6.3.0/crtbegin.o
 .rela.text.__lwp_cond_init
                0x80004194        0x0 c:/devkitpro/devkitppc/bin/../lib/gcc/powerpc-eabi/6.3.0/crtbegin.o
 .rela.text.LWP_CondInit
                0x80004194        0x0 c:/devkitpro/devkitppc/bin/../lib/gcc/powerpc-eabi/6.3.0/crtbegin.o
 .rela.text.LWP_CondDestroy
                0x80004194        0x0 c:/devkitpro/devkitppc/bin/../lib/gcc/powerpc-eabi/6.3.0/crtbegin.o
 .rela.text.c_decrementer_handler
                0x80004194        0x0 c:/devkitpro/devkitppc/bin/../lib/gcc/powerpc-eabi/6.3.0/crtbegin.o
 .rela.text.__lwp_mqbox_init
                0x80004194        0x0 c:/devkitpro/devkitppc/bin/../lib/gcc/powerpc-eabi/6.3.0/crtbegin.o
 .rela.text.MQ_Init
                0x80004194        0x0 c:/devkitpro/devkitppc/bin/../lib/gcc/powerpc-eabi/6.3.0/crtbegin.o
 .rela.text.MQ_Close
                0x80004194        0x0 c:/devkitpro/devkitppc/bin/../lib/gcc/powerpc-eabi/6.3.0/crtbegin.o
 .rela.text.MQ_Send
                0x80004194        0x0 c:/devkitpro/devkitppc/bin/../lib/gcc/powerpc-eabi/6.3.0/crtbegin.o
 .rela.text.MQ_Receive
                0x80004194        0x0 c:/devkitpro/devkitppc/bin/../lib/gcc/powerpc-eabi/6.3.0/crtbegin.o
 .rela.text.MQ_Jam
                0x80004194        0x0 c:/devkitpro/devkitppc/bin/../lib/gcc/powerpc-eabi/6.3.0/crtbegin.o
 .rela.text.__ios_ioctlvformat_parse
                0x80004194        0x0 c:/devkitpro/devkitppc/bin/../lib/gcc/powerpc-eabi/6.3.0/crtbegin.o
 .rela.text.__ioctlvfmtCB
                0x80004194        0x0 c:/devkitpro/devkitppc/bin/../lib/gcc/powerpc-eabi/6.3.0/crtbegin.o
 .rela.text.IOS_IoctlvFormat
                0x80004194        0x0 c:/devkitpro/devkitppc/bin/../lib/gcc/powerpc-eabi/6.3.0/crtbegin.o
 .rela.text.IOS_IoctlvFormatAsync
                0x80004194        0x0 c:/devkitpro/devkitppc/bin/../lib/gcc/powerpc-eabi/6.3.0/crtbegin.o
 .rela.text.nanosleep
                0x80004194        0x0 c:/devkitpro/devkitppc/bin/../lib/gcc/powerpc-eabi/6.3.0/crtbegin.o
 .rela.text.__libc_delete_hook
                0x80004194        0x0 c:/devkitpro/devkitppc/bin/../lib/gcc/powerpc-eabi/6.3.0/crtbegin.o
 .rela.text.__libc_init
                0x80004194        0x0 c:/devkitpro/devkitppc/bin/../lib/gcc/powerpc-eabi/6.3.0/crtbegin.o
 .rela.text.__libc_wrapup
                0x80004194        0x0 c:/devkitpro/devkitppc/bin/../lib/gcc/powerpc-eabi/6.3.0/crtbegin.o
 .rela.text.__CheckARGV
                0x80004194        0x0 c:/devkitpro/devkitppc/bin/../lib/gcc/powerpc-eabi/6.3.0/crtbegin.o
 .rela.text.__lwp_priority_init
                0x80004194        0x0 c:/devkitpro/devkitppc/bin/../lib/gcc/powerpc-eabi/6.3.0/crtbegin.o
 .rela.text.__lwp_threadqueue_enqueuefifo
                0x80004194        0x0 c:/devkitpro/devkitppc/bin/../lib/gcc/powerpc-eabi/6.3.0/crtbegin.o
 .rela.text.__lwp_threadqueue_dequeuefifo
                0x80004194        0x0 c:/devkitpro/devkitppc/bin/../lib/gcc/powerpc-eabi/6.3.0/crtbegin.o
 .rela.text.__lwp_threadqueue_enqueuepriority
                0x80004194        0x0 c:/devkitpro/devkitppc/bin/../lib/gcc/powerpc-eabi/6.3.0/crtbegin.o
 .rela.text.__lwp_threadqueue_dequeuepriority
                0x80004194        0x0 c:/devkitpro/devkitppc/bin/../lib/gcc/powerpc-eabi/6.3.0/crtbegin.o
 .rela.text.__lwp_threadqueue_enqueue
                0x80004194        0x0 c:/devkitpro/devkitppc/bin/../lib/gcc/powerpc-eabi/6.3.0/crtbegin.o
 .rela.text.__lwp_threadqueue_extractfifo
                0x80004194        0x0 c:/devkitpro/devkitppc/bin/../lib/gcc/powerpc-eabi/6.3.0/crtbegin.o
 .rela.text.__lwp_threadqueue_extractpriority
                0x80004194        0x0 c:/devkitpro/devkitppc/bin/../lib/gcc/powerpc-eabi/6.3.0/crtbegin.o
 .rela.text.__lwpmq_initialize
                0x80004194        0x0 c:/devkitpro/devkitppc/bin/../lib/gcc/powerpc-eabi/6.3.0/crtbegin.o
 .rela.text.__lwpmq_close
                0x80004194        0x0 c:/devkitpro/devkitppc/bin/../lib/gcc/powerpc-eabi/6.3.0/crtbegin.o
 .rela.text.__systemcall_init
                0x80004194        0x0 c:/devkitpro/devkitppc/bin/../lib/gcc/powerpc-eabi/6.3.0/crtbegin.o
 .rela.text.__exception_init
                0x80004194        0x0 c:/devkitpro/devkitppc/bin/../lib/gcc/powerpc-eabi/6.3.0/crtbegin.o
 .rela.text.__exception_close
                0x80004194        0x0 c:/devkitpro/devkitppc/bin/../lib/gcc/powerpc-eabi/6.3.0/crtbegin.o
 .rela.text.__exception_sethandler
                0x80004194        0x0 c:/devkitpro/devkitppc/bin/../lib/gcc/powerpc-eabi/6.3.0/crtbegin.o
 .rela.text     0x80004194        0x0 c:/devkitpro/devkitppc/bin/../lib/gcc/powerpc-eabi/6.3.0/crtbegin.o
 .rela.text.__lwp_sema_init
                0x80004194        0x0 c:/devkitpro/devkitppc/bin/../lib/gcc/powerpc-eabi/6.3.0/crtbegin.o
 .rela.text.LWP_SemInit
                0x80004194        0x0 c:/devkitpro/devkitppc/bin/../lib/gcc/powerpc-eabi/6.3.0/crtbegin.o
 .rela.text.LWP_SemWait
                0x80004194        0x0 c:/devkitpro/devkitppc/bin/../lib/gcc/powerpc-eabi/6.3.0/crtbegin.o
 .rela.text.LWP_SemPost
                0x80004194        0x0 c:/devkitpro/devkitppc/bin/../lib/gcc/powerpc-eabi/6.3.0/crtbegin.o
 .rela.text.LWP_SemDestroy
                0x80004194        0x0 c:/devkitpro/devkitppc/bin/../lib/gcc/powerpc-eabi/6.3.0/crtbegin.o
 .rela.text.__GX_InitRevBits
                0x80004194        0x0 c:/devkitpro/devkitppc/bin/../lib/gcc/powerpc-eabi/6.3.0/crtbegin.o
 .rela.text.__GX_CleanGPFifo
                0x80004194        0x0 c:/devkitpro/devkitppc/bin/../lib/gcc/powerpc-eabi/6.3.0/crtbegin.o
 .rela.text.__GXDefTexRegionCallback
                0x80004194        0x0 c:/devkitpro/devkitppc/bin/../lib/gcc/powerpc-eabi/6.3.0/crtbegin.o
 .rela.text.__GXDefTlutRegionCallback
                0x80004194        0x0 c:/devkitpro/devkitppc/bin/../lib/gcc/powerpc-eabi/6.3.0/crtbegin.o
 .rela.text.__SetSURegs
                0x80004194        0x0 c:/devkitpro/devkitppc/bin/../lib/gcc/powerpc-eabi/6.3.0/crtbegin.o
 .rela.text.__GXCPInterruptHandler
                0x80004194        0x0 c:/devkitpro/devkitppc/bin/../lib/gcc/powerpc-eabi/6.3.0/crtbegin.o
 .rela.text.__GX_Abort
                0x80004194        0x0 c:/devkitpro/devkitppc/bin/../lib/gcc/powerpc-eabi/6.3.0/crtbegin.o
 .rela.text.GX_SetTexCoordGen2.part.7
                0x80004194        0x0 c:/devkitpro/devkitppc/bin/../lib/gcc/powerpc-eabi/6.3.0/crtbegin.o
 .rela.text.__GX_SetDirtyState
                0x80004194        0x0 c:/devkitpro/devkitppc/bin/../lib/gcc/powerpc-eabi/6.3.0/crtbegin.o
 .rela.text.GX_SetCPUFifo
                0x80004194        0x0 c:/devkitpro/devkitppc/bin/../lib/gcc/powerpc-eabi/6.3.0/crtbegin.o
 .rela.text.GX_SetGPFifo
                0x80004194        0x0 c:/devkitpro/devkitppc/bin/../lib/gcc/powerpc-eabi/6.3.0/crtbegin.o
 .rela.text.GX_RestoreWriteGatherPipe
                0x80004194        0x0 c:/devkitpro/devkitppc/bin/../lib/gcc/powerpc-eabi/6.3.0/crtbegin.o
 .rela.text.GX_Flush
                0x80004194        0x0 c:/devkitpro/devkitppc/bin/../lib/gcc/powerpc-eabi/6.3.0/crtbegin.o
 .rela.text.GX_RedirectWriteGatherPipe
                0x80004194        0x0 c:/devkitpro/devkitppc/bin/../lib/gcc/powerpc-eabi/6.3.0/crtbegin.o
 .rela.text.__gx_onreset
                0x80004194        0x0 c:/devkitpro/devkitppc/bin/../lib/gcc/powerpc-eabi/6.3.0/crtbegin.o
 .rela.text.GX_EnableBreakPt
                0x80004194        0x0 c:/devkitpro/devkitppc/bin/../lib/gcc/powerpc-eabi/6.3.0/crtbegin.o
 .rela.text.GX_DisableBreakPt
                0x80004194        0x0 c:/devkitpro/devkitppc/bin/../lib/gcc/powerpc-eabi/6.3.0/crtbegin.o
 .rela.text.GX_AbortFrame
                0x80004194        0x0 c:/devkitpro/devkitppc/bin/../lib/gcc/powerpc-eabi/6.3.0/crtbegin.o
 .rela.text.GX_PixModeSync
                0x80004194        0x0 c:/devkitpro/devkitppc/bin/../lib/gcc/powerpc-eabi/6.3.0/crtbegin.o
 .rela.text.GX_SetMisc
                0x80004194        0x0 c:/devkitpro/devkitppc/bin/../lib/gcc/powerpc-eabi/6.3.0/crtbegin.o
 .rela.text.GX_SetCopyClamp
                0x80004194        0x0 c:/devkitpro/devkitppc/bin/../lib/gcc/powerpc-eabi/6.3.0/crtbegin.o
 .rela.text.GX_SetDispCopyGamma
                0x80004194        0x0 c:/devkitpro/devkitppc/bin/../lib/gcc/powerpc-eabi/6.3.0/crtbegin.o
 .rela.text.GX_SetDispCopyFrame2Field
                0x80004194        0x0 c:/devkitpro/devkitppc/bin/../lib/gcc/powerpc-eabi/6.3.0/crtbegin.o
 .rela.text.GX_SetDispCopyYScale
                0x80004194        0x0 c:/devkitpro/devkitppc/bin/../lib/gcc/powerpc-eabi/6.3.0/crtbegin.o
 .rela.text.GX_SetDispCopyDst
                0x80004194        0x0 c:/devkitpro/devkitppc/bin/../lib/gcc/powerpc-eabi/6.3.0/crtbegin.o
 .rela.text.GX_SetDispCopySrc
                0x80004194        0x0 c:/devkitpro/devkitppc/bin/../lib/gcc/powerpc-eabi/6.3.0/crtbegin.o
 .rela.text.GX_CopyDisp
                0x80004194        0x0 c:/devkitpro/devkitppc/bin/../lib/gcc/powerpc-eabi/6.3.0/crtbegin.o
 .rela.text.GX_CopyTex
                0x80004194        0x0 c:/devkitpro/devkitppc/bin/../lib/gcc/powerpc-eabi/6.3.0/crtbegin.o
 .rela.text.GX_SetTexCopySrc
                0x80004194        0x0 c:/devkitpro/devkitppc/bin/../lib/gcc/powerpc-eabi/6.3.0/crtbegin.o
 .rela.text.GX_SetTexCopyDst
                0x80004194        0x0 c:/devkitpro/devkitppc/bin/../lib/gcc/powerpc-eabi/6.3.0/crtbegin.o
 .rela.text.GX_BeginDispList
                0x80004194        0x0 c:/devkitpro/devkitppc/bin/../lib/gcc/powerpc-eabi/6.3.0/crtbegin.o
 .rela.text.GX_EndDispList
                0x80004194        0x0 c:/devkitpro/devkitppc/bin/../lib/gcc/powerpc-eabi/6.3.0/crtbegin.o
 .rela.text.GX_CallDispList
                0x80004194        0x0 c:/devkitpro/devkitppc/bin/../lib/gcc/powerpc-eabi/6.3.0/crtbegin.o
 .rela.text.GX_SetChanCtrl
                0x80004194        0x0 c:/devkitpro/devkitppc/bin/../lib/gcc/powerpc-eabi/6.3.0/crtbegin.o
 .rela.text.GX_SetChanAmbColor
                0x80004194        0x0 c:/devkitpro/devkitppc/bin/../lib/gcc/powerpc-eabi/6.3.0/crtbegin.o
 .rela.text.GX_SetChanMatColor
                0x80004194        0x0 c:/devkitpro/devkitppc/bin/../lib/gcc/powerpc-eabi/6.3.0/crtbegin.o
 .rela.text.GX_SetVtxDesc
                0x80004194        0x0 c:/devkitpro/devkitppc/bin/../lib/gcc/powerpc-eabi/6.3.0/crtbegin.o
 .rela.text.GX_SetVtxDescv
                0x80004194        0x0 c:/devkitpro/devkitppc/bin/../lib/gcc/powerpc-eabi/6.3.0/crtbegin.o
 .rela.text.GX_GetVtxDescv
                0x80004194        0x0 c:/devkitpro/devkitppc/bin/../lib/gcc/powerpc-eabi/6.3.0/crtbegin.o
 .rela.text.GX_SetVtxAttrFmt
                0x80004194        0x0 c:/devkitpro/devkitppc/bin/../lib/gcc/powerpc-eabi/6.3.0/crtbegin.o
 .rela.text.GX_SetVtxAttrFmtv
                0x80004194        0x0 c:/devkitpro/devkitppc/bin/../lib/gcc/powerpc-eabi/6.3.0/crtbegin.o
 .rela.text.GX_Begin
                0x80004194        0x0 c:/devkitpro/devkitppc/bin/../lib/gcc/powerpc-eabi/6.3.0/crtbegin.o
 .rela.text.GX_SetCurrentMtx
                0x80004194        0x0 c:/devkitpro/devkitppc/bin/../lib/gcc/powerpc-eabi/6.3.0/crtbegin.o
 .rela.text.GX_SetNumTexGens
                0x80004194        0x0 c:/devkitpro/devkitppc/bin/../lib/gcc/powerpc-eabi/6.3.0/crtbegin.o
 .rela.text.GX_SetZMode
                0x80004194        0x0 c:/devkitpro/devkitppc/bin/../lib/gcc/powerpc-eabi/6.3.0/crtbegin.o
 .rela.text.GX_LoadTexObjPreloaded
                0x80004194        0x0 c:/devkitpro/devkitppc/bin/../lib/gcc/powerpc-eabi/6.3.0/crtbegin.o
 .rela.text.GX_PreloadEntireTexture
                0x80004194        0x0 c:/devkitpro/devkitppc/bin/../lib/gcc/powerpc-eabi/6.3.0/crtbegin.o
 .rela.text.GX_InvalidateTexAll
                0x80004194        0x0 c:/devkitpro/devkitppc/bin/../lib/gcc/powerpc-eabi/6.3.0/crtbegin.o
 .rela.text.GX_InvalidateTexRegion
                0x80004194        0x0 c:/devkitpro/devkitppc/bin/../lib/gcc/powerpc-eabi/6.3.0/crtbegin.o
 .rela.text.GX_LoadTlut
                0x80004194        0x0 c:/devkitpro/devkitppc/bin/../lib/gcc/powerpc-eabi/6.3.0/crtbegin.o
 .rela.text.GX_SetTexCoordScaleManually
                0x80004194        0x0 c:/devkitpro/devkitppc/bin/../lib/gcc/powerpc-eabi/6.3.0/crtbegin.o
 .rela.text.GX_SetTexCoordCylWrap
                0x80004194        0x0 c:/devkitpro/devkitppc/bin/../lib/gcc/powerpc-eabi/6.3.0/crtbegin.o
 .rela.text.GX_SetTexCoordBias
                0x80004194        0x0 c:/devkitpro/devkitppc/bin/../lib/gcc/powerpc-eabi/6.3.0/crtbegin.o
 .rela.text.GX_SetBlendMode
                0x80004194        0x0 c:/devkitpro/devkitppc/bin/../lib/gcc/powerpc-eabi/6.3.0/crtbegin.o
 .rela.text.GX_ClearVtxDesc
                0x80004194        0x0 c:/devkitpro/devkitppc/bin/../lib/gcc/powerpc-eabi/6.3.0/crtbegin.o
 .rela.text.GX_SetLineWidth
                0x80004194        0x0 c:/devkitpro/devkitppc/bin/../lib/gcc/powerpc-eabi/6.3.0/crtbegin.o
 .rela.text.GX_SetPointSize
                0x80004194        0x0 c:/devkitpro/devkitppc/bin/../lib/gcc/powerpc-eabi/6.3.0/crtbegin.o
 .rela.text.GX_SetTevColorIn
                0x80004194        0x0 c:/devkitpro/devkitppc/bin/../lib/gcc/powerpc-eabi/6.3.0/crtbegin.o
 .rela.text.GX_SetTevAlphaIn
                0x80004194        0x0 c:/devkitpro/devkitppc/bin/../lib/gcc/powerpc-eabi/6.3.0/crtbegin.o
 .rela.text.GX_SetTevColorOp
                0x80004194        0x0 c:/devkitpro/devkitppc/bin/../lib/gcc/powerpc-eabi/6.3.0/crtbegin.o
 .rela.text.GX_SetTevAlphaOp
                0x80004194        0x0 c:/devkitpro/devkitppc/bin/../lib/gcc/powerpc-eabi/6.3.0/crtbegin.o
 .rela.text.GX_SetTevOp
                0x80004194        0x0 c:/devkitpro/devkitppc/bin/../lib/gcc/powerpc-eabi/6.3.0/crtbegin.o
 .rela.text.GX_SetCullMode
                0x80004194        0x0 c:/devkitpro/devkitppc/bin/../lib/gcc/powerpc-eabi/6.3.0/crtbegin.o
 .rela.text.GX_SetCoPlanar
                0x80004194        0x0 c:/devkitpro/devkitppc/bin/../lib/gcc/powerpc-eabi/6.3.0/crtbegin.o
 .rela.text.GX_EnableTexOffsets
                0x80004194        0x0 c:/devkitpro/devkitppc/bin/../lib/gcc/powerpc-eabi/6.3.0/crtbegin.o
 .rela.text.GX_SetScissor
                0x80004194        0x0 c:/devkitpro/devkitppc/bin/../lib/gcc/powerpc-eabi/6.3.0/crtbegin.o
 .rela.text.GX_SetNumChans
                0x80004194        0x0 c:/devkitpro/devkitppc/bin/../lib/gcc/powerpc-eabi/6.3.0/crtbegin.o
 .rela.text.GX_SetTevOrder
                0x80004194        0x0 c:/devkitpro/devkitppc/bin/../lib/gcc/powerpc-eabi/6.3.0/crtbegin.o
 .rela.text.GX_SetNumTevStages
                0x80004194        0x0 c:/devkitpro/devkitppc/bin/../lib/gcc/powerpc-eabi/6.3.0/crtbegin.o
 .rela.text.GX_SetTevKColorSel
                0x80004194        0x0 c:/devkitpro/devkitppc/bin/../lib/gcc/powerpc-eabi/6.3.0/crtbegin.o
 .rela.text.GX_SetTevKAlphaSel
                0x80004194        0x0 c:/devkitpro/devkitppc/bin/../lib/gcc/powerpc-eabi/6.3.0/crtbegin.o
 .rela.text.GX_SetTevSwapMode
                0x80004194        0x0 c:/devkitpro/devkitppc/bin/../lib/gcc/powerpc-eabi/6.3.0/crtbegin.o
 .rela.text.GX_SetTevSwapModeTable
                0x80004194        0x0 c:/devkitpro/devkitppc/bin/../lib/gcc/powerpc-eabi/6.3.0/crtbegin.o
 .rela.text.GX_SetNumIndStages
                0x80004194        0x0 c:/devkitpro/devkitppc/bin/../lib/gcc/powerpc-eabi/6.3.0/crtbegin.o
 .rela.text.GX_SetIndTexCoordScale
                0x80004194        0x0 c:/devkitpro/devkitppc/bin/../lib/gcc/powerpc-eabi/6.3.0/crtbegin.o
 .rela.text.GX_SetColorUpdate
                0x80004194        0x0 c:/devkitpro/devkitppc/bin/../lib/gcc/powerpc-eabi/6.3.0/crtbegin.o
 .rela.text.GX_SetAlphaUpdate
                0x80004194        0x0 c:/devkitpro/devkitppc/bin/../lib/gcc/powerpc-eabi/6.3.0/crtbegin.o
 .rela.text.GX_SetZCompLoc
                0x80004194        0x0 c:/devkitpro/devkitppc/bin/../lib/gcc/powerpc-eabi/6.3.0/crtbegin.o
 .rela.text.GX_SetPixelFmt
                0x80004194        0x0 c:/devkitpro/devkitppc/bin/../lib/gcc/powerpc-eabi/6.3.0/crtbegin.o
 .rela.text.GX_SetDither
                0x80004194        0x0 c:/devkitpro/devkitppc/bin/../lib/gcc/powerpc-eabi/6.3.0/crtbegin.o
 .rela.text.GX_SetDstAlpha
                0x80004194        0x0 c:/devkitpro/devkitppc/bin/../lib/gcc/powerpc-eabi/6.3.0/crtbegin.o
 .rela.text.GX_SetFieldMode
                0x80004194        0x0 c:/devkitpro/devkitppc/bin/../lib/gcc/powerpc-eabi/6.3.0/crtbegin.o
 .rela.text.GX_SetIndTexOrder
                0x80004194        0x0 c:/devkitpro/devkitppc/bin/../lib/gcc/powerpc-eabi/6.3.0/crtbegin.o
 .rela.text.GX_SetGPMetric
                0x80004194        0x0 c:/devkitpro/devkitppc/bin/../lib/gcc/powerpc-eabi/6.3.0/crtbegin.o
 .rela.text.GX_Init
                0x80004194        0x0 c:/devkitpro/devkitppc/bin/../lib/gcc/powerpc-eabi/6.3.0/crtbegin.o
 .rela.text.GX_ReadGPMetric
                0x80004194        0x0 c:/devkitpro/devkitppc/bin/../lib/gcc/powerpc-eabi/6.3.0/crtbegin.o
 .rela.text.kprintf
                0x80004194        0x0 c:/devkitpro/devkitppc/bin/../lib/gcc/powerpc-eabi/6.3.0/crtbegin.o
 .rela.text.__card_sd_status
                0x80004194        0x0 c:/devkitpro/devkitppc/bin/../lib/gcc/powerpc-eabi/6.3.0/crtbegin.o
 .rela.text.__card_readcid
                0x80004194        0x0 c:/devkitpro/devkitppc/bin/../lib/gcc/powerpc-eabi/6.3.0/crtbegin.o
 .rela.text.__card_readcsd
                0x80004194        0x0 c:/devkitpro/devkitppc/bin/../lib/gcc/powerpc-eabi/6.3.0/crtbegin.o
 .rela.text.sdgecko_initIO
                0x80004194        0x0 c:/devkitpro/devkitppc/bin/../lib/gcc/powerpc-eabi/6.3.0/crtbegin.o
 .rela.text.atangent
                0x80004194        0x0 c:/devkitpro/devkitppc/bin/../lib/gcc/powerpc-eabi/6.3.0/crtbegin.o
 .rela.text.atangentf
                0x80004194        0x0 c:/devkitpro/devkitppc/bin/../lib/gcc/powerpc-eabi/6.3.0/crtbegin.o
 .rela.text.sinef
                0x80004194        0x0 c:/devkitpro/devkitppc/bin/../lib/gcc/powerpc-eabi/6.3.0/crtbegin.o
 .rela.text.sqrtf
                0x80004194        0x0 c:/devkitpro/devkitppc/bin/../lib/gcc/powerpc-eabi/6.3.0/crtbegin.o
 .rela.text._exit
                0x80004194        0x0 c:/devkitpro/devkitppc/bin/../lib/gcc/powerpc-eabi/6.3.0/crtbegin.o
 .rela.text.chdir
                0x80004194        0x0 c:/devkitpro/devkitppc/bin/../lib/gcc/powerpc-eabi/6.3.0/crtbegin.o
 .rela.text.getcwd
                0x80004194        0x0 c:/devkitpro/devkitppc/bin/../lib/gcc/powerpc-eabi/6.3.0/crtbegin.o
 .rela.text.calloc
                0x80004194        0x0 c:/devkitpro/devkitppc/bin/../lib/gcc/powerpc-eabi/6.3.0/crtbegin.o
 .rela.text.__errno
                0x80004194        0x0 c:/devkitpro/devkitppc/bin/../lib/gcc/powerpc-eabi/6.3.0/crtbegin.o
 .rela.text.exit
                0x80004194        0x0 c:/devkitpro/devkitppc/bin/../lib/gcc/powerpc-eabi/6.3.0/crtbegin.o
 .rela.text.fclose
                0x80004194        0x0 c:/devkitpro/devkitppc/bin/../lib/gcc/powerpc-eabi/6.3.0/crtbegin.o
 .rela.text.fflush
                0x80004194        0x0 c:/devkitpro/devkitppc/bin/../lib/gcc/powerpc-eabi/6.3.0/crtbegin.o
 .rela.text.fgets
                0x80004194        0x0 c:/devkitpro/devkitppc/bin/../lib/gcc/powerpc-eabi/6.3.0/crtbegin.o
 .rela.text.std.isra.0
                0x80004194        0x0 c:/devkitpro/devkitppc/bin/../lib/gcc/powerpc-eabi/6.3.0/crtbegin.o
 .rela.text._cleanup
                0x80004194        0x0 c:/devkitpro/devkitppc/bin/../lib/gcc/powerpc-eabi/6.3.0/crtbegin.o
 .rela.text.__sfp
                0x80004194        0x0 c:/devkitpro/devkitppc/bin/../lib/gcc/powerpc-eabi/6.3.0/crtbegin.o
 .rela.text.__fp_lock_all
                0x80004194        0x0 c:/devkitpro/devkitppc/bin/../lib/gcc/powerpc-eabi/6.3.0/crtbegin.o
 .rela.text.__fp_unlock_all
                0x80004194        0x0 c:/devkitpro/devkitppc/bin/../lib/gcc/powerpc-eabi/6.3.0/crtbegin.o
 .rela.text._fopen_r
                0x80004194        0x0 c:/devkitpro/devkitppc/bin/../lib/gcc/powerpc-eabi/6.3.0/crtbegin.o
 .rela.text.fopen
                0x80004194        0x0 c:/devkitpro/devkitppc/bin/../lib/gcc/powerpc-eabi/6.3.0/crtbegin.o
 .rela.text.fprintf
                0x80004194        0x0 c:/devkitpro/devkitppc/bin/../lib/gcc/powerpc-eabi/6.3.0/crtbegin.o
 .rela.text._malloc_trim_r
                0x80004194        0x0 c:/devkitpro/devkitppc/bin/../lib/gcc/powerpc-eabi/6.3.0/crtbegin.o
 .rela.text._free_r
                0x80004194        0x0 c:/devkitpro/devkitppc/bin/../lib/gcc/powerpc-eabi/6.3.0/crtbegin.o
 .rela.text.fseek
                0x80004194        0x0 c:/devkitpro/devkitppc/bin/../lib/gcc/powerpc-eabi/6.3.0/crtbegin.o
 .rela.text._fseeko_r
                0x80004194        0x0 c:/devkitpro/devkitppc/bin/../lib/gcc/powerpc-eabi/6.3.0/crtbegin.o
 .rela.text.fseeko
                0x80004194        0x0 c:/devkitpro/devkitppc/bin/../lib/gcc/powerpc-eabi/6.3.0/crtbegin.o
 .rela.text.fwrite
                0x80004194        0x0 c:/devkitpro/devkitppc/bin/../lib/gcc/powerpc-eabi/6.3.0/crtbegin.o
 .rela.text.localtime_r
                0x80004194        0x0 c:/devkitpro/devkitppc/bin/../lib/gcc/powerpc-eabi/6.3.0/crtbegin.o
 .rela.text.__loadlocale
                0x80004194        0x0 c:/devkitpro/devkitppc/bin/../lib/gcc/powerpc-eabi/6.3.0/crtbegin.o
 .rela.text.mktime
                0x80004194        0x0 c:/devkitpro/devkitppc/bin/../lib/gcc/powerpc-eabi/6.3.0/crtbegin.o
 .rela.text.sscanf
                0x80004194        0x0 c:/devkitpro/devkitppc/bin/../lib/gcc/powerpc-eabi/6.3.0/crtbegin.o
 .rela.text._sscanf_r
                0x80004194        0x0 c:/devkitpro/devkitppc/bin/../lib/gcc/powerpc-eabi/6.3.0/crtbegin.o
 .rela.text._tzset_unlocked_r
                0x80004194        0x0 c:/devkitpro/devkitppc/bin/../lib/gcc/powerpc-eabi/6.3.0/crtbegin.o
 .rela.text._dtoa_r
                0x80004194        0x0 c:/devkitpro/devkitppc/bin/../lib/gcc/powerpc-eabi/6.3.0/crtbegin.o
 .rela.text._findenv_r
                0x80004194        0x0 c:/devkitpro/devkitppc/bin/../lib/gcc/powerpc-eabi/6.3.0/crtbegin.o

.rel.fini
 *(.rel.fini)

.rela.fini
 *(.rela.fini)

.rel.rodata
 *(.rel.rodata .rel.rodata.* .rel.gnu.linkonce.r.*)

.rela.rodata    0x80004194        0x0
 *(.rela.rodata .rela.rodata.* .rela.gnu.linkonce.r.*)
 .rela.rodata.dotab_fat
                0x80004194        0x0 c:/devkitpro/devkitppc/bin/../lib/gcc/powerpc-eabi/6.3.0/crtbegin.o
 .rela.rodata.__C_locale
                0x80004194        0x0 c:/devkitpro/devkitppc/bin/../lib/gcc/powerpc-eabi/6.3.0/crtbegin.o

.rel.data
 *(.rel.data .rel.data.* .rel.gnu.linkonce.d.*)

.rela.data      0x80004194        0x0
 *(.rela.data .rela.data.* .rela.gnu.linkonce.d.*)
 .rela.data.__global_locale
                0x80004194        0x0 c:/devkitpro/devkitppc/bin/../lib/gcc/powerpc-eabi/6.3.0/crtbegin.o

.rel.tdata
 *(.rel.tdata .rel.tdata.* .rel.gnu.linkonce.td.*)

.rela.tdata
 *(.rela.tdata .rela.tdata.* .rela.gnu.linkonce.td.*)

.rel.tbss
 *(.rel.tbss .rel.tbss.* .rel.gnu.linkonce.tb.*)

.rela.tbss
 *(.rela.tbss .rela.tbss.* .rela.gnu.linkonce.tb.*)

.rel.ctors
 *(.rel.ctors)

.rela.ctors
 *(.rela.ctors)

.rel.dtors
 *(.rel.dtors)

.rela.dtors
 *(.rela.dtors)

.rel.got
 *(.rel.got)

.rela.got
 *(.rela.got)

.rela.got1
 *(.rela.got1)

.rela.got2      0x80004194        0x0
 *(.rela.got2)
 .rela.got2     0x80004194        0x0 c:/devkitpro/devkitppc/bin/../lib/gcc/powerpc-eabi/6.3.0/crtbegin.o

.rel.sdata
 *(.rel.sdata .rel.sdata.* .rel.gnu.linkonce.s.*)

.rela.sdata
 *(.rela.sdata .rela.sdata.* .rela.gnu.linkonce.s.*)

.rel.sbss
 *(.rel.sbss .rel.sbss.* .rel.gnu.linkonce.sb.*)

.rela.sbss
 *(.rela.sbss .rela.sbss.* .rel.gnu.linkonce.sb.*)

.rel.sdata2
 *(.rel.sdata2 .rel.sdata2.* .rel.gnu.linkonce.s2.*)

.rela.sdata2    0x80004194        0x0
 *(.rela.sdata2 .rela.sdata2.* .rela.gnu.linkonce.s2.*)
 .rela.sdata2.__sys_inIPL
                0x80004194        0x0 c:/devkitpro/devkitppc/bin/../lib/gcc/powerpc-eabi/6.3.0/crtbegin.o

.rel.sbss2
 *(.rel.sbss2 .rel.sbss2.* .rel.gnu.linkonce.sb2.*)

.rela.sbss2
 *(.rela.sbss2 .rela.sbss2.* .rela.gnu.linkonce.sb2.*)

.rel.bss
 *(.rel.bss .rel.bss.* .rel.gnu.linkonce.b.*)

.rela.bss
 *(.rela.bss .rela.bss.* .rela.gnu.linkonce.b.*)

.rel.plt
 *(.rel.plt)

.rela.plt
 *(.rela.plt)

.text           0x800041a0    0x4dda0
 *(.text)
 .text          0x800041a0      0x44c C:/devkitPro/libogc/lib/wii\libogc.a(lwp_handler.o)
                0x800041a0                _cpu_context_save_fp
                0x800042e0                _cpu_context_restore_fp
                0x80004420                _cpu_context_switch
                0x80004500                _cpu_context_save
                0x80004580                _cpu_context_restore
 .text          0x800045ec      0x4a0 C:/devkitPro/libogc/lib/wii\libogc.a(system_asm.o)
                0x800045ec                __realmode
                0x80004604                __configBATS
                0x80004734                __InitFPRS
                0x80004860                __InitPS
                0x800048bc                __InitCache
                0x80004914                __InitSystem
                0x8000499c                __flush_cache
                0x800049d0                __reset
                0x80004a40                __InitBATS
                0x80004a5c                SYS_SwitchFiber
 .text          0x80004a8c      0x1ac C:/devkitPro/libogc/lib/wii\libogc.a(irq_handler.o)
                0x80004a8c                irq_exceptionhandler
 .text          0x80004c38      0x4f4 C:/devkitPro/libogc/lib/wii\libogc.a(cache_asm.o)
                0x80004c38                DCFlashInvalidate
                0x80004c4c                DCEnable
                0x80004c60                DCDisable
                0x80004c74                DCFreeze
                0x80004c88                DCUnfreeze
                0x80004c9c                DCTouchLoad
                0x80004ca4                DCBlockZero
                0x80004cac                DCBlockStore
                0x80004cb4                DCBlockFlush
                0x80004cbc                DCBlockInvalidate
                0x80004cc4                DCInvalidateRange
                0x80004cf4                DCFlushRange
                0x80004d28                DCStoreRange
                0x80004d5c                DCFlushRangeNoSync
                0x80004d8c                DCStoreRangeNoSync
                0x80004dbc                DCZeroRange
                0x80004dec                DCTouchRange
                0x80004e1c                ICInvalidateRange
                0x80004e54                ICFlashInvalidate
                0x80004e68                ICEnable
                0x80004e7c                ICDisable
                0x80004e90                ICFreeze
                0x80004ea4                ICUnfreeze
                0x80004eb8                ICBlockInvalidate
                0x80004ec0                ICSync
                0x80004ec8                L2Init
                0x80004f10                L2Enable
                0x80004f2c                L2Disable
                0x80004f44                L2GlobalInvalidate
                0x80004f9c                __LCEnable
                0x80005068                LCDisable
                0x80005090                LCAllocOneTag
                0x800050a4                LCAllocTags
                0x800050e4                LCLoadBlocks
                0x80005108                LCStoreBlocks
 .text          0x8000512c      0x1ac C:/devkitPro/libogc/lib/wii\libogc.a(decrementer_handler.o)
                0x8000512c                dec_exceptionhandler
 .text          0x800052d8      0x35c C:/devkitPro/libogc/lib/wii\libogc.a(exception_handler.o)
                0x800052d8                exceptionhandler_start
                0x80005354                exceptionhandler_patch
                0x80005388                exceptionhandler_end
                0x8000538c                default_exceptionhandler
                0x800054bc                fpu_exceptionhandler
                0x80005604                systemcallhandler_start
                0x80005630                systemcallhandler_end
 .text          0x80005634       0x48 c:/devkitpro/devkitppc/bin/../lib/gcc/powerpc-eabi/6.3.0\libgcc.a(eabi.o)
                0x80005634                __eabi
 .text          0x8000567c       0x58 c:/devkitpro/devkitppc/bin/../lib/gcc/powerpc-eabi/6.3.0\libgcc.a(crtresxgpr.o)
                0x8000567c                _restgpr_14_x
                0x80005680                _restgpr_15_x
                0x80005684                _restgpr_16_x
                0x80005688                _restgpr_17_x
                0x8000568c                _restgpr_18_x
                0x80005690                _restgpr_19_x
                0x80005694                _restgpr_20_x
                0x80005698                _restgpr_21_x
                0x8000569c                _restgpr_22_x
                0x800056a0                _restgpr_23_x
                0x800056a4                _restgpr_24_x
                0x800056a8                _restgpr_25_x
                0x800056ac                _restgpr_26_x
                0x800056b0                _restgpr_27_x
                0x800056b4                _restgpr_28_x
                0x800056b8                _restgpr_29_x
                0x800056bc                _restgpr_30_x
                0x800056c0                _restgpr_31_x
 *(.text.*)
 .text.deregister_tm_clones
                0x800056d4       0x38 c:/devkitpro/devkitppc/bin/../lib/gcc/powerpc-eabi/6.3.0/crtbegin.o
 .text.register_tm_clones
                0x8000570c       0x3c c:/devkitpro/devkitppc/bin/../lib/gcc/powerpc-eabi/6.3.0/crtbegin.o
 .text.__do_global_dtors_aux
                0x80005748       0xd4 c:/devkitpro/devkitppc/bin/../lib/gcc/powerpc-eabi/6.3.0/crtbegin.o
 .text.frame_dummy
                0x8000581c       0x74 c:/devkitpro/devkitppc/bin/../lib/gcc/powerpc-eabi/6.3.0/crtbegin.o
 .text.__crtmain
                0x80005890       0x44 c:/devkitpro/devkitppc/bin/../lib/gcc/powerpc-eabi/6.3.0/../../../../powerpc-eabi/lib/crtmain.o
                0x80005894                __crtmain
 .text.ack_timer_callback
                0x800058d4       0x30 ack_spoof.o
 .text.ack_spoof_start
                0x80005904      0x10c ack_spoof.o
                0x80005904                ack_spoof_start
 .text.ack_spoof_stop
                0x80005a10       0x3c ack_spoof.o
                0x80005a10                ack_spoof_stop
 .text.backhaul_init
                0x80005a4c      0x1b8 backhaul.o
                0x80005a4c                backhaul_init
 .text.backhaul_shutdown
                0x80005c04       0x40 backhaul.o
                0x80005c04                backhaul_shutdown
 .text.backhaul_recv
                0x80005c44       0xb8 backhaul.o
                0x80005c44                backhaul_recv
 .text.backhaul_send
                0x80005cfc       0x38 backhaul.o
                0x80005cfc                backhaul_send
 .text.backhaul_ip_str
                0x80005d34        0xc backhaul.o
                0x80005d34                backhaul_ip_str
 .text.cmp_u32  0x80005d40       0x1c channel_calib.o
 .text.channel_calib_run
                0x80005d5c      0x53c channel_calib.o
                0x80005d5c                channel_calib_run
 .text.wii_config_load
                0x80006298      0x438 config_ui.o
                0x80006298                wii_config_load
 .text.wii_config_show
                0x800066d0      0x168 config_ui.o
                0x800066d0                wii_config_show
 .text.startup.main
                0x80006838      0x25c main.o
                0x80006838                main
 .text.nifi_rx_init
                0x80006a94       0x5c nifi_rx.o
                0x80006a94                nifi_rx_init
 .text.nifi_rx_recv
                0x80006af0      0x200 nifi_rx.o
                0x80006af0                nifi_rx_recv
 .text.nifi_tx_init
                0x80006cf0       0xd0 nifi_tx.o
                0x80006cf0                nifi_tx_init
 .text.nifi_tx_send
                0x80006dc0       0xbc nifi_tx.o
                0x80006dc0                nifi_tx_send
 .text.nifi_tx_set_channel
                0x80006e7c       0x1c nifi_tx.o
                0x80006e7c                nifi_tx_set_channel
 .text.wl_unlock_driver.part.0
                0x80006e98      0x10c wl_stubs.o
 .text.wl_shutdown
                0x80006fa4       0x9c wl_stubs.o
 .text.wl_init_once.part.1
                0x80007040      0x3f0 wl_stubs.o
 .text.WL_SetChannel
                0x80007430       0x14 wl_stubs.o
                0x80007430                WL_SetChannel
 .text.WL_SendRawFrame
                0x80007444      0x140 wl_stubs.o
                0x80007444                WL_SendRawFrame
 .text.WL_SetPromiscuous
                0x80007584       0x14 wl_stubs.o
                0x80007584                WL_SetPromiscuous
 .text.WL_RecvRawFrame
                0x80007598       0x90 wl_stubs.o
                0x80007598                WL_RecvRawFrame
 .text.fatMount
                0x80007628      0x118 C:/devkitPro/libogc/lib/wii\libfat.a(libfat.o)
                0x80007628                fatMount
 .text.fatInit  0x80007740      0x198 C:/devkitPro/libogc/lib/wii\libfat.a(libfat.o)
                0x80007740                fatInit
 .text.fatInitDefault
                0x800078d8        0xc C:/devkitPro/libogc/lib/wii\libfat.a(libfat.o)
                0x800078d8                fatInitDefault
 .text.u8array_to_u16
                0x800078e4       0x18 C:/devkitPro/libogc/lib/wii\libfat.a(partition.o)
 .text.u8array_to_u32
                0x800078fc       0x30 C:/devkitPro/libogc/lib/wii\libfat.a(partition.o)
 .text.u32_to_u8array
                0x8000792c       0x20 C:/devkitPro/libogc/lib/wii\libfat.a(partition.o)
 .text.isValidMBR
                0x8000794c       0x7c C:/devkitPro/libogc/lib/wii\libfat.a(partition.o)
 .text._FAT_updateFS_INFO
                0x800079c8       0x6c C:/devkitPro/libogc/lib/wii\libfat.a(partition.o)
 .text.FindFirstValidPartition_buf
                0x80007a34      0x16c C:/devkitPro/libogc/lib/wii\libfat.a(partition.o)
                0x80007a34                FindFirstValidPartition_buf
 .text._FAT_partition_getPartitionFromPath
                0x80007ba0       0x34 C:/devkitPro/libogc/lib/wii\libfat.a(partition.o)
                0x80007ba0                _FAT_partition_getPartitionFromPath
 .text._FAT_partition_createFSinfo
                0x80007bd4       0xb8 C:/devkitPro/libogc/lib/wii\libfat.a(partition.o)
                0x80007bd4                _FAT_partition_createFSinfo
 .text._FAT_partition_readFSinfo
                0x80007c8c      0x118 C:/devkitPro/libogc/lib/wii\libfat.a(partition.o)
                0x80007c8c                _FAT_partition_readFSinfo
 .text._FAT_partition_constructor_buf
                0x80007da4      0x334 C:/devkitPro/libogc/lib/wii\libfat.a(partition.o)
                0x80007da4                _FAT_partition_constructor_buf
 .text._FAT_partition_constructor
                0x800080d8       0x6c C:/devkitPro/libogc/lib/wii\libfat.a(partition.o)
                0x800080d8                _FAT_partition_constructor
 .text._FAT_stat_r
                0x80008144       0xc0 C:/devkitPro/libogc/lib/wii\libfat.a(fatdir.o)
                0x80008144                _FAT_stat_r
 .text._FAT_link_r
                0x80008204       0x10 C:/devkitPro/libogc/lib/wii\libfat.a(fatdir.o)
                0x80008204                _FAT_link_r
 .text._FAT_unlink_r
                0x80008214      0x1b0 C:/devkitPro/libogc/lib/wii\libfat.a(fatdir.o)
                0x80008214                _FAT_unlink_r
 .text._FAT_chdir_r
                0x800083c4       0xa0 C:/devkitPro/libogc/lib/wii\libfat.a(fatdir.o)
                0x800083c4                _FAT_chdir_r
 .text._FAT_rename_r
                0x80008464      0x234 C:/devkitPro/libogc/lib/wii\libfat.a(fatdir.o)
                0x80008464                _FAT_rename_r
 .text._FAT_mkdir_r
                0x80008698      0x314 C:/devkitPro/libogc/lib/wii\libfat.a(fatdir.o)
                0x80008698                _FAT_mkdir_r
 .text._FAT_statvfs_r
                0x800089ac       0xd8 C:/devkitPro/libogc/lib/wii\libfat.a(fatdir.o)
                0x800089ac                _FAT_statvfs_r
 .text._FAT_diropen_r
                0x80008a84      0x104 C:/devkitPro/libogc/lib/wii\libfat.a(fatdir.o)
                0x80008a84                _FAT_diropen_r
 .text._FAT_dirreset_r
                0x80008b88       0x74 C:/devkitPro/libogc/lib/wii\libfat.a(fatdir.o)
                0x80008b88                _FAT_dirreset_r
 .text._FAT_dirnext_r
                0x80008bfc       0xc4 C:/devkitPro/libogc/lib/wii\libfat.a(fatdir.o)
                0x80008bfc                _FAT_dirnext_r
 .text._FAT_dirclose_r
                0x80008cc0       0x40 C:/devkitPro/libogc/lib/wii\libfat.a(fatdir.o)
                0x80008cc0                _FAT_dirclose_r
 .text._FAT_cache_getPage
                0x80008d00      0x15c C:/devkitPro/libogc/lib/wii\libfat.a(cache.o)
 .text._FAT_cache_constructor
                0x80008e5c       0xe0 C:/devkitPro/libogc/lib/wii\libfat.a(cache.o)
                0x80008e5c                _FAT_cache_constructor
 .text._FAT_cache_readSectors
                0x80008f3c       0xa4 C:/devkitPro/libogc/lib/wii\libfat.a(cache.o)
                0x80008f3c                _FAT_cache_readSectors
 .text._FAT_cache_readPartialSector
                0x80008fe0       0x88 C:/devkitPro/libogc/lib/wii\libfat.a(cache.o)
                0x80008fe0                _FAT_cache_readPartialSector
 .text._FAT_cache_readLittleEndianValue
                0x80009068       0x74 C:/devkitPro/libogc/lib/wii\libfat.a(cache.o)
                0x80009068                _FAT_cache_readLittleEndianValue
 .text._FAT_cache_writePartialSector
                0x800090dc       0x90 C:/devkitPro/libogc/lib/wii\libfat.a(cache.o)
                0x800090dc                _FAT_cache_writePartialSector
 .text._FAT_cache_writeLittleEndianValue
                0x8000916c       0x80 C:/devkitPro/libogc/lib/wii\libfat.a(cache.o)
                0x8000916c                _FAT_cache_writeLittleEndianValue
 .text._FAT_cache_eraseWritePartialSector
                0x800091ec       0xa8 C:/devkitPro/libogc/lib/wii\libfat.a(cache.o)
                0x800091ec                _FAT_cache_eraseWritePartialSector
 .text._FAT_cache_writeSectors
                0x80009294       0xac C:/devkitPro/libogc/lib/wii\libfat.a(cache.o)
                0x80009294                _FAT_cache_writeSectors
 .text._FAT_cache_flush
                0x80009340       0x88 C:/devkitPro/libogc/lib/wii\libfat.a(cache.o)
                0x80009340                _FAT_cache_flush
 .text._FAT_fat_clusterToSector
                0x800093c8       0x28 C:/devkitPro/libogc/lib/wii\libfat.a(fatfile.o)
 .text._FAT_check_position_for_next_cluster.isra.6
                0x800093f0       0xf4 C:/devkitPro/libogc/lib/wii\libfat.a(fatfile.o)
 .text._FAT_file_extend_r
                0x800094e4      0x28c C:/devkitPro/libogc/lib/wii\libfat.a(fatfile.o)
 .text._FAT_open_r
                0x80009770      0x3c0 C:/devkitPro/libogc/lib/wii\libfat.a(fatfile.o)
                0x80009770                _FAT_open_r
 .text._FAT_syncToDisc
                0x80009b30      0x154 C:/devkitPro/libogc/lib/wii\libfat.a(fatfile.o)
                0x80009b30                _FAT_syncToDisc
 .text._FAT_close_r
                0x80009c84       0xc4 C:/devkitPro/libogc/lib/wii\libfat.a(fatfile.o)
                0x80009c84                _FAT_close_r
 .text._FAT_read_r
                0x80009d48      0x3b4 C:/devkitPro/libogc/lib/wii\libfat.a(fatfile.o)
                0x80009d48                _FAT_read_r
 .text._FAT_write_r
                0x8000a0fc      0x540 C:/devkitPro/libogc/lib/wii\libfat.a(fatfile.o)
                0x8000a0fc                _FAT_write_r
 .text._FAT_seek_r
                0x8000a63c      0x1e0 C:/devkitPro/libogc/lib/wii\libfat.a(fatfile.o)
                0x8000a63c                _FAT_seek_r
 .text._FAT_fstat_r
                0x8000a81c       0xcc C:/devkitPro/libogc/lib/wii\libfat.a(fatfile.o)
                0x8000a81c                _FAT_fstat_r
 .text._FAT_ftruncate_r
                0x8000a8e8      0x1f0 C:/devkitPro/libogc/lib/wii\libfat.a(fatfile.o)
                0x8000a8e8                _FAT_ftruncate_r
 .text._FAT_fsync_r
                0x8000aad8       0x70 C:/devkitPro/libogc/lib/wii\libfat.a(fatfile.o)
                0x8000aad8                _FAT_fsync_r
 .text.get_io_wiisd
                0x8000ab48        0xc C:/devkitPro/libogc/lib/wii\libfat.a(disc.o)
 .text.get_io_usbstorage
                0x8000ab54        0xc C:/devkitPro/libogc/lib/wii\libfat.a(disc.o)
 .text.get_io_gcsda
                0x8000ab60        0xc C:/devkitPro/libogc/lib/wii\libfat.a(disc.o)
 .text.get_io_gcsdb
                0x8000ab6c        0xc C:/devkitPro/libogc/lib/wii\libfat.a(disc.o)
 .text._FAT_fat_writeFatEntry
                0x8000ab78      0x1b0 C:/devkitPro/libogc/lib/wii\libfat.a(file_allocation_table.o)
 .text._FAT_fat_nextCluster
                0x8000ad28      0x194 C:/devkitPro/libogc/lib/wii\libfat.a(file_allocation_table.o)
                0x8000ad28                _FAT_fat_nextCluster
 .text._FAT_fat_linkFreeCluster
                0x8000aebc       0xe4 C:/devkitPro/libogc/lib/wii\libfat.a(file_allocation_table.o)
                0x8000aebc                _FAT_fat_linkFreeCluster
 .text._FAT_fat_linkFreeClusterCleared
                0x8000afa0       0xac C:/devkitPro/libogc/lib/wii\libfat.a(file_allocation_table.o)
                0x8000afa0                _FAT_fat_linkFreeClusterCleared
 .text._FAT_fat_clearLinks
                0x8000b04c       0xbc C:/devkitPro/libogc/lib/wii\libfat.a(file_allocation_table.o)
                0x8000b04c                _FAT_fat_clearLinks
 .text._FAT_fat_trimChain
                0x8000b108       0xb4 C:/devkitPro/libogc/lib/wii\libfat.a(file_allocation_table.o)
                0x8000b108                _FAT_fat_trimChain
 .text._FAT_fat_lastCluster
                0x8000b1bc       0x68 C:/devkitPro/libogc/lib/wii\libfat.a(file_allocation_table.o)
                0x8000b1bc                _FAT_fat_lastCluster
 .text._FAT_fat_freeClusterCount
                0x8000b224       0x50 C:/devkitPro/libogc/lib/wii\libfat.a(file_allocation_table.o)
                0x8000b224                _FAT_fat_freeClusterCount
 .text._FAT_filetime_getTimeFromRTC
                0x8000b274       0x7c C:/devkitPro/libogc/lib/wii\libfat.a(filetime.o)
                0x8000b274                _FAT_filetime_getTimeFromRTC
 .text._FAT_filetime_getDateFromRTC
                0x8000b2f0       0x7c C:/devkitPro/libogc/lib/wii\libfat.a(filetime.o)
                0x8000b2f0                _FAT_filetime_getDateFromRTC
 .text._FAT_filetime_to_time_t
                0x8000b36c       0x64 C:/devkitPro/libogc/lib/wii\libfat.a(filetime.o)
                0x8000b36c                _FAT_filetime_to_time_t
 .text.u8array_to_u16
                0x8000b3d0       0x18 C:/devkitPro/libogc/lib/wii\libfat.a(directory.o)
 .text._FAT_directory_entryGetAlias
                0x8000b3e8      0x14c C:/devkitPro/libogc/lib/wii\libfat.a(directory.o)
 .text._FAT_directory_mbsncasecmp
                0x8000b534       0xec C:/devkitPro/libogc/lib/wii\libfat.a(directory.o)
 .text._FAT_fat_clusterToSector
                0x8000b620       0x28 C:/devkitPro/libogc/lib/wii\libfat.a(directory.o)
 .text._FAT_directory_incrementDirEntryPosition
                0x8000b648      0x108 C:/devkitPro/libogc/lib/wii\libfat.a(directory.o)
 .text._FAT_directory_ucs2tombs.constprop.6
                0x8000b750       0xd8 C:/devkitPro/libogc/lib/wii\libfat.a(directory.o)
 .text._FAT_directory_entryGetCluster
                0x8000b828       0x54 C:/devkitPro/libogc/lib/wii\libfat.a(directory.o)
                0x8000b828                _FAT_directory_entryGetCluster
 .text._FAT_directory_getNextEntry
                0x8000b87c      0x24c C:/devkitPro/libogc/lib/wii\libfat.a(directory.o)
                0x8000b87c                _FAT_directory_getNextEntry
 .text._FAT_directory_getFirstEntry
                0x8000bac8       0x28 C:/devkitPro/libogc/lib/wii\libfat.a(directory.o)
                0x8000bac8                _FAT_directory_getFirstEntry
 .text._FAT_directory_entryExists
                0x8000baf0       0xc4 C:/devkitPro/libogc/lib/wii\libfat.a(directory.o)
 .text._FAT_directory_getRootEntry
                0x8000bbb4       0xa8 C:/devkitPro/libogc/lib/wii\libfat.a(directory.o)
                0x8000bbb4                _FAT_directory_getRootEntry
 .text._FAT_directory_entryFromPosition
                0x8000bc5c      0x198 C:/devkitPro/libogc/lib/wii\libfat.a(directory.o)
                0x8000bc5c                _FAT_directory_entryFromPosition
 .text._FAT_directory_entryFromPath
                0x8000bdf4      0x2c0 C:/devkitPro/libogc/lib/wii\libfat.a(directory.o)
                0x8000bdf4                _FAT_directory_entryFromPath
 .text._FAT_directory_removeEntry
                0x8000c0b4       0xe8 C:/devkitPro/libogc/lib/wii\libfat.a(directory.o)
                0x8000c0b4                _FAT_directory_removeEntry
 .text._FAT_directory_addEntry
                0x8000c19c      0x93c C:/devkitPro/libogc/lib/wii\libfat.a(directory.o)
                0x8000c19c                _FAT_directory_addEntry
 .text._FAT_directory_chdir
                0x8000cad8       0x5c C:/devkitPro/libogc/lib/wii\libfat.a(directory.o)
                0x8000cad8                _FAT_directory_chdir
 .text._FAT_directory_entryStat
                0x8000cb34      0x148 C:/devkitPro/libogc/lib/wii\libfat.a(directory.o)
                0x8000cb34                _FAT_directory_entryStat
 .text.__wpad_assign_slot
                0x8000cc7c      0x20c C:/devkitPro/libogc/lib/wii\libwiiuse.a(wpad.o)
                0x8000cc7c                __wpad_assign_slot
 .text.__wpad_def_powcb
                0x8000ce88        0x4 C:/devkitPro/libogc/lib/wii\libwiiuse.a(wpad.o)
 .text.__wpad_disconnect
                0x8000ce8c       0x4c C:/devkitPro/libogc/lib/wii\libwiiuse.a(wpad.o)
 .text.__readlinkkey_finished
                0x8000ced8       0x34 C:/devkitPro/libogc/lib/wii\libwiiuse.a(wpad.o)
 .text.__wpad_patch_finished
                0x8000cf0c       0x2c C:/devkitPro/libogc/lib/wii\libwiiuse.a(wpad.o)
 .text.__wpad_setfmt
                0x8000cf38      0x124 C:/devkitPro/libogc/lib/wii\libwiiuse.a(wpad.o)
 .text.__wpad_eventCB
                0x8000d05c      0xa48 C:/devkitPro/libogc/lib/wii\libwiiuse.a(wpad.o)
 .text.__wpad_disconnectCB
                0x8000daa4       0xd4 C:/devkitPro/libogc/lib/wii\libwiiuse.a(wpad.o)
                0x8000daa4                __wpad_disconnectCB
 .text.__wpad_timeouthandler
                0x8000db78       0xb0 C:/devkitPro/libogc/lib/wii\libwiiuse.a(wpad.o)
 .text.__initcore_finished
                0x8000dc28       0x48 C:/devkitPro/libogc/lib/wii\libwiiuse.a(wpad.o)
 .text.__wpad_init_finished
                0x8000dc70      0x1d0 C:/devkitPro/libogc/lib/wii\libwiiuse.a(wpad.o)
 .text.WPAD_ReadEvent
                0x8000de40      0x64c C:/devkitPro/libogc/lib/wii\libwiiuse.a(wpad.o)
                0x8000de40                WPAD_ReadEvent
 .text.WPAD_ReadPending
                0x8000e48c      0x188 C:/devkitPro/libogc/lib/wii\libwiiuse.a(wpad.o)
                0x8000e48c                WPAD_ReadPending
 .text.WPAD_ReadPending.part.5
                0x8000e614       0x68 C:/devkitPro/libogc/lib/wii\libwiiuse.a(wpad.o)
 .text.WPAD_Shutdown
                0x8000e67c       0xcc C:/devkitPro/libogc/lib/wii\libwiiuse.a(wpad.o)
                0x8000e67c                WPAD_Shutdown
 .text.WPAD_Init
                0x8000e748      0x294 C:/devkitPro/libogc/lib/wii\libwiiuse.a(wpad.o)
                0x8000e748                WPAD_Init
 .text.__wpad_onreset
                0x8000e9dc       0x34 C:/devkitPro/libogc/lib/wii\libwiiuse.a(wpad.o)
 .text.WPAD_ScanPads
                0x8000ea10        0x8 C:/devkitPro/libogc/lib/wii\libwiiuse.a(wpad.o)
                0x8000ea10                WPAD_ScanPads
 .text.WPAD_ButtonsDown
                0x8000ea18       0x28 C:/devkitPro/libogc/lib/wii\libwiiuse.a(wpad.o)
                0x8000ea18                WPAD_ButtonsDown
 .text.motion_plus_disconnected
                0x8000ea40       0x10 C:/devkitPro/libogc/lib/wii\libwiiuse.a(motion_plus.o)
                0x8000ea40                motion_plus_disconnected
 .text.motion_plus_event
                0x8000ea50       0x64 C:/devkitPro/libogc/lib/wii\libwiiuse.a(motion_plus.o)
                0x8000ea50                motion_plus_event
 .text.apply_smoothing.part.0
                0x8000eab4       0x8c C:/devkitPro/libogc/lib/wii\libwiiuse.a(dynamics.o)
 .text.calculate_gforce
                0x8000eb40      0x114 C:/devkitPro/libogc/lib/wii\libwiiuse.a(dynamics.o)
                0x8000eb40                calculate_gforce
 .text.calc_joystick_state
                0x8000ec54      0x20c C:/devkitPro/libogc/lib/wii\libwiiuse.a(dynamics.o)
                0x8000ec54                calc_joystick_state
 .text.apply_smoothing
                0x8000ee60       0xa8 C:/devkitPro/libogc/lib/wii\libwiiuse.a(dynamics.o)
                0x8000ee60                apply_smoothing
 .text.calculate_orientation
                0x8000ef08      0x2f0 C:/devkitPro/libogc/lib/wii\libwiiuse.a(dynamics.o)
                0x8000ef08                calculate_orientation
 .text.calc_balanceboard_state
                0x8000f1f8      0x3a4 C:/devkitPro/libogc/lib/wii\libwiiuse.a(dynamics.o)
                0x8000f1f8                calc_balanceboard_state
 .text.wiiuse_handshake
                0x8000f59c      0x1fc C:/devkitPro/libogc/lib/wii\libwiiuse.a(io.o)
                0x8000f59c                wiiuse_handshake
 .text.wiiuse_handshake_expansion
                0x8000f798      0x228 C:/devkitPro/libogc/lib/wii\libwiiuse.a(io.o)
                0x8000f798                wiiuse_handshake_expansion
 .text.wiiuse_handshake_expansion_start
                0x8000f9c0       0x24 C:/devkitPro/libogc/lib/wii\libwiiuse.a(io.o)
                0x8000f9c0                wiiuse_handshake_expansion_start
 .text.wiiuse_disable_expansion
                0x8000f9e4      0x1b0 C:/devkitPro/libogc/lib/wii\libwiiuse.a(io.o)
                0x8000f9e4                wiiuse_disable_expansion
 .text.__wiiuse_connected
                0x8000fb94       0x9c C:/devkitPro/libogc/lib/wii\libwiiuse.a(io_wii.o)
 .text.__wiiuse_disconnected
                0x8000fc30       0xb4 C:/devkitPro/libogc/lib/wii\libwiiuse.a(io_wii.o)
 .text.__wiiuse_receive
                0x8000fce4       0xbc C:/devkitPro/libogc/lib/wii\libwiiuse.a(io_wii.o)
 .text.__wiiuse_sensorbar_enable
                0x8000fda0       0x54 C:/devkitPro/libogc/lib/wii\libwiiuse.a(io_wii.o)
                0x8000fda0                __wiiuse_sensorbar_enable
 .text.wiiuse_register
                0x8000fdf4       0xe4 C:/devkitPro/libogc/lib/wii\libwiiuse.a(io_wii.o)
                0x8000fdf4                wiiuse_register
 .text.wiiuse_disconnect
                0x8000fed8       0x24 C:/devkitPro/libogc/lib/wii\libwiiuse.a(io_wii.o)
                0x8000fed8                wiiuse_disconnect
 .text.wiiuse_init_cmd_queue
                0x8000fefc       0xa4 C:/devkitPro/libogc/lib/wii\libwiiuse.a(io_wii.o)
                0x8000fefc                wiiuse_init_cmd_queue
 .text.wiiuse_io_write
                0x8000ffa0       0x1c C:/devkitPro/libogc/lib/wii\libwiiuse.a(io_wii.o)
                0x8000ffa0                wiiuse_io_write
 .text.get_ir_sens.isra.0
                0x8000ffbc       0xe4 C:/devkitPro/libogc/lib/wii\libwiiuse.a(ir.o)
 .text.rotate_dots
                0x800100a0      0x11c C:/devkitPro/libogc/lib/wii\libwiiuse.a(ir.o)
 .text.wiiuse_set_ir_mode
                0x800101bc       0x88 C:/devkitPro/libogc/lib/wii\libwiiuse.a(ir.o)
                0x800101bc                wiiuse_set_ir_mode
 .text.wiiuse_set_ir
                0x80010244      0x228 C:/devkitPro/libogc/lib/wii\libwiiuse.a(ir.o)
                0x80010244                wiiuse_set_ir
 .text.wiiuse_set_ir_position
                0x8001046c       0x84 C:/devkitPro/libogc/lib/wii\libwiiuse.a(ir.o)
                0x8001046c                wiiuse_set_ir_position
 .text.wiiuse_set_aspect_ratio
                0x800104f0       0x44 C:/devkitPro/libogc/lib/wii\libwiiuse.a(ir.o)
                0x800104f0                wiiuse_set_aspect_ratio
 .text.wiiuse_set_ir_sensitivity
                0x80010534      0x138 C:/devkitPro/libogc/lib/wii\libwiiuse.a(ir.o)
                0x80010534                wiiuse_set_ir_sensitivity
 .text.calculate_basic_ir
                0x8001066c       0xec C:/devkitPro/libogc/lib/wii\libwiiuse.a(ir.o)
                0x8001066c                calculate_basic_ir
 .text.calculate_extended_ir
                0x80010758       0x70 C:/devkitPro/libogc/lib/wii\libwiiuse.a(ir.o)
                0x80010758                calculate_extended_ir
 .text.find_sensorbar
                0x800107c8      0x940 C:/devkitPro/libogc/lib/wii\libwiiuse.a(ir.o)
                0x800107c8                find_sensorbar
 .text.apply_ir_smoothing
                0x80011108      0x100 C:/devkitPro/libogc/lib/wii\libwiiuse.a(ir.o)
                0x80011108                apply_ir_smoothing
 .text.interpret_ir_data
                0x80011208      0x3cc C:/devkitPro/libogc/lib/wii\libwiiuse.a(ir.o)
                0x80011208                interpret_ir_data
 .text.nunchuk_handshake
                0x800115d4      0x2d8 C:/devkitPro/libogc/lib/wii\libwiiuse.a(nunchuk.o)
                0x800115d4                nunchuk_handshake
 .text.nunchuk_disconnected
                0x800118ac        0xc C:/devkitPro/libogc/lib/wii\libwiiuse.a(nunchuk.o)
                0x800118ac                nunchuk_disconnected
 .text.nunchuk_event
                0x800118b8       0xe0 C:/devkitPro/libogc/lib/wii\libwiiuse.a(nunchuk.o)
                0x800118b8                nunchuk_event
 .text.wii_board_handshake
                0x80011998      0x2a4 C:/devkitPro/libogc/lib/wii\libwiiuse.a(wiiboard.o)
                0x80011998                wii_board_handshake
 .text.wii_board_disconnected
                0x80011c3c        0xc C:/devkitPro/libogc/lib/wii\libwiiuse.a(wiiboard.o)
                0x80011c3c                wii_board_disconnected
 .text.wii_board_event
                0x80011c48       0x54 C:/devkitPro/libogc/lib/wii\libwiiuse.a(wiiboard.o)
                0x80011c48                wii_board_event
 .text.wiiuse_send_next_command
                0x80011c9c       0x50 C:/devkitPro/libogc/lib/wii\libwiiuse.a(wiiuse.o)
                0x80011c9c                wiiuse_send_next_command
 .text.wiiuse_init
                0x80011cec      0x1d4 C:/devkitPro/libogc/lib/wii\libwiiuse.a(wiiuse.o)
                0x80011cec                wiiuse_init
 .text.wiiuse_set_flags
                0x80011ec0       0x24 C:/devkitPro/libogc/lib/wii\libwiiuse.a(wiiuse.o)
                0x80011ec0                wiiuse_set_flags
 .text.wiiuse_read_data
                0x80011ee4      0x140 C:/devkitPro/libogc/lib/wii\libwiiuse.a(wiiuse.o)
                0x80011ee4                wiiuse_read_data
 .text.wiiuse_write_data
                0x80012024      0x184 C:/devkitPro/libogc/lib/wii\libwiiuse.a(wiiuse.o)
                0x80012024                wiiuse_write_data
 .text.wiiuse_sendcmd
                0x800121a8      0x154 C:/devkitPro/libogc/lib/wii\libwiiuse.a(wiiuse.o)
                0x800121a8                wiiuse_sendcmd
 .text.wiiuse_set_report_type
                0x800122fc      0x144 C:/devkitPro/libogc/lib/wii\libwiiuse.a(wiiuse.o)
                0x800122fc                wiiuse_set_report_type
 .text.wiiuse_motion_sensing
                0x80012440       0x7c C:/devkitPro/libogc/lib/wii\libwiiuse.a(wiiuse.o)
                0x80012440                wiiuse_motion_sensing
 .text.wiiuse_status
                0x800124bc       0x4c C:/devkitPro/libogc/lib/wii\libwiiuse.a(wiiuse.o)
                0x800124bc                wiiuse_status
 .text.wiiuse_set_leds
                0x80012508       0x50 C:/devkitPro/libogc/lib/wii\libwiiuse.a(wiiuse.o)
                0x80012508                wiiuse_set_leds
 .text.wiiuse_set_speaker
                0x80012558      0x25c C:/devkitPro/libogc/lib/wii\libwiiuse.a(speaker.o)
                0x80012558                wiiuse_set_speaker
 .text.classic_ctrl_handshake
                0x800127b4      0x2b0 C:/devkitPro/libogc/lib/wii\libwiiuse.a(classic.o)
                0x800127b4                classic_ctrl_handshake
 .text.classic_ctrl_disconnected
                0x80012a64        0xc C:/devkitPro/libogc/lib/wii\libwiiuse.a(classic.o)
                0x80012a64                classic_ctrl_disconnected
 .text.classic_ctrl_event
                0x80012a70      0x164 C:/devkitPro/libogc/lib/wii\libwiiuse.a(classic.o)
                0x80012a70                classic_ctrl_event
 .text.handle_expansion
                0x80012bd4       0x54 C:/devkitPro/libogc/lib/wii\libwiiuse.a(events.o)
 .text.parse_event
                0x80012c28      0x710 C:/devkitPro/libogc/lib/wii\libwiiuse.a(events.o)
                0x80012c28                parse_event
 .text.guitar_hero_3_handshake
                0x80013338       0x70 C:/devkitPro/libogc/lib/wii\libwiiuse.a(guitar_hero_3.o)
                0x80013338                guitar_hero_3_handshake
 .text.guitar_hero_3_disconnected
                0x800133a8        0xc C:/devkitPro/libogc/lib/wii\libwiiuse.a(guitar_hero_3.o)
                0x800133a8                guitar_hero_3_disconnected
 .text.guitar_hero_3_event
                0x800133b4       0x64 C:/devkitPro/libogc/lib/wii\libwiiuse.a(guitar_hero_3.o)
                0x800133b4                guitar_hero_3_event
 .text.bt_alarmhandler
                0x80013418       0x60 C:/devkitPro/libogc/lib/wii\libbte.a(bte.o)
 .text.__bte_send_pending_request
                0x80013478      0x114 C:/devkitPro/libogc/lib/wii\libbte.a(bte.o)
 .text.acl_conn_complete
                0x8001358c       0x2c C:/devkitPro/libogc/lib/wii\libbte.a(bte.o)
                0x8001358c                acl_conn_complete
 .text.l2cap_disconnected_ind
                0x800135b8      0x180 C:/devkitPro/libogc/lib/wii\libbte.a(bte.o)
                0x800135b8                l2cap_disconnected_ind
 .text.bte_process_input
                0x80013738      0x13c C:/devkitPro/libogc/lib/wii\libbte.a(bte.o)
 .text.l2cap_accepted
                0x80013874      0x110 C:/devkitPro/libogc/lib/wii\libbte.a(bte.o)
                0x80013874                l2cap_accepted
 .text.acl_wlp_completed
                0x80013984        0x8 C:/devkitPro/libogc/lib/wii\libbte.a(bte.o)
                0x80013984                acl_wlp_completed
 .text.l2cap_disconnect_cfm
                0x8001398c      0x180 C:/devkitPro/libogc/lib/wii\libbte.a(bte.o)
                0x8001398c                l2cap_disconnect_cfm
 .text.__bte_shutdown_finished
                0x80013b0c       0xd8 C:/devkitPro/libogc/lib/wii\libbte.a(bte.o)
 .text.bte_hci_apply_patch_complete
                0x80013be4      0x154 C:/devkitPro/libogc/lib/wii\libbte.a(bte.o)
                0x80013be4                bte_hci_apply_patch_complete
 .text.bte_hci_initsub_complete
                0x80013d38      0x234 C:/devkitPro/libogc/lib/wii\libbte.a(bte.o)
                0x80013d38                bte_hci_initsub_complete
 .text.bte_hci_initcore_complete
                0x80013f6c      0x1f0 C:/devkitPro/libogc/lib/wii\libbte.a(bte.o)
                0x80013f6c                bte_hci_initcore_complete
 .text.bte_read_stored_link_key_complete
                0x8001415c      0x278 C:/devkitPro/libogc/lib/wii\libbte.a(bte.o)
                0x8001415c                bte_read_stored_link_key_complete
 .text.bte_hci_initcore_complete2
                0x800143d4      0x1e8 C:/devkitPro/libogc/lib/wii\libbte.a(bte.o)
                0x800143d4                bte_hci_initcore_complete2
 .text.bte_hci_patch_complete
                0x800145bc      0x2e0 C:/devkitPro/libogc/lib/wii\libbte.a(bte.o)
                0x800145bc                bte_hci_patch_complete
 .text.BTE_Init
                0x8001489c      0x138 C:/devkitPro/libogc/lib/wii\libbte.a(bte.o)
                0x8001489c                BTE_Init
 .text.BTE_Shutdown
                0x800149d4      0x11c C:/devkitPro/libogc/lib/wii\libbte.a(bte.o)
                0x800149d4                BTE_Shutdown
 .text.BTE_InitCore
                0x80014af0       0x94 C:/devkitPro/libogc/lib/wii\libbte.a(bte.o)
                0x80014af0                BTE_InitCore
 .text.BTE_ApplyPatch
                0x80014b84       0xb8 C:/devkitPro/libogc/lib/wii\libbte.a(bte.o)
                0x80014b84                BTE_ApplyPatch
 .text.BTE_InitSub
                0x80014c3c       0x98 C:/devkitPro/libogc/lib/wii\libbte.a(bte.o)
                0x80014c3c                BTE_InitSub
 .text.BTE_ReadStoredLinkKey
                0x80014cd4       0x98 C:/devkitPro/libogc/lib/wii\libbte.a(bte.o)
                0x80014cd4                BTE_ReadStoredLinkKey
 .text.BTE_SetDisconnectCallback
                0x80014d6c        0x4 C:/devkitPro/libogc/lib/wii\libbte.a(bte.o)
                0x80014d6c                BTE_SetDisconnectCallback
 .text.bte_new  0x80014d70       0x54 C:/devkitPro/libogc/lib/wii\libbte.a(bte.o)
                0x80014d70                bte_new
 .text.bte_registerdeviceasync
                0x80014dc4      0x154 C:/devkitPro/libogc/lib/wii\libbte.a(bte.o)
                0x80014dc4                bte_registerdeviceasync
 .text.bte_disconnect
                0x80014f18       0xd8 C:/devkitPro/libogc/lib/wii\libbte.a(bte.o)
                0x80014f18                bte_disconnect
 .text.bte_senddata
                0x80014ff0       0xdc C:/devkitPro/libogc/lib/wii\libbte.a(bte.o)
                0x80014ff0                bte_senddata
 .text.bte_arg  0x800150cc       0x3c C:/devkitPro/libogc/lib/wii\libbte.a(bte.o)
                0x800150cc                bte_arg
 .text.bte_received
                0x80015108       0x3c C:/devkitPro/libogc/lib/wii\libbte.a(bte.o)
                0x80015108                bte_received
 .text.bte_disconnected
                0x80015144       0x3c C:/devkitPro/libogc/lib/wii\libbte.a(bte.o)
                0x80015144                bte_disconnected
 .text.hci_init
                0x80015180       0x7c C:/devkitPro/libogc/lib/wii\libbte.a(hci.o)
                0x80015180                hci_init
 .text.hci_new  0x800151fc       0x48 C:/devkitPro/libogc/lib/wii\libbte.a(hci.o)
                0x800151fc                hci_new
 .text.hci_get_link
                0x80015244       0x84 C:/devkitPro/libogc/lib/wii\libbte.a(hci.o)
                0x80015244                hci_get_link
 .text.hci_close
                0x800152c8       0xd8 C:/devkitPro/libogc/lib/wii\libbte.a(hci.o)
                0x800152c8                hci_close
 .text.hci_reset_all
                0x800153a0       0xbc C:/devkitPro/libogc/lib/wii\libbte.a(hci.o)
                0x800153a0                hci_reset_all
 .text.hci_arg  0x8001545c        0xc C:/devkitPro/libogc/lib/wii\libbte.a(hci.o)
                0x8001545c                hci_arg
 .text.hci_cmd_complete
                0x80015468        0xc C:/devkitPro/libogc/lib/wii\libbte.a(hci.o)
                0x80015468                hci_cmd_complete
 .text.hci_connection_complete
                0x80015474        0xc C:/devkitPro/libogc/lib/wii\libbte.a(hci.o)
                0x80015474                hci_connection_complete
 .text.hci_wlp_complete
                0x80015480        0xc C:/devkitPro/libogc/lib/wii\libbte.a(hci.o)
                0x80015480                hci_wlp_complete
 .text.hci_reset
                0x8001548c       0xa8 C:/devkitPro/libogc/lib/wii\libbte.a(hci.o)
                0x8001548c                hci_reset
 .text.hci_read_buffer_size
                0x80015534       0xa8 C:/devkitPro/libogc/lib/wii\libbte.a(hci.o)
                0x80015534                hci_read_buffer_size
 .text.hci_read_bd_addr
                0x800155dc       0xa8 C:/devkitPro/libogc/lib/wii\libbte.a(hci.o)
                0x800155dc                hci_read_bd_addr
 .text.hci_read_local_version
                0x80015684       0xa4 C:/devkitPro/libogc/lib/wii\libbte.a(hci.o)
                0x80015684                hci_read_local_version
 .text.hci_read_local_features
                0x80015728       0xa8 C:/devkitPro/libogc/lib/wii\libbte.a(hci.o)
                0x80015728                hci_read_local_features
 .text.hci_read_stored_link_key
                0x800157d0       0xfc C:/devkitPro/libogc/lib/wii\libbte.a(hci.o)
                0x800157d0                hci_read_stored_link_key
 .text.hci_write_page_timeout
                0x800158cc       0xcc C:/devkitPro/libogc/lib/wii\libbte.a(hci.o)
                0x800158cc                hci_write_page_timeout
 .text.hci_write_scan_enable
                0x80015998       0xb8 C:/devkitPro/libogc/lib/wii\libbte.a(hci.o)
                0x80015998                hci_write_scan_enable
 .text.hci_accecpt_conn_request
                0x80015a50       0xdc C:/devkitPro/libogc/lib/wii\libbte.a(hci.o)
                0x80015a50                hci_accecpt_conn_request
 .text.hci_write_local_name
                0x80015b2c       0xd4 C:/devkitPro/libogc/lib/wii\libbte.a(hci.o)
                0x80015b2c                hci_write_local_name
 .text.hci_write_pin_type
                0x80015c00       0xb8 C:/devkitPro/libogc/lib/wii\libbte.a(hci.o)
                0x80015c00                hci_write_pin_type
 .text.hci_write_inquiry_mode
                0x80015cb8       0xb8 C:/devkitPro/libogc/lib/wii\libbte.a(hci.o)
                0x80015cb8                hci_write_inquiry_mode
 .text.hci_write_page_scan_type
                0x80015d70       0xb8 C:/devkitPro/libogc/lib/wii\libbte.a(hci.o)
                0x80015d70                hci_write_page_scan_type
 .text.hci_write_inquiry_scan_type
                0x80015e28       0xb8 C:/devkitPro/libogc/lib/wii\libbte.a(hci.o)
                0x80015e28                hci_write_inquiry_scan_type
 .text.hci_vendor_specific_command
                0x80015ee0       0xe4 C:/devkitPro/libogc/lib/wii\libbte.a(hci.o)
                0x80015ee0                hci_vendor_specific_command
 .text.hci_write_link_policy_settings
                0x80015fc4       0xfc C:/devkitPro/libogc/lib/wii\libbte.a(hci.o)
                0x80015fc4                hci_write_link_policy_settings
 .text.hci_pin_code_request_neg_reply
                0x800160c0       0xc8 C:/devkitPro/libogc/lib/wii\libbte.a(hci.o)
                0x800160c0                hci_pin_code_request_neg_reply
 .text.hci_link_key_req_neg_reply
                0x80016188       0xc8 C:/devkitPro/libogc/lib/wii\libbte.a(hci.o)
                0x80016188                hci_link_key_req_neg_reply
 .text.hci_disconnect
                0x80016250       0xf4 C:/devkitPro/libogc/lib/wii\libbte.a(hci.o)
                0x80016250                hci_disconnect
 .text.hci_write_cod
                0x80016344       0xc8 C:/devkitPro/libogc/lib/wii\libbte.a(hci.o)
                0x80016344                hci_write_cod
 .text.hci_host_buffer_size
                0x8001640c      0x108 C:/devkitPro/libogc/lib/wii\libbte.a(hci.o)
                0x8001640c                hci_host_buffer_size
 .text.hci_host_num_comp_packets
                0x80016514      0x104 C:/devkitPro/libogc/lib/wii\libbte.a(hci.o)
                0x80016514                hci_host_num_comp_packets
 .text.lp_pdu_maxsize
                0x80016618        0xc C:/devkitPro/libogc/lib/wii\libbte.a(hci.o)
                0x80016618                lp_pdu_maxsize
 .text.lp_acl_write
                0x80016624      0x16c C:/devkitPro/libogc/lib/wii\libbte.a(hci.o)
                0x80016624                lp_acl_write
 .text.lp_write_flush_timeout
                0x80016790       0xfc C:/devkitPro/libogc/lib/wii\libbte.a(hci.o)
                0x80016790                lp_write_flush_timeout
 .text.hci_event_handler
                0x8001688c      0xb7c C:/devkitPro/libogc/lib/wii\libbte.a(hci.o)
                0x8001688c                hci_event_handler
 .text.hci_acldata_handler
                0x80017408      0x120 C:/devkitPro/libogc/lib/wii\libbte.a(hci.o)
                0x80017408                hci_acldata_handler
 .text.l2cap_init
                0x80017528       0x60 C:/devkitPro/libogc/lib/wii\libbte.a(l2cap.o)
                0x80017528                l2cap_init
 .text.l2cap_write
                0x80017588      0x158 C:/devkitPro/libogc/lib/wii\libbte.a(l2cap.o)
                0x80017588                l2cap_write
 .text.l2cap_new
                0x800176e0       0x74 C:/devkitPro/libogc/lib/wii\libbte.a(l2cap.o)
                0x800176e0                l2cap_new
 .text.l2cap_close
                0x80017754      0x1b4 C:/devkitPro/libogc/lib/wii\libbte.a(l2cap.o)
                0x80017754                l2cap_close
 .text.l2cap_reset_all
                0x80017908      0x17c C:/devkitPro/libogc/lib/wii\libbte.a(l2cap.o)
                0x80017908                l2cap_reset_all
 .text.l2cap_signal
                0x80017a84      0x21c C:/devkitPro/libogc/lib/wii\libbte.a(l2cap.o)
                0x80017a84                l2cap_signal
 .text.l2ca_config_req
                0x80017ca0      0x138 C:/devkitPro/libogc/lib/wii\libbte.a(l2cap.o)
                0x80017ca0                l2ca_config_req
 .text.l2ca_disconnect_req
                0x80017dd8       0xc4 C:/devkitPro/libogc/lib/wii\libbte.a(l2cap.o)
                0x80017dd8                l2ca_disconnect_req
 .text.l2cap_tmr
                0x80017e9c      0x288 C:/devkitPro/libogc/lib/wii\libbte.a(l2cap.o)
                0x80017e9c                l2cap_tmr
 .text.l2cap_process_sig
                0x80018124     0x1270 C:/devkitPro/libogc/lib/wii\libbte.a(l2cap.o)
                0x80018124                l2cap_process_sig
 .text.l2cap_input
                0x80019394      0x564 C:/devkitPro/libogc/lib/wii\libbte.a(l2cap.o)
                0x80019394                l2cap_input
 .text.l2ca_datawrite
                0x800198f8      0x128 C:/devkitPro/libogc/lib/wii\libbte.a(l2cap.o)
                0x800198f8                l2ca_datawrite
 .text.lp_connect_cfm
                0x80019a20      0x148 C:/devkitPro/libogc/lib/wii\libbte.a(l2cap.o)
                0x80019a20                lp_connect_cfm
 .text.lp_connect_ind
                0x80019b68        0x4 C:/devkitPro/libogc/lib/wii\libbte.a(l2cap.o)
                0x80019b68                lp_connect_ind
 .text.lp_disconnect_ind
                0x80019b6c      0x134 C:/devkitPro/libogc/lib/wii\libbte.a(l2cap.o)
                0x80019b6c                lp_disconnect_ind
 .text.l2cap_disconnect_bb
                0x80019ca0       0x10 C:/devkitPro/libogc/lib/wii\libbte.a(l2cap.o)
                0x80019ca0                l2cap_disconnect_bb
 .text.l2cap_arg
                0x80019cb0        0x8 C:/devkitPro/libogc/lib/wii\libbte.a(l2cap.o)
                0x80019cb0                l2cap_arg
 .text.l2cap_connect_ind
                0x80019cb8      0x104 C:/devkitPro/libogc/lib/wii\libbte.a(l2cap.o)
                0x80019cb8                l2cap_connect_ind
 .text.l2cap_disconnect_ind
                0x80019dbc        0x8 C:/devkitPro/libogc/lib/wii\libbte.a(l2cap.o)
                0x80019dbc                l2cap_disconnect_ind
 .text.l2cap_recv
                0x80019dc4        0x8 C:/devkitPro/libogc/lib/wii\libbte.a(l2cap.o)
                0x80019dc4                l2cap_recv
 .text.btmemb_init
                0x80019dcc       0x24 C:/devkitPro/libogc/lib/wii\libbte.a(btmemb.o)
                0x80019dcc                btmemb_init
 .text.btmemb_alloc
                0x80019df0       0xb0 C:/devkitPro/libogc/lib/wii\libbte.a(btmemb.o)
                0x80019df0                btmemb_alloc
 .text.btmemb_free
                0x80019ea0       0xb0 C:/devkitPro/libogc/lib/wii\libbte.a(btmemb.o)
                0x80019ea0                btmemb_free
 .text.plug_holes
                0x80019f50       0xa4 C:/devkitPro/libogc/lib/wii\libbte.a(btmemr.o)
 .text.btmemr_free.part.0
                0x80019ff4       0x7c C:/devkitPro/libogc/lib/wii\libbte.a(btmemr.o)
 .text.btmemr_init
                0x8001a070       0xa4 C:/devkitPro/libogc/lib/wii\libbte.a(btmemr.o)
                0x8001a070                btmemr_init
 .text.btmemr_malloc
                0x8001a114      0x190 C:/devkitPro/libogc/lib/wii\libbte.a(btmemr.o)
                0x8001a114                btmemr_malloc
 .text.btmemr_free
                0x8001a2a4       0x28 C:/devkitPro/libogc/lib/wii\libbte.a(btmemr.o)
                0x8001a2a4                btmemr_free
 .text.btmemr_realloc
                0x8001a2cc      0x11c C:/devkitPro/libogc/lib/wii\libbte.a(btmemr.o)
                0x8001a2cc                btmemr_realloc
 .text.btpbuf_init
                0x8001a3e8       0x28 C:/devkitPro/libogc/lib/wii\libbte.a(btpbuf.o)
                0x8001a3e8                btpbuf_init
 .text.btpbuf_free
                0x8001a410      0x15c C:/devkitPro/libogc/lib/wii\libbte.a(btpbuf.o)
                0x8001a410                btpbuf_free
 .text.btpbuf_alloc
                0x8001a56c      0x234 C:/devkitPro/libogc/lib/wii\libbte.a(btpbuf.o)
                0x8001a56c                btpbuf_alloc
 .text.btpbuf_realloc
                0x8001a7a0       0xc4 C:/devkitPro/libogc/lib/wii\libbte.a(btpbuf.o)
                0x8001a7a0                btpbuf_realloc
 .text.btpbuf_header
                0x8001a864       0x94 C:/devkitPro/libogc/lib/wii\libbte.a(btpbuf.o)
                0x8001a864                btpbuf_header
 .text.btpbuf_ref
                0x8001a8f8       0x4c C:/devkitPro/libogc/lib/wii\libbte.a(btpbuf.o)
                0x8001a8f8                btpbuf_ref
 .text.btpbuf_chain
                0x8001a944       0xac C:/devkitPro/libogc/lib/wii\libbte.a(btpbuf.o)
                0x8001a944                btpbuf_chain
 .text.btpbuf_dechain
                0x8001a9f0       0x84 C:/devkitPro/libogc/lib/wii\libbte.a(btpbuf.o)
                0x8001a9f0                btpbuf_dechain
 .text.btpbuf_take
                0x8001aa74      0x110 C:/devkitPro/libogc/lib/wii\libbte.a(btpbuf.o)
                0x8001aa74                btpbuf_take
 .text.__usb_closeCB
                0x8001ab84       0x10 C:/devkitPro/libogc/lib/wii\libbte.a(physbusif.o)
 .text.__writebulkmsgCB
                0x8001ab94       0x3c C:/devkitPro/libogc/lib/wii\libbte.a(physbusif.o)
 .text.__writectrlmsgCB
                0x8001abd0       0x3c C:/devkitPro/libogc/lib/wii\libbte.a(physbusif.o)
 .text.__issue_intrread.part.0
                0x8001ac0c       0x80 C:/devkitPro/libogc/lib/wii\libbte.a(physbusif.o)
 .text.__readintrdataCB
                0x8001ac8c      0x13c C:/devkitPro/libogc/lib/wii\libbte.a(physbusif.o)
 .text.__issue_bulkread.part.2
                0x8001adc8       0x80 C:/devkitPro/libogc/lib/wii\libbte.a(physbusif.o)
 .text.__readbulkdataCB
                0x8001ae48      0x13c C:/devkitPro/libogc/lib/wii\libbte.a(physbusif.o)
 .text.physbusif_init
                0x8001af84      0x200 C:/devkitPro/libogc/lib/wii\libbte.a(physbusif.o)
                0x8001af84                physbusif_init
 .text.physbusif_close
                0x8001b184       0x20 C:/devkitPro/libogc/lib/wii\libbte.a(physbusif.o)
                0x8001b184                physbusif_close
 .text.physbusif_shutdown
                0x8001b1a4       0x24 C:/devkitPro/libogc/lib/wii\libbte.a(physbusif.o)
                0x8001b1a4                physbusif_shutdown
 .text.physbusif_reset_all
                0x8001b1c8        0x4 C:/devkitPro/libogc/lib/wii\libbte.a(physbusif.o)
                0x8001b1c8                physbusif_reset_all
 .text.physbusif_output
                0x8001b1cc      0x1a8 C:/devkitPro/libogc/lib/wii\libbte.a(physbusif.o)
                0x8001b1cc                physbusif_output
 .text.__console_clear_line
                0x8001b374       0x84 C:/devkitPro/libogc/lib/wii\libogc.a(console.o)
 .text.__console_clear
                0x8001b3f8       0x54 C:/devkitPro/libogc/lib/wii\libogc.a(console.o)
 .text.__console_write
                0x8001b44c      0x714 C:/devkitPro/libogc/lib/wii\libogc.a(console.o)
                0x8001b44c                __console_write
 .text.__console_init
                0x8001bb60      0x10c C:/devkitPro/libogc/lib/wii\libogc.a(console.o)
                0x8001bb60                __console_init
 .text.CON_Init
                0x8001bc6c        0x4 C:/devkitPro/libogc/lib/wii\libogc.a(console.o)
                0x8001bc6c                CON_Init
 .text.CON_EnableGecko
                0x8001bc70       0xe8 C:/devkitPro/libogc/lib/wii\libogc.a(console.o)
                0x8001bc70                CON_EnableGecko
 .text.__lwp_queue_initialize
                0x8001bd58       0x94 C:/devkitPro/libogc/lib/wii\libogc.a(lwp_queue.o)
                0x8001bd58                __lwp_queue_initialize
 .text.__lwp_queue_get
                0x8001bdec       0x64 C:/devkitPro/libogc/lib/wii\libogc.a(lwp_queue.o)
                0x8001bdec                __lwp_queue_get
 .text.__lwp_queue_append
                0x8001be50       0x50 C:/devkitPro/libogc/lib/wii\libogc.a(lwp_queue.o)
                0x8001be50                __lwp_queue_append
 .text.__lwp_isr_in_progress
                0x8001bea0        0x8 C:/devkitPro/libogc/lib/wii\libogc.a(lwp_threads.o)
                0x8001bea0                __lwp_isr_in_progress
 .text.__thread_dispatch_fp
                0x8001bea8       0x90 C:/devkitPro/libogc/lib/wii\libogc.a(lwp_threads.o)
                0x8001bea8                __thread_dispatch_fp
 .text.__thread_dispatch
                0x8001bf38      0x11c C:/devkitPro/libogc/lib/wii\libogc.a(lwp_threads.o)
                0x8001bf38                __thread_dispatch
 .text.__lwp_thread_resettimeslice
                0x8001c054       0xf0 C:/devkitPro/libogc/lib/wii\libogc.a(lwp_threads.o)
                0x8001c054                __lwp_thread_resettimeslice
 .text.__lwp_thread_tickle_timeslice
                0x8001c144       0xcc C:/devkitPro/libogc/lib/wii\libogc.a(lwp_threads.o)
                0x8001c144                __lwp_thread_tickle_timeslice
 .text.__lwp_thread_setstate
                0x8001c210      0x158 C:/devkitPro/libogc/lib/wii\libogc.a(lwp_threads.o)
                0x8001c210                __lwp_thread_setstate
 .text.__lwp_thread_clearstate
                0x8001c368       0xf0 C:/devkitPro/libogc/lib/wii\libogc.a(lwp_threads.o)
                0x8001c368                __lwp_thread_clearstate
 .text.__lwp_thread_delayended
                0x8001c458       0x48 C:/devkitPro/libogc/lib/wii\libogc.a(lwp_threads.o)
                0x8001c458                __lwp_thread_delayended
 .text.__lwp_thread_settransient
                0x8001c4a0       0xbc C:/devkitPro/libogc/lib/wii\libogc.a(lwp_threads.o)
                0x8001c4a0                __lwp_thread_settransient
 .text.__lwp_thread_changepriority
                0x8001c55c      0x1fc C:/devkitPro/libogc/lib/wii\libogc.a(lwp_threads.o)
                0x8001c55c                __lwp_thread_changepriority
 .text.__lwp_thread_ready
                0x8001c758       0xf8 C:/devkitPro/libogc/lib/wii\libogc.a(lwp_threads.o)
                0x8001c758                __lwp_thread_ready
 .text.__lwp_thread_init
                0x8001c850      0x16c C:/devkitPro/libogc/lib/wii\libogc.a(lwp_threads.o)
                0x8001c850                __lwp_thread_init
 .text.__lwp_thread_close
                0x8001c9bc      0x138 C:/devkitPro/libogc/lib/wii\libogc.a(lwp_threads.o)
                0x8001c9bc                __lwp_thread_close
 .text.__lwp_thread_closeall